Starting a Gradle Daemon (subsequent builds will be faster)
> Task :app:checkKotlinGradlePluginConfigurationErrors SKIPPED
> Task :app:preBuild UP-TO-DATE
> Task :app:preFullDebugBuild UP-TO-DATE
> Task :app:generateFullDebugBuildConfig UP-TO-DATE
> Task :app:checkFullDebugAarMetadata UP-TO-DATE
> Task :app:processFullDebugNavigationResources UP-TO-DATE
> Task :app:compileFullDebugNavigationResources UP-TO-DATE
> Task :app:generateFullDebugResValues UP-TO-DATE
> Task :app:mapFullDebugSourceSetPaths UP-TO-DATE
> Task :app:generateFullDebugResources UP-TO-DATE
> Task :app:mergeFullDebugResources UP-TO-DATE
> Task :app:packageFullDebugResources UP-TO-DATE
> Task :app:parseFullDebugLocalResources UP-TO-DATE
> Task :app:createFullDebugCompatibleScreenManifests UP-TO-DATE
> Task :app:extractDeepLinksFullDebug UP-TO-DATE
> Task :app:processFullDebugMainManifest UP-TO-DATE
> Task :app:processFullDebugManifest UP-TO-DATE
> Task :app:processFullDebugManifestForPackage UP-TO-DATE
> Task :app:processFullDebugResources UP-TO-DATE
> Task :app:kspFullDebugKotlin UP-TO-DATE
> Task :app:compileFullDebugKotlin
w: file:///app/app/build/generated/ksp/fullDebug/kotlin/com/nuvio/tv/data/remote/dto/MetaDtoJsonAdapter.kt:272:40 Redundant call of conversion method.
w: file:///app/app/build/generated/ksp/fullDebug/kotlin/com/nuvio/tv/data/remote/dto/MetaDtoJsonAdapter.kt:307:22 Redundant call of conversion method.
w: file:///app/app/src/full/java/com/nuvio/tv/core/plugin/PluginManager.kt:928:41 Unnecessary safe call on a non-null receiver of type 'ResponseBody'.
w: file:///app/app/src/full/java/com/nuvio/tv/core/plugin/PluginManager.kt:981:38 Unnecessary safe call on a non-null receiver of type 'ResponseBody'.
w: file:///app/app/src/full/java/com/nuvio/tv/core/plugin/PluginRuntime.kt:466:60 Unnecessary safe call on a non-null receiver of type 'ResponseBody'.
w: file:///app/app/src/full/java/com/nuvio/tv/core/plugin/PluginRuntime.kt:469:55 Unnecessary safe call on a non-null receiver of type 'ResponseBody'.
w: file:///app/app/src/full/java/com/nuvio/tv/core/plugin/cloudstream/ExternalExtensionLoader.kt:171:5 This annotation is currently applied to the value parameter only, but in the future it will also be applied to field.
- To opt in to applying to both value parameter and field, add '-Xannotation-default-target=param-property' to your compiler arguments.
- To keep applying to the value parameter only, use the '@param:' annotation target.

See https://youtrack.jetbrains.com/issue/KT-73255 for more details.
w: file:///app/app/src/full/java/com/nuvio/tv/core/plugin/cloudstream/ExternalExtensionLoader.kt:231:42 Unnecessary safe call on a non-null receiver of type 'ResponseBody'.
w: file:///app/app/src/full/java/com/nuvio/tv/core/plugin/cloudstream/ExternalExtensionLoader.kt:284:45 'fun entries(): Enumeration<String!>!' is deprecated. Deprecated in Java.
w: file:///app/app/src/full/java/com/nuvio/tv/core/plugin/cloudstream/ExternalExtensionLoader.kt:285:28 'fun close(): Unit' is deprecated. Deprecated in Java.
w: file:///app/app/src/full/java/com/nuvio/tv/core/plugin/cloudstream/ExternalExtensionLoader.kt:341:49 'fun entries(): Enumeration<String!>!' is deprecated. Deprecated in Java.
w: file:///app/app/src/full/java/com/nuvio/tv/core/plugin/cloudstream/ExternalExtensionLoader.kt:342:32 'fun close(): Unit' is deprecated. Deprecated in Java.
w: file:///app/app/src/full/java/com/nuvio/tv/core/plugin/cloudstream/ExternalExtensionLoader.kt:457:41 'fun entries(): Enumeration<String!>!' is deprecated. Deprecated in Java.
w: file:///app/app/src/full/java/com/nuvio/tv/core/plugin/cloudstream/ExternalExtensionLoader.kt:458:28 'fun close(): Unit' is deprecated. Deprecated in Java.
w: file:///app/app/src/full/java/com/nuvio/tv/core/plugin/cloudstream/ExternalExtensionLoader.kt:531:73 No cast needed.
w: file:///app/app/src/full/java/com/nuvio/tv/core/plugin/cloudstream/ExternalExtensionLoader.kt:620:45 'fun entries(): Enumeration<String!>!' is deprecated. Deprecated in Java.
w: file:///app/app/src/full/java/com/nuvio/tv/core/plugin/cloudstream/ExternalExtensionLoader.kt:621:28 'fun close(): Unit' is deprecated. Deprecated in Java.
w: file:///app/app/src/full/java/com/nuvio/tv/core/plugin/cloudstream/ExternalExtensionLoader.kt:711:50 Java type mismatch: inferred type is 'Nothing?', but 'String' was expected.
w: file:///app/app/src/full/java/com/nuvio/tv/core/plugin/cloudstream/ExternalExtensionLoader.kt:723:31 'fun entries(): Enumeration<String!>!' is deprecated. Deprecated in Java.
w: file:///app/app/src/full/java/com/nuvio/tv/core/plugin/cloudstream/ExternalExtensionLoader.kt:733:33 'fun close(): Unit' is deprecated. Deprecated in Java.
w: file:///app/app/src/full/java/com/nuvio/tv/core/plugin/cloudstream/ExternalExtensionLoader.kt:738:33 'fun close(): Unit' is deprecated. Deprecated in Java.
w: file:///app/app/src/full/java/com/nuvio/tv/core/plugin/cloudstream/ExternalExtensionLoader.kt:750:17 'fun close(): Unit' is deprecated. Deprecated in Java.
w: file:///app/app/src/full/java/com/nuvio/tv/core/plugin/cloudstream/ExternalExtensionRunner.kt:244:61 Unnecessary safe call on a non-null receiver of type 'ResponseBody'.
w: file:///app/app/src/full/java/com/nuvio/tv/core/plugin/cloudstream/ExternalRepoParser.kt:125:30 Unnecessary safe call on a non-null receiver of type 'ResponseBody'.
w: file:///app/app/src/full/java/com/nuvio/tv/updater/ApkDownloader.kt:33:42 Elvis operator (?:) always returns the left operand of non-nullable type 'ResponseBody'.
w: file:///app/app/src/full/java/com/nuvio/tv/updater/UpdatePreferences.kt:20:5 This annotation is currently applied to the value parameter only, but in the future it will also be applied to field.
- To opt in to applying to both value parameter and field, add '-Xannotation-default-target=param-property' to your compiler arguments.
- To keep applying to the value parameter only, use the '@param:' annotation target.

See https://youtrack.jetbrains.com/issue/KT-73255 for more details.
w: file:///app/app/src/full/java/com/nuvio/tv/updater/UpdateViewModel.kt:36:5 This annotation is currently applied to the value parameter only, but in the future it will also be applied to field.
- To opt in to applying to both value parameter and field, add '-Xannotation-default-target=param-property' to your compiler arguments.
- To keep applying to the value parameter only, use the '@param:' annotation target.

See https://youtrack.jetbrains.com/issue/KT-73255 for more details.
w: file:///app/app/src/full/java/com/nuvio/tv/updater/ui/UpdatePromptDialog.kt:121:26 'val LocalLifecycleOwner: ProvidableCompositionLocal<LifecycleOwner>' is deprecated. Moved to lifecycle-runtime-compose library in androidx.lifecycle.compose package.
w: file:///app/app/src/main/java/com/nuvio/tv/ModernSidebarBlurPanel.kt:88:18 'fun Modifier.hazeChild(state: HazeState, shape: Shape = ..., tint: Color = ..., blurRadius: Dp = ..., noiseFactor: Float = ...): Modifier' is deprecated. Deprecated. Replaced with new HazeStyle object.
w: file:///app/app/src/main/java/com/nuvio/tv/core/auth/AuthManager.kt:330:53 Unnecessary safe call on a non-null receiver of type 'ResponseBody'.
w: file:///app/app/src/main/java/com/nuvio/tv/core/profile/ProfileManager.kt:24:5 This annotation is currently applied to the value parameter only, but in the future it will also be applied to field.
- To opt in to applying to both value parameter and field, add '-Xannotation-default-target=param-property' to your compiler arguments.
- To keep applying to the value parameter only, use the '@param:' annotation target.

See https://youtrack.jetbrains.com/issue/KT-73255 for more details.
w: file:///app/app/src/main/java/com/nuvio/tv/core/server/DeviceIpAddress.kt:14:34 'val connectionInfo: WifiInfo!' is deprecated. Deprecated in Java.
w: file:///app/app/src/main/java/com/nuvio/tv/core/server/DeviceIpAddress.kt:14:49 'val ipAddress: Int' is deprecated. Deprecated in Java.
w: file:///app/app/src/main/java/com/nuvio/tv/core/sync/ProfileSettingsSyncService.kt:253:18 This declaration needs opt-in. Its usage should be marked with '@kotlinx.coroutines.ExperimentalCoroutinesApi' or '@OptIn(kotlinx.coroutines.ExperimentalCoroutinesApi::class)'
w: file:///app/app/src/main/java/com/nuvio/tv/core/sync/ProfileSettingsSyncService.kt:266:18 This declaration is in a preview state and can be changed in a backwards-incompatible manner with a best-effort migration. Its usage should be marked with '@kotlinx.coroutines.FlowPreview' or '@OptIn(kotlinx.coroutines.FlowPreview::class)' if you accept the drawback of relying on preview API
w: file:///app/app/src/main/java/com/nuvio/tv/core/torrent/TorrServerApi.kt:69:52 Unnecessary safe call on a non-null receiver of type 'ResponseBody'.
w: file:///app/app/src/main/java/com/nuvio/tv/core/torrent/TorrServerApi.kt:94:52 Unnecessary safe call on a non-null receiver of type 'ResponseBody'.
w: file:///app/app/src/main/java/com/nuvio/tv/core/torrent/TorrServerBinary.kt:23:5 This annotation is currently applied to the value parameter only, but in the future it will also be applied to field.
- To opt in to applying to both value parameter and field, add '-Xannotation-default-target=param-property' to your compiler arguments.
- To keep applying to the value parameter only, use the '@param:' annotation target.

See https://youtrack.jetbrains.com/issue/KT-73255 for more details.
w: file:///app/app/src/main/java/com/nuvio/tv/core/torrent/TorrentSettings.kt:27:5 This annotation is currently applied to the value parameter only, but in the future it will also be applied to field.
- To opt in to applying to both value parameter and field, add '-Xannotation-default-target=param-property' to your compiler arguments.
- To keep applying to the value parameter only, use the '@param:' annotation target.

See https://youtrack.jetbrains.com/issue/KT-73255 for more details.
w: file:///app/app/src/main/java/com/nuvio/tv/data/local/AnimeSkipSettingsDataStore.kt:27:65 This declaration needs opt-in. Its usage should be marked with '@kotlinx.coroutines.ExperimentalCoroutinesApi' or '@OptIn(kotlinx.coroutines.ExperimentalCoroutinesApi::class)'
w: file:///app/app/src/main/java/com/nuvio/tv/data/local/AnimeSkipSettingsDataStore.kt:31:65 This declaration needs opt-in. Its usage should be marked with '@kotlinx.coroutines.ExperimentalCoroutinesApi' or '@OptIn(kotlinx.coroutines.ExperimentalCoroutinesApi::class)'
w: file:///app/app/src/main/java/com/nuvio/tv/data/local/AppOnboardingDataStore.kt:19:5 This annotation is currently applied to the value parameter only, but in the future it will also be applied to field.
- To opt in to applying to both value parameter and field, add '-Xannotation-default-target=param-property' to your compiler arguments.
- To keep applying to the value parameter only, use the '@param:' annotation target.

See https://youtrack.jetbrains.com/issue/KT-73255 for more details.
w: file:///app/app/src/main/java/com/nuvio/tv/data/local/AuthSessionNoticeDataStore.kt:26:5 This annotation is currently applied to the value parameter only, but in the future it will also be applied to field.
- To opt in to applying to both value parameter and field, add '-Xannotation-default-target=param-property' to your compiler arguments.
- To keep applying to the value parameter only, use the '@param:' annotation target.

See https://youtrack.jetbrains.com/issue/KT-73255 for more details.
w: file:///app/app/src/main/java/com/nuvio/tv/data/local/CollectionsDataStore.kt:51:40 This declaration needs opt-in. Its usage should be marked with '@kotlinx.coroutines.ExperimentalCoroutinesApi' or '@OptIn(kotlinx.coroutines.ExperimentalCoroutinesApi::class)'
w: file:///app/app/src/main/java/com/nuvio/tv/data/local/ContinueWatchingEnrichmentCache.kt:71:5 This annotation is currently applied to the value parameter only, but in the future it will also be applied to field.
- To opt in to applying to both value parameter and field, add '-Xannotation-default-target=param-property' to your compiler arguments.
- To keep applying to the value parameter only, use the '@param:' annotation target.

See https://youtrack.jetbrains.com/issue/KT-73255 for more details.
w: file:///app/app/src/main/java/com/nuvio/tv/data/local/DebugSettingsDataStore.kt:19:5 This annotation is currently applied to the value parameter only, but in the future it will also be applied to field.
- To opt in to applying to both value parameter and field, add '-Xannotation-default-target=param-property' to your compiler arguments.
- To keep applying to the value parameter only, use the '@param:' annotation target.

See https://youtrack.jetbrains.com/issue/KT-73255 for more details.
w: file:///app/app/src/main/java/com/nuvio/tv/data/local/DeviceLocalPlayerPreferences.kt:26:5 This annotation is currently applied to the value parameter only, but in the future it will also be applied to field.
- To opt in to applying to both value parameter and field, add '-Xannotation-default-target=param-property' to your compiler arguments.
- To keep applying to the value parameter only, use the '@param:' annotation target.

See https://youtrack.jetbrains.com/issue/KT-73255 for more details.
w: file:///app/app/src/main/java/com/nuvio/tv/data/local/LayoutPreferenceDataStore.kt:85:40 This declaration needs opt-in. Its usage should be marked with '@kotlinx.coroutines.ExperimentalCoroutinesApi' or '@OptIn(kotlinx.coroutines.ExperimentalCoroutinesApi::class)'
w: file:///app/app/src/main/java/com/nuvio/tv/data/local/LibraryPreferences.kt:34:68 This declaration needs opt-in. Its usage should be marked with '@kotlinx.coroutines.ExperimentalCoroutinesApi' or '@OptIn(kotlinx.coroutines.ExperimentalCoroutinesApi::class)'
w: file:///app/app/src/main/java/com/nuvio/tv/data/local/LibraryPreferences.kt:46:85 This declaration needs opt-in. Its usage should be marked with '@kotlinx.coroutines.ExperimentalCoroutinesApi' or '@OptIn(kotlinx.coroutines.ExperimentalCoroutinesApi::class)'
w: file:///app/app/src/main/java/com/nuvio/tv/data/local/MDBListSettingsDataStore.kt:36:74 This declaration needs opt-in. Its usage should be marked with '@kotlinx.coroutines.ExperimentalCoroutinesApi' or '@OptIn(kotlinx.coroutines.ExperimentalCoroutinesApi::class)'
w: file:///app/app/src/main/java/com/nuvio/tv/data/local/PlayerSettingsDataStore.kt:429:79 This declaration needs opt-in. Its usage should be marked with '@kotlinx.coroutines.ExperimentalCoroutinesApi' or '@OptIn(kotlinx.coroutines.ExperimentalCoroutinesApi::class)'
w: file:///app/app/src/main/java/com/nuvio/tv/data/local/PlayerSettingsDataStore.kt:537:67 This declaration needs opt-in. Its usage should be marked with '@kotlinx.coroutines.ExperimentalCoroutinesApi' or '@OptIn(kotlinx.coroutines.ExperimentalCoroutinesApi::class)'
w: file:///app/app/src/main/java/com/nuvio/tv/data/local/PlayerSettingsDataStore.kt:546:83 This declaration needs opt-in. Its usage should be marked with '@kotlinx.coroutines.ExperimentalCoroutinesApi' or '@OptIn(kotlinx.coroutines.ExperimentalCoroutinesApi::class)'
w: file:///app/app/src/main/java/com/nuvio/tv/data/local/PluginDataStore.kt:27:5 This annotation is currently applied to the value parameter only, but in the future it will also be applied to field.
- To opt in to applying to both value parameter and field, add '-Xannotation-default-target=param-property' to your compiler arguments.
- To keep applying to the value parameter only, use the '@param:' annotation target.

See https://youtrack.jetbrains.com/issue/KT-73255 for more details.
w: file:///app/app/src/main/java/com/nuvio/tv/data/local/PluginDataStore.kt:221:39 No cast needed.
w: file:///app/app/src/main/java/com/nuvio/tv/data/local/ProfileDataStore.kt:24:5 This annotation is currently applied to the value parameter only, but in the future it will also be applied to field.
- To opt in to applying to both value parameter and field, add '-Xannotation-default-target=param-property' to your compiler arguments.
- To keep applying to the value parameter only, use the '@param:' annotation target.

See https://youtrack.jetbrains.com/issue/KT-73255 for more details.
w: file:///app/app/src/main/java/com/nuvio/tv/data/local/ProfileDataStoreFactory.kt:28:5 This annotation is currently applied to the value parameter only, but in the future it will also be applied to field.
- To opt in to applying to both value parameter and field, add '-Xannotation-default-target=param-property' to your compiler arguments.
- To keep applying to the value parameter only, use the '@param:' annotation target.

See https://youtrack.jetbrains.com/issue/KT-73255 for more details.
w: file:///app/app/src/main/java/com/nuvio/tv/data/local/ProfileLockStateDataStore.kt:19:5 This annotation is currently applied to the value parameter only, but in the future it will also be applied to field.
- To opt in to applying to both value parameter and field, add '-Xannotation-default-target=param-property' to your compiler arguments.
- To keep applying to the value parameter only, use the '@param:' annotation target.

See https://youtrack.jetbrains.com/issue/KT-73255 for more details.
w: file:///app/app/src/main/java/com/nuvio/tv/data/local/SearchHistoryDataStore.kt:31:77 This declaration needs opt-in. Its usage should be marked with '@kotlinx.coroutines.ExperimentalCoroutinesApi' or '@OptIn(kotlinx.coroutines.ExperimentalCoroutinesApi::class)'
w: file:///app/app/src/main/java/com/nuvio/tv/data/local/ThemeDataStore.kt:32:72 This declaration needs opt-in. Its usage should be marked with '@kotlinx.coroutines.ExperimentalCoroutinesApi' or '@OptIn(kotlinx.coroutines.ExperimentalCoroutinesApi::class)'
w: file:///app/app/src/main/java/com/nuvio/tv/data/local/ThemeDataStore.kt:43:70 This declaration needs opt-in. Its usage should be marked with '@kotlinx.coroutines.ExperimentalCoroutinesApi' or '@OptIn(kotlinx.coroutines.ExperimentalCoroutinesApi::class)'
w: file:///app/app/src/main/java/com/nuvio/tv/data/local/ThemeDataStore.kt:54:68 This declaration needs opt-in. Its usage should be marked with '@kotlinx.coroutines.ExperimentalCoroutinesApi' or '@OptIn(kotlinx.coroutines.ExperimentalCoroutinesApi::class)'
w: file:///app/app/src/main/java/com/nuvio/tv/data/local/ThemeDataStore.kt:60:76 This declaration needs opt-in. Its usage should be marked with '@kotlinx.coroutines.ExperimentalCoroutinesApi' or '@OptIn(kotlinx.coroutines.ExperimentalCoroutinesApi::class)'
w: file:///app/app/src/main/java/com/nuvio/tv/data/local/TmdbSettingsDataStore.kt:42:71 This declaration needs opt-in. Its usage should be marked with '@kotlinx.coroutines.ExperimentalCoroutinesApi' or '@OptIn(kotlinx.coroutines.ExperimentalCoroutinesApi::class)'
w: file:///app/app/src/main/java/com/nuvio/tv/data/local/TrailerSettingsDataStore.kt:28:74 This declaration needs opt-in. Its usage should be marked with '@kotlinx.coroutines.ExperimentalCoroutinesApi' or '@OptIn(kotlinx.coroutines.ExperimentalCoroutinesApi::class)'
w: file:///app/app/src/main/java/com/nuvio/tv/data/local/WatchProgressPreferences.kt:40:81 This declaration needs opt-in. Its usage should be marked with '@kotlinx.coroutines.ExperimentalCoroutinesApi' or '@OptIn(kotlinx.coroutines.ExperimentalCoroutinesApi::class)'
w: file:///app/app/src/main/java/com/nuvio/tv/data/local/WatchProgressPreferences.kt:64:84 This declaration needs opt-in. Its usage should be marked with '@kotlinx.coroutines.ExperimentalCoroutinesApi' or '@OptIn(kotlinx.coroutines.ExperimentalCoroutinesApi::class)'
w: file:///app/app/src/main/java/com/nuvio/tv/data/local/WatchedItemsPreferences.kt:32:85 This declaration needs opt-in. Its usage should be marked with '@kotlinx.coroutines.ExperimentalCoroutinesApi' or '@OptIn(kotlinx.coroutines.ExperimentalCoroutinesApi::class)'
w: file:///app/app/src/main/java/com/nuvio/tv/data/remote/api/ParentalGuideApi.kt:26:5 This annotation is currently applied to the value parameter only, but in the future it will also be applied to property.
- To opt in to applying to both value parameter and property, add '-Xannotation-default-target=param-property' to your compiler arguments.
- To keep applying to the value parameter only, use the '@param:' annotation target.

See https://youtrack.jetbrains.com/issue/KT-73255 for more details.
w: file:///app/app/src/main/java/com/nuvio/tv/data/remote/api/ParentalGuideApi.kt:27:5 This annotation is currently applied to the value parameter only, but in the future it will also be applied to property.
- To opt in to applying to both value parameter and property, add '-Xannotation-default-target=param-property' to your compiler arguments.
- To keep applying to the value parameter only, use the '@param:' annotation target.

See https://youtrack.jetbrains.com/issue/KT-73255 for more details.
w: file:///app/app/src/main/java/com/nuvio/tv/data/remote/api/ParentalGuideApi.kt:28:5 This annotation is currently applied to the value parameter only, but in the future it will also be applied to property.
- To opt in to applying to both value parameter and property, add '-Xannotation-default-target=param-property' to your compiler arguments.
- To keep applying to the value parameter only, use the '@param:' annotation target.

See https://youtrack.jetbrains.com/issue/KT-73255 for more details.
w: file:///app/app/src/main/java/com/nuvio/tv/data/remote/api/ParentalGuideApi.kt:29:5 This annotation is currently applied to the value parameter only, but in the future it will also be applied to property.
- To opt in to applying to both value parameter and property, add '-Xannotation-default-target=param-property' to your compiler arguments.
- To keep applying to the value parameter only, use the '@param:' annotation target.

See https://youtrack.jetbrains.com/issue/KT-73255 for more details.
w: file:///app/app/src/main/java/com/nuvio/tv/data/remote/api/ParentalGuideApi.kt:30:5 This annotation is currently applied to the value parameter only, but in the future it will also be applied to property.
- To opt in to applying to both value parameter and property, add '-Xannotation-default-target=param-property' to your compiler arguments.
- To keep applying to the value parameter only, use the '@param:' annotation target.

See https://youtrack.jetbrains.com/issue/KT-73255 for more details.
w: file:///app/app/src/main/java/com/nuvio/tv/data/remote/api/ParentalGuideApi.kt:31:5 This annotation is currently applied to the value parameter only, but in the future it will also be applied to property.
- To opt in to applying to both value parameter and property, add '-Xannotation-default-target=param-property' to your compiler arguments.
- To keep applying to the value parameter only, use the '@param:' annotation target.

See https://youtrack.jetbrains.com/issue/KT-73255 for more details.
w: file:///app/app/src/main/java/com/nuvio/tv/data/remote/api/ParentalGuideApi.kt:32:5 This annotation is currently applied to the value parameter only, but in the future it will also be applied to property.
- To opt in to applying to both value parameter and property, add '-Xannotation-default-target=param-property' to your compiler arguments.
- To keep applying to the value parameter only, use the '@param:' annotation target.

See https://youtrack.jetbrains.com/issue/KT-73255 for more details.
w: file:///app/app/src/main/java/com/nuvio/tv/data/remote/api/ParentalGuideApi.kt:37:5 This annotation is currently applied to the value parameter only, but in the future it will also be applied to property.
- To opt in to applying to both value parameter and property, add '-Xannotation-default-target=param-property' to your compiler arguments.
- To keep applying to the value parameter only, use the '@param:' annotation target.

See https://youtrack.jetbrains.com/issue/KT-73255 for more details.
w: file:///app/app/src/main/java/com/nuvio/tv/data/remote/api/ParentalGuideApi.kt:38:5 This annotation is currently applied to the value parameter only, but in the future it will also be applied to property.
- To opt in to applying to both value parameter and property, add '-Xannotation-default-target=param-property' to your compiler arguments.
- To keep applying to the value parameter only, use the '@param:' annotation target.

See https://youtrack.jetbrains.com/issue/KT-73255 for more details.
w: file:///app/app/src/main/java/com/nuvio/tv/data/remote/api/ParentalGuideApi.kt:39:5 This annotation is currently applied to the value parameter only, but in the future it will also be applied to property.
- To opt in to applying to both value parameter and property, add '-Xannotation-default-target=param-property' to your compiler arguments.
- To keep applying to the value parameter only, use the '@param:' annotation target.

See https://youtrack.jetbrains.com/issue/KT-73255 for more details.
w: file:///app/app/src/main/java/com/nuvio/tv/data/remote/api/ParentalGuideApi.kt:40:5 This annotation is currently applied to the value parameter only, but in the future it will also be applied to property.
- To opt in to applying to both value parameter and property, add '-Xannotation-default-target=param-property' to your compiler arguments.
- To keep applying to the value parameter only, use the '@param:' annotation target.

See https://youtrack.jetbrains.com/issue/KT-73255 for more details.
w: file:///app/app/src/main/java/com/nuvio/tv/data/remote/api/ParentalGuideApi.kt:41:5 This annotation is currently applied to the value parameter only, but in the future it will also be applied to property.
- To opt in to applying to both value parameter and property, add '-Xannotation-default-target=param-property' to your compiler arguments.
- To keep applying to the value parameter only, use the '@param:' annotation target.

See https://youtrack.jetbrains.com/issue/KT-73255 for more details.
w: file:///app/app/src/main/java/com/nuvio/tv/data/remote/api/SkipIntroApi.kt:26:5 This annotation is currently applied to the value parameter only, but in the future it will also be applied to property.
- To opt in to applying to both value parameter and property, add '-Xannotation-default-target=param-property' to your compiler arguments.
- To keep applying to the value parameter only, use the '@param:' annotation target.

See https://youtrack.jetbrains.com/issue/KT-73255 for more details.
w: file:///app/app/src/main/java/com/nuvio/tv/data/remote/api/SkipIntroApi.kt:27:5 This annotation is currently applied to the value parameter only, but in the future it will also be applied to property.
- To opt in to applying to both value parameter and property, add '-Xannotation-default-target=param-property' to your compiler arguments.
- To keep applying to the value parameter only, use the '@param:' annotation target.

See https://youtrack.jetbrains.com/issue/KT-73255 for more details.
w: file:///app/app/src/main/java/com/nuvio/tv/data/remote/api/SkipIntroApi.kt:28:5 This annotation is currently applied to the value parameter only, but in the future it will also be applied to property.
- To opt in to applying to both value parameter and property, add '-Xannotation-default-target=param-property' to your compiler arguments.
- To keep applying to the value parameter only, use the '@param:' annotation target.

See https://youtrack.jetbrains.com/issue/KT-73255 for more details.
w: file:///app/app/src/main/java/com/nuvio/tv/data/remote/api/SkipIntroApi.kt:29:5 This annotation is currently applied to the value parameter only, but in the future it will also be applied to property.
- To opt in to applying to both value parameter and property, add '-Xannotation-default-target=param-property' to your compiler arguments.
- To keep applying to the value parameter only, use the '@param:' annotation target.

See https://youtrack.jetbrains.com/issue/KT-73255 for more details.
w: file:///app/app/src/main/java/com/nuvio/tv/data/remote/api/SkipIntroApi.kt:30:5 This annotation is currently applied to the value parameter only, but in the future it will also be applied to property.
- To opt in to applying to both value parameter and property, add '-Xannotation-default-target=param-property' to your compiler arguments.
- To keep applying to the value parameter only, use the '@param:' annotation target.

See https://youtrack.jetbrains.com/issue/KT-73255 for more details.
w: file:///app/app/src/main/java/com/nuvio/tv/data/remote/api/SkipIntroApi.kt:31:5 This annotation is currently applied to the value parameter only, but in the future it will also be applied to property.
- To opt in to applying to both value parameter and property, add '-Xannotation-default-target=param-property' to your compiler arguments.
- To keep applying to the value parameter only, use the '@param:' annotation target.

See https://youtrack.jetbrains.com/issue/KT-73255 for more details.
w: file:///app/app/src/main/java/com/nuvio/tv/data/remote/api/SkipIntroApi.kt:36:5 This annotation is currently applied to the value parameter only, but in the future it will also be applied to property.
- To opt in to applying to both value parameter and property, add '-Xannotation-default-target=param-property' to your compiler arguments.
- To keep applying to the value parameter only, use the '@param:' annotation target.

See https://youtrack.jetbrains.com/issue/KT-73255 for more details.
w: file:///app/app/src/main/java/com/nuvio/tv/data/remote/api/SkipIntroApi.kt:37:5 This annotation is currently applied to the value parameter only, but in the future it will also be applied to property.
- To opt in to applying to both value parameter and property, add '-Xannotation-default-target=param-property' to your compiler arguments.
- To keep applying to the value parameter only, use the '@param:' annotation target.

See https://youtrack.jetbrains.com/issue/KT-73255 for more details.
w: file:///app/app/src/main/java/com/nuvio/tv/data/remote/api/SkipIntroApi.kt:38:5 This annotation is currently applied to the value parameter only, but in the future it will also be applied to property.
- To opt in to applying to both value parameter and property, add '-Xannotation-default-target=param-property' to your compiler arguments.
- To keep applying to the value parameter only, use the '@param:' annotation target.

See https://youtrack.jetbrains.com/issue/KT-73255 for more details.
w: file:///app/app/src/main/java/com/nuvio/tv/data/remote/api/SkipIntroApi.kt:39:5 This annotation is currently applied to the value parameter only, but in the future it will also be applied to property.
- To opt in to applying to both value parameter and property, add '-Xannotation-default-target=param-property' to your compiler arguments.
- To keep applying to the value parameter only, use the '@param:' annotation target.

See https://youtrack.jetbrains.com/issue/KT-73255 for more details.
w: file:///app/app/src/main/java/com/nuvio/tv/data/remote/api/SkipIntroApi.kt:40:5 This annotation is currently applied to the value parameter only, but in the future it will also be applied to property.
- To opt in to applying to both value parameter and property, add '-Xannotation-default-target=param-property' to your compiler arguments.
- To keep applying to the value parameter only, use the '@param:' annotation target.

See https://youtrack.jetbrains.com/issue/KT-73255 for more details.
w: file:///app/app/src/main/java/com/nuvio/tv/data/remote/api/SkipIntroApi.kt:41:5 This annotation is currently applied to the value parameter only, but in the future it will also be applied to property.
- To opt in to applying to both value parameter and property, add '-Xannotation-default-target=param-property' to your compiler arguments.
- To keep applying to the value parameter only, use the '@param:' annotation target.

See https://youtrack.jetbrains.com/issue/KT-73255 for more details.
w: file:///app/app/src/main/java/com/nuvio/tv/data/remote/api/SkipIntroApi.kt:42:5 This annotation is currently applied to the value parameter only, but in the future it will also be applied to property.
- To opt in to applying to both value parameter and property, add '-Xannotation-default-target=param-property' to your compiler arguments.
- To keep applying to the value parameter only, use the '@param:' annotation target.

See https://youtrack.jetbrains.com/issue/KT-73255 for more details.
w: file:///app/app/src/main/java/com/nuvio/tv/data/remote/api/SkipIntroApi.kt:59:5 This annotation is currently applied to the value parameter only, but in the future it will also be applied to property.
- To opt in to applying to both value parameter and property, add '-Xannotation-default-target=param-property' to your compiler arguments.
- To keep applying to the value parameter only, use the '@param:' annotation target.

See https://youtrack.jetbrains.com/issue/KT-73255 for more details.
w: file:///app/app/src/main/java/com/nuvio/tv/data/remote/api/SkipIntroApi.kt:60:5 This annotation is currently applied to the value parameter only, but in the future it will also be applied to property.
- To opt in to applying to both value parameter and property, add '-Xannotation-default-target=param-property' to your compiler arguments.
- To keep applying to the value parameter only, use the '@param:' annotation target.

See https://youtrack.jetbrains.com/issue/KT-73255 for more details.
w: file:///app/app/src/main/java/com/nuvio/tv/data/remote/api/SkipIntroApi.kt:65:5 This annotation is currently applied to the value parameter only, but in the future it will also be applied to property.
- To opt in to applying to both value parameter and property, add '-Xannotation-default-target=param-property' to your compiler arguments.
- To keep applying to the value parameter only, use the '@param:' annotation target.

See https://youtrack.jetbrains.com/issue/KT-73255 for more details.
w: file:///app/app/src/main/java/com/nuvio/tv/data/remote/api/SkipIntroApi.kt:66:5 This annotation is currently applied to the value parameter only, but in the future it will also be applied to property.
- To opt in to applying to both value parameter and property, add '-Xannotation-default-target=param-property' to your compiler arguments.
- To keep applying to the value parameter only, use the '@param:' annotation target.

See https://youtrack.jetbrains.com/issue/KT-73255 for more details.
w: file:///app/app/src/main/java/com/nuvio/tv/data/remote/api/SkipIntroApi.kt:67:5 This annotation is currently applied to the value parameter only, but in the future it will also be applied to property.
- To opt in to applying to both value parameter and property, add '-Xannotation-default-target=param-property' to your compiler arguments.
- To keep applying to the value parameter only, use the '@param:' annotation target.

See https://youtrack.jetbrains.com/issue/KT-73255 for more details.
w: file:///app/app/src/main/java/com/nuvio/tv/data/remote/api/SkipIntroApi.kt:72:5 This annotation is currently applied to the value parameter only, but in the future it will also be applied to property.
- To opt in to applying to both value parameter and property, add '-Xannotation-default-target=param-property' to your compiler arguments.
- To keep applying to the value parameter only, use the '@param:' annotation target.

See https://youtrack.jetbrains.com/issue/KT-73255 for more details.
w: file:///app/app/src/main/java/com/nuvio/tv/data/remote/api/SkipIntroApi.kt:73:5 This annotation is currently applied to the value parameter only, but in the future it will also be applied to property.
- To opt in to applying to both value parameter and property, add '-Xannotation-default-target=param-property' to your compiler arguments.
- To keep applying to the value parameter only, use the '@param:' annotation target.

See https://youtrack.jetbrains.com/issue/KT-73255 for more details.
w: file:///app/app/src/main/java/com/nuvio/tv/data/remote/api/SkipIntroApi.kt:129:5 This annotation is currently applied to the value parameter only, but in the future it will also be applied to property.
- To opt in to applying to both value parameter and property, add '-Xannotation-default-target=param-property' to your compiler arguments.
- To keep applying to the value parameter only, use the '@param:' annotation target.

See https://youtrack.jetbrains.com/issue/KT-73255 for more details.
w: file:///app/app/src/main/java/com/nuvio/tv/data/remote/api/SkipIntroApi.kt:130:5 This annotation is currently applied to the value parameter only, but in the future it will also be applied to property.
- To opt in to applying to both value parameter and property, add '-Xannotation-default-target=param-property' to your compiler arguments.
- To keep applying to the value parameter only, use the '@param:' annotation target.

See https://youtrack.jetbrains.com/issue/KT-73255 for more details.
w: file:///app/app/src/main/java/com/nuvio/tv/data/remote/api/SkipIntroApi.kt:131:5 This annotation is currently applied to the value parameter only, but in the future it will also be applied to property.
- To opt in to applying to both value parameter and property, add '-Xannotation-default-target=param-property' to your compiler arguments.
- To keep applying to the value parameter only, use the '@param:' annotation target.

See https://youtrack.jetbrains.com/issue/KT-73255 for more details.
w: file:///app/app/src/main/java/com/nuvio/tv/data/remote/api/SkipIntroApi.kt:132:5 This annotation is currently applied to the value parameter only, but in the future it will also be applied to property.
- To opt in to applying to both value parameter and property, add '-Xannotation-default-target=param-property' to your compiler arguments.
- To keep applying to the value parameter only, use the '@param:' annotation target.

See https://youtrack.jetbrains.com/issue/KT-73255 for more details.
w: file:///app/app/src/main/java/com/nuvio/tv/data/remote/api/SkipIntroApi.kt:147:5 This annotation is currently applied to the value parameter only, but in the future it will also be applied to property.
- To opt in to applying to both value parameter and property, add '-Xannotation-default-target=param-property' to your compiler arguments.
- To keep applying to the value parameter only, use the '@param:' annotation target.

See https://youtrack.jetbrains.com/issue/KT-73255 for more details.
w: file:///app/app/src/main/java/com/nuvio/tv/data/remote/api/SkipIntroApi.kt:148:5 This annotation is currently applied to the value parameter only, but in the future it will also be applied to property.
- To opt in to applying to both value parameter and property, add '-Xannotation-default-target=param-property' to your compiler arguments.
- To keep applying to the value parameter only, use the '@param:' annotation target.

See https://youtrack.jetbrains.com/issue/KT-73255 for more details.
w: file:///app/app/src/main/java/com/nuvio/tv/data/remote/api/SkipIntroApi.kt:153:5 This annotation is currently applied to the value parameter only, but in the future it will also be applied to property.
- To opt in to applying to both value parameter and property, add '-Xannotation-default-target=param-property' to your compiler arguments.
- To keep applying to the value parameter only, use the '@param:' annotation target.

See https://youtrack.jetbrains.com/issue/KT-73255 for more details.
w: file:///app/app/src/main/java/com/nuvio/tv/data/remote/api/SkipIntroApi.kt:158:5 This annotation is currently applied to the value parameter only, but in the future it will also be applied to property.
- To opt in to applying to both value parameter and property, add '-Xannotation-default-target=param-property' to your compiler arguments.
- To keep applying to the value parameter only, use the '@param:' annotation target.

See https://youtrack.jetbrains.com/issue/KT-73255 for more details.
w: file:///app/app/src/main/java/com/nuvio/tv/data/remote/api/SkipIntroApi.kt:159:5 This annotation is currently applied to the value parameter only, but in the future it will also be applied to property.
- To opt in to applying to both value parameter and property, add '-Xannotation-default-target=param-property' to your compiler arguments.
- To keep applying to the value parameter only, use the '@param:' annotation target.

See https://youtrack.jetbrains.com/issue/KT-73255 for more details.
w: file:///app/app/src/main/java/com/nuvio/tv/data/remote/api/SkipIntroApi.kt:164:5 This annotation is currently applied to the value parameter only, but in the future it will also be applied to property.
- To opt in to applying to both value parameter and property, add '-Xannotation-default-target=param-property' to your compiler arguments.
- To keep applying to the value parameter only, use the '@param:' annotation target.

See https://youtrack.jetbrains.com/issue/KT-73255 for more details.
w: file:///app/app/src/main/java/com/nuvio/tv/data/remote/api/SkipIntroApi.kt:169:5 This annotation is currently applied to the value parameter only, but in the future it will also be applied to property.
- To opt in to applying to both value parameter and property, add '-Xannotation-default-target=param-property' to your compiler arguments.
- To keep applying to the value parameter only, use the '@param:' annotation target.

See https://youtrack.jetbrains.com/issue/KT-73255 for more details.
w: file:///app/app/src/main/java/com/nuvio/tv/data/remote/api/SkipIntroApi.kt:170:5 This annotation is currently applied to the value parameter only, but in the future it will also be applied to property.
- To opt in to applying to both value parameter and property, add '-Xannotation-default-target=param-property' to your compiler arguments.
- To keep applying to the value parameter only, use the '@param:' annotation target.

See https://youtrack.jetbrains.com/issue/KT-73255 for more details.
w: file:///app/app/src/main/java/com/nuvio/tv/data/remote/api/SkipIntroApi.kt:171:5 This annotation is currently applied to the value parameter only, but in the future it will also be applied to property.
- To opt in to applying to both value parameter and property, add '-Xannotation-default-target=param-property' to your compiler arguments.
- To keep applying to the value parameter only, use the '@param:' annotation target.

See https://youtrack.jetbrains.com/issue/KT-73255 for more details.
w: file:///app/app/src/main/java/com/nuvio/tv/data/remote/api/SkipIntroApi.kt:176:5 This annotation is currently applied to the value parameter only, but in the future it will also be applied to property.
- To opt in to applying to both value parameter and property, add '-Xannotation-default-target=param-property' to your compiler arguments.
- To keep applying to the value parameter only, use the '@param:' annotation target.

See https://youtrack.jetbrains.com/issue/KT-73255 for more details.
w: file:///app/app/src/main/java/com/nuvio/tv/data/remote/api/SkipIntroApi.kt:177:5 This annotation is currently applied to the value parameter only, but in the future it will also be applied to property.
- To opt in to applying to both value parameter and property, add '-Xannotation-default-target=param-property' to your compiler arguments.
- To keep applying to the value parameter only, use the '@param:' annotation target.

See https://youtrack.jetbrains.com/issue/KT-73255 for more details.
w: file:///app/app/src/main/java/com/nuvio/tv/data/remote/api/SkipIntroApi.kt:182:5 This annotation is currently applied to the value parameter only, but in the future it will also be applied to property.
- To opt in to applying to both value parameter and property, add '-Xannotation-default-target=param-property' to your compiler arguments.
- To keep applying to the value parameter only, use the '@param:' annotation target.

See https://youtrack.jetbrains.com/issue/KT-73255 for more details.
w: file:///app/app/src/main/java/com/nuvio/tv/data/remote/api/TmdbApi.kt:254:5 This annotation is currently applied to the value parameter only, but in the future it will also be applied to property.
- To opt in to applying to both value parameter and property, add '-Xannotation-default-target=param-property' to your compiler arguments.
- To keep applying to the value parameter only, use the '@param:' annotation target.

See https://youtrack.jetbrains.com/issue/KT-73255 for more details.
w: file:///app/app/src/main/java/com/nuvio/tv/data/remote/api/TmdbApi.kt:255:5 This annotation is currently applied to the value parameter only, but in the future it will also be applied to property.
- To opt in to applying to both value parameter and property, add '-Xannotation-default-target=param-property' to your compiler arguments.
- To keep applying to the value parameter only, use the '@param:' annotation target.

See https://youtrack.jetbrains.com/issue/KT-73255 for more details.
w: file:///app/app/src/main/java/com/nuvio/tv/data/remote/api/TmdbApi.kt:260:5 This annotation is currently applied to the value parameter only, but in the future it will also be applied to property.
- To opt in to applying to both value parameter and property, add '-Xannotation-default-target=param-property' to your compiler arguments.
- To keep applying to the value parameter only, use the '@param:' annotation target.

See https://youtrack.jetbrains.com/issue/KT-73255 for more details.
w: file:///app/app/src/main/java/com/nuvio/tv/data/remote/api/TmdbApi.kt:261:5 This annotation is currently applied to the value parameter only, but in the future it will also be applied to property.
- To opt in to applying to both value parameter and property, add '-Xannotation-default-target=param-property' to your compiler arguments.
- To keep applying to the value parameter only, use the '@param:' annotation target.

See https://youtrack.jetbrains.com/issue/KT-73255 for more details.
w: file:///app/app/src/main/java/com/nuvio/tv/data/remote/api/TmdbApi.kt:262:5 This annotation is currently applied to the value parameter only, but in the future it will also be applied to property.
- To opt in to applying to both value parameter and property, add '-Xannotation-default-target=param-property' to your compiler arguments.
- To keep applying to the value parameter only, use the '@param:' annotation target.

See https://youtrack.jetbrains.com/issue/KT-73255 for more details.
w: file:///app/app/src/main/java/com/nuvio/tv/data/remote/api/TmdbApi.kt:267:5 This annotation is currently applied to the value parameter only, but in the future it will also be applied to property.
- To opt in to applying to both value parameter and property, add '-Xannotation-default-target=param-property' to your compiler arguments.
- To keep applying to the value parameter only, use the '@param:' annotation target.

See https://youtrack.jetbrains.com/issue/KT-73255 for more details.
w: file:///app/app/src/main/java/com/nuvio/tv/data/remote/api/TmdbApi.kt:268:5 This annotation is currently applied to the value parameter only, but in the future it will also be applied to property.
- To opt in to applying to both value parameter and property, add '-Xannotation-default-target=param-property' to your compiler arguments.
- To keep applying to the value parameter only, use the '@param:' annotation target.

See https://youtrack.jetbrains.com/issue/KT-73255 for more details.
w: file:///app/app/src/main/java/com/nuvio/tv/data/remote/api/TmdbApi.kt:269:5 This annotation is currently applied to the value parameter only, but in the future it will also be applied to property.
- To opt in to applying to both value parameter and property, add '-Xannotation-default-target=param-property' to your compiler arguments.
- To keep applying to the value parameter only, use the '@param:' annotation target.

See https://youtrack.jetbrains.com/issue/KT-73255 for more details.
w: file:///app/app/src/main/java/com/nuvio/tv/data/remote/api/TmdbApi.kt:270:5 This annotation is currently applied to the value parameter only, but in the future it will also be applied to property.
- To opt in to applying to both value parameter and property, add '-Xannotation-default-target=param-property' to your compiler arguments.
- To keep applying to the value parameter only, use the '@param:' annotation target.

See https://youtrack.jetbrains.com/issue/KT-73255 for more details.
w: file:///app/app/src/main/java/com/nuvio/tv/data/remote/api/TmdbApi.kt:275:5 This annotation is currently applied to the value parameter only, but in the future it will also be applied to property.
- To opt in to applying to both value parameter and property, add '-Xannotation-default-target=param-property' to your compiler arguments.
- To keep applying to the value parameter only, use the '@param:' annotation target.

See https://youtrack.jetbrains.com/issue/KT-73255 for more details.
w: file:///app/app/src/main/java/com/nuvio/tv/data/remote/api/TmdbApi.kt:276:5 This annotation is currently applied to the value parameter only, but in the future it will also be applied to property.
- To opt in to applying to both value parameter and property, add '-Xannotation-default-target=param-property' to your compiler arguments.
- To keep applying to the value parameter only, use the '@param:' annotation target.

See https://youtrack.jetbrains.com/issue/KT-73255 for more details.
w: file:///app/app/src/main/java/com/nuvio/tv/data/remote/api/TmdbApi.kt:277:5 This annotation is currently applied to the value parameter only, but in the future it will also be applied to property.
- To opt in to applying to both value parameter and property, add '-Xannotation-default-target=param-property' to your compiler arguments.
- To keep applying to the value parameter only, use the '@param:' annotation target.

See https://youtrack.jetbrains.com/issue/KT-73255 for more details.
w: file:///app/app/src/main/java/com/nuvio/tv/data/remote/api/TmdbApi.kt:278:5 This annotation is currently applied to the value parameter only, but in the future it will also be applied to property.
- To opt in to applying to both value parameter and property, add '-Xannotation-default-target=param-property' to your compiler arguments.
- To keep applying to the value parameter only, use the '@param:' annotation target.

See https://youtrack.jetbrains.com/issue/KT-73255 for more details.
w: file:///app/app/src/main/java/com/nuvio/tv/data/remote/api/TmdbApi.kt:283:5 This annotation is currently applied to the value parameter only, but in the future it will also be applied to property.
- To opt in to applying to both value parameter and property, add '-Xannotation-default-target=param-property' to your compiler arguments.
- To keep applying to the value parameter only, use the '@param:' annotation target.

See https://youtrack.jetbrains.com/issue/KT-73255 for more details.
w: file:///app/app/src/main/java/com/nuvio/tv/data/remote/api/TmdbApi.kt:284:5 This annotation is currently applied to the value parameter only, but in the future it will also be applied to property.
- To opt in to applying to both value parameter and property, add '-Xannotation-default-target=param-property' to your compiler arguments.
- To keep applying to the value parameter only, use the '@param:' annotation target.

See https://youtrack.jetbrains.com/issue/KT-73255 for more details.
w: file:///app/app/src/main/java/com/nuvio/tv/data/remote/api/TmdbApi.kt:285:5 This annotation is currently applied to the value parameter only, but in the future it will also be applied to property.
- To opt in to applying to both value parameter and property, add '-Xannotation-default-target=param-property' to your compiler arguments.
- To keep applying to the value parameter only, use the '@param:' annotation target.

See https://youtrack.jetbrains.com/issue/KT-73255 for more details.
w: file:///app/app/src/main/java/com/nuvio/tv/data/remote/api/TmdbApi.kt:290:5 This annotation is currently applied to the value parameter only, but in the future it will also be applied to property.
- To opt in to applying to both value parameter and property, add '-Xannotation-default-target=param-property' to your compiler arguments.
- To keep applying to the value parameter only, use the '@param:' annotation target.

See https://youtrack.jetbrains.com/issue/KT-73255 for more details.
w: file:///app/app/src/main/java/com/nuvio/tv/data/remote/api/TmdbApi.kt:291:5 This annotation is currently applied to the value parameter only, but in the future it will also be applied to property.
- To opt in to applying to both value parameter and property, add '-Xannotation-default-target=param-property' to your compiler arguments.
- To keep applying to the value parameter only, use the '@param:' annotation target.

See https://youtrack.jetbrains.com/issue/KT-73255 for more details.
w: file:///app/app/src/main/java/com/nuvio/tv/data/remote/api/TmdbApi.kt:296:5 This annotation is currently applied to the value parameter only, but in the future it will also be applied to property.
- To opt in to applying to both value parameter and property, add '-Xannotation-default-target=param-property' to your compiler arguments.
- To keep applying to the value parameter only, use the '@param:' annotation target.

See https://youtrack.jetbrains.com/issue/KT-73255 for more details.
w: file:///app/app/src/main/java/com/nuvio/tv/data/remote/api/TmdbApi.kt:297:5 This annotation is currently applied to the value parameter only, but in the future it will also be applied to property.
- To opt in to applying to both value parameter and property, add '-Xannotation-default-target=param-property' to your compiler arguments.
- To keep applying to the value parameter only, use the '@param:' annotation target.

See https://youtrack.jetbrains.com/issue/KT-73255 for more details.
w: file:///app/app/src/main/java/com/nuvio/tv/data/remote/api/TmdbApi.kt:298:5 This annotation is currently applied to the value parameter only, but in the future it will also be applied to property.
- To opt in to applying to both value parameter and property, add '-Xannotation-default-target=param-property' to your compiler arguments.
- To keep applying to the value parameter only, use the '@param:' annotation target.

See https://youtrack.jetbrains.com/issue/KT-73255 for more details.
w: file:///app/app/src/main/java/com/nuvio/tv/data/remote/api/TmdbApi.kt:299:5 This annotation is currently applied to the value parameter only, but in the future it will also be applied to property.
- To opt in to applying to both value parameter and property, add '-Xannotation-default-target=param-property' to your compiler arguments.
- To keep applying to the value parameter only, use the '@param:' annotation target.

See https://youtrack.jetbrains.com/issue/KT-73255 for more details.
w: file:///app/app/src/main/java/com/nuvio/tv/data/remote/api/TmdbApi.kt:300:5 This annotation is currently applied to the value parameter only, but in the future it will also be applied to property.
- To opt in to applying to both value parameter and property, add '-Xannotation-default-target=param-property' to your compiler arguments.
- To keep applying to the value parameter only, use the '@param:' annotation target.

See https://youtrack.jetbrains.com/issue/KT-73255 for more details.
w: file:///app/app/src/main/java/com/nuvio/tv/data/remote/api/TmdbApi.kt:301:5 This annotation is currently applied to the value parameter only, but in the future it will also be applied to property.
- To opt in to applying to both value parameter and property, add '-Xannotation-default-target=param-property' to your compiler arguments.
- To keep applying to the value parameter only, use the '@param:' annotation target.

See https://youtrack.jetbrains.com/issue/KT-73255 for more details.
w: file:///app/app/src/main/java/com/nuvio/tv/data/remote/api/TmdbApi.kt:302:5 This annotation is currently applied to the value parameter only, but in the future it will also be applied to property.
- To opt in to applying to both value parameter and property, add '-Xannotation-default-target=param-property' to your compiler arguments.
- To keep applying to the value parameter only, use the '@param:' annotation target.

See https://youtrack.jetbrains.com/issue/KT-73255 for more details.
w: file:///app/app/src/main/java/com/nuvio/tv/data/remote/api/TmdbApi.kt:303:5 This annotation is currently applied to the value parameter only, but in the future it will also be applied to property.
- To opt in to applying to both value parameter and property, add '-Xannotation-default-target=param-property' to your compiler arguments.
- To keep applying to the value parameter only, use the '@param:' annotation target.

See https://youtrack.jetbrains.com/issue/KT-73255 for more details.
w: file:///app/app/src/main/java/com/nuvio/tv/data/remote/api/TmdbApi.kt:304:5 This annotation is currently applied to the value parameter only, but in the future it will also be applied to property.
- To opt in to applying to both value parameter and property, add '-Xannotation-default-target=param-property' to your compiler arguments.
- To keep applying to the value parameter only, use the '@param:' annotation target.

See https://youtrack.jetbrains.com/issue/KT-73255 for more details.
w: file:///app/app/src/main/java/com/nuvio/tv/data/remote/api/TmdbApi.kt:305:5 This annotation is currently applied to the value parameter only, but in the future it will also be applied to property.
- To opt in to applying to both value parameter and property, add '-Xannotation-default-target=param-property' to your compiler arguments.
- To keep applying to the value parameter only, use the '@param:' annotation target.

See https://youtrack.jetbrains.com/issue/KT-73255 for more details.
w: file:///app/app/src/main/java/com/nuvio/tv/data/remote/api/TmdbApi.kt:310:5 This annotation is currently applied to the value parameter only, but in the future it will also be applied to property.
- To opt in to applying to both value parameter and property, add '-Xannotation-default-target=param-property' to your compiler arguments.
- To keep applying to the value parameter only, use the '@param:' annotation target.

See https://youtrack.jetbrains.com/issue/KT-73255 for more details.
w: file:///app/app/src/main/java/com/nuvio/tv/data/remote/api/TmdbApi.kt:311:5 This annotation is currently applied to the value parameter only, but in the future it will also be applied to property.
- To opt in to applying to both value parameter and property, add '-Xannotation-default-target=param-property' to your compiler arguments.
- To keep applying to the value parameter only, use the '@param:' annotation target.

See https://youtrack.jetbrains.com/issue/KT-73255 for more details.
w: file:///app/app/src/main/java/com/nuvio/tv/data/remote/api/TmdbApi.kt:312:5 This annotation is currently applied to the value parameter only, but in the future it will also be applied to property.
- To opt in to applying to both value parameter and property, add '-Xannotation-default-target=param-property' to your compiler arguments.
- To keep applying to the value parameter only, use the '@param:' annotation target.

See https://youtrack.jetbrains.com/issue/KT-73255 for more details.
w: file:///app/app/src/main/java/com/nuvio/tv/data/remote/api/TmdbApi.kt:313:5 This annotation is currently applied to the value parameter only, but in the future it will also be applied to property.
- To opt in to applying to both value parameter and property, add '-Xannotation-default-target=param-property' to your compiler arguments.
- To keep applying to the value parameter only, use the '@param:' annotation target.

See https://youtrack.jetbrains.com/issue/KT-73255 for more details.
w: file:///app/app/src/main/java/com/nuvio/tv/data/remote/api/TmdbApi.kt:314:5 This annotation is currently applied to the value parameter only, but in the future it will also be applied to property.
- To opt in to applying to both value parameter and property, add '-Xannotation-default-target=param-property' to your compiler arguments.
- To keep applying to the value parameter only, use the '@param:' annotation target.

See https://youtrack.jetbrains.com/issue/KT-73255 for more details.
w: file:///app/app/src/main/java/com/nuvio/tv/data/remote/api/TmdbApi.kt:315:5 This annotation is currently applied to the value parameter only, but in the future it will also be applied to property.
- To opt in to applying to both value parameter and property, add '-Xannotation-default-target=param-property' to your compiler arguments.
- To keep applying to the value parameter only, use the '@param:' annotation target.

See https://youtrack.jetbrains.com/issue/KT-73255 for more details.
w: file:///app/app/src/main/java/com/nuvio/tv/data/remote/api/TmdbApi.kt:316:5 This annotation is currently applied to the value parameter only, but in the future it will also be applied to property.
- To opt in to applying to both value parameter and property, add '-Xannotation-default-target=param-property' to your compiler arguments.
- To keep applying to the value parameter only, use the '@param:' annotation target.

See https://youtrack.jetbrains.com/issue/KT-73255 for more details.
w: file:///app/app/src/main/java/com/nuvio/tv/data/remote/api/TmdbApi.kt:317:5 This annotation is currently applied to the value parameter only, but in the future it will also be applied to property.
- To opt in to applying to both value parameter and property, add '-Xannotation-default-target=param-property' to your compiler arguments.
- To keep applying to the value parameter only, use the '@param:' annotation target.

See https://youtrack.jetbrains.com/issue/KT-73255 for more details.
w: file:///app/app/src/main/java/com/nuvio/tv/data/remote/api/TmdbApi.kt:318:5 This annotation is currently applied to the value parameter only, but in the future it will also be applied to property.
- To opt in to applying to both value parameter and property, add '-Xannotation-default-target=param-property' to your compiler arguments.
- To keep applying to the value parameter only, use the '@param:' annotation target.

See https://youtrack.jetbrains.com/issue/KT-73255 for more details.
w: file:///app/app/src/main/java/com/nuvio/tv/data/remote/api/TmdbApi.kt:319:5 This annotation is currently applied to the value parameter only, but in the future it will also be applied to property.
- To opt in to applying to both value parameter and property, add '-Xannotation-default-target=param-property' to your compiler arguments.
- To keep applying to the value parameter only, use the '@param:' annotation target.

See https://youtrack.jetbrains.com/issue/KT-73255 for more details.
w: file:///app/app/src/main/java/com/nuvio/tv/data/remote/api/TmdbApi.kt:320:5 This annotation is currently applied to the value parameter only, but in the future it will also be applied to property.
- To opt in to applying to both value parameter and property, add '-Xannotation-default-target=param-property' to your compiler arguments.
- To keep applying to the value parameter only, use the '@param:' annotation target.

See https://youtrack.jetbrains.com/issue/KT-73255 for more details.
w: file:///app/app/src/main/java/com/nuvio/tv/data/remote/api/TmdbApi.kt:321:5 This annotation is currently applied to the value parameter only, but in the future it will also be applied to property.
- To opt in to applying to both value parameter and property, add '-Xannotation-default-target=param-property' to your compiler arguments.
- To keep applying to the value parameter only, use the '@param:' annotation target.

See https://youtrack.jetbrains.com/issue/KT-73255 for more details.
w: file:///app/app/src/main/java/com/nuvio/tv/data/remote/api/TmdbApi.kt:322:5 This annotation is currently applied to the value parameter only, but in the future it will also be applied to property.
- To opt in to applying to both value parameter and property, add '-Xannotation-default-target=param-property' to your compiler arguments.
- To keep applying to the value parameter only, use the '@param:' annotation target.

See https://youtrack.jetbrains.com/issue/KT-73255 for more details.
w: file:///app/app/src/main/java/com/nuvio/tv/data/remote/api/TmdbApi.kt:323:5 This annotation is currently applied to the value parameter only, but in the future it will also be applied to property.
- To opt in to applying to both value parameter and property, add '-Xannotation-default-target=param-property' to your compiler arguments.
- To keep applying to the value parameter only, use the '@param:' annotation target.

See https://youtrack.jetbrains.com/issue/KT-73255 for more details.
w: file:///app/app/src/main/java/com/nuvio/tv/data/remote/api/TmdbApi.kt:324:5 This annotation is currently applied to the value parameter only, but in the future it will also be applied to property.
- To opt in to applying to both value parameter and property, add '-Xannotation-default-target=param-property' to your compiler arguments.
- To keep applying to the value parameter only, use the '@param:' annotation target.

See https://youtrack.jetbrains.com/issue/KT-73255 for more details.
w: file:///app/app/src/main/java/com/nuvio/tv/data/remote/api/TmdbApi.kt:325:5 This annotation is currently applied to the value parameter only, but in the future it will also be applied to property.
- To opt in to applying to both value parameter and property, add '-Xannotation-default-target=param-property' to your compiler arguments.
- To keep applying to the value parameter only, use the '@param:' annotation target.

See https://youtrack.jetbrains.com/issue/KT-73255 for more details.
w: file:///app/app/src/main/java/com/nuvio/tv/data/remote/api/TmdbApi.kt:326:5 This annotation is currently applied to the value parameter only, but in the future it will also be applied to property.
- To opt in to applying to both value parameter and property, add '-Xannotation-default-target=param-property' to your compiler arguments.
- To keep applying to the value parameter only, use the '@param:' annotation target.

See https://youtrack.jetbrains.com/issue/KT-73255 for more details.
w: file:///app/app/src/main/java/com/nuvio/tv/data/remote/api/TmdbApi.kt:327:5 This annotation is currently applied to the value parameter only, but in the future it will also be applied to property.
- To opt in to applying to both value parameter and property, add '-Xannotation-default-target=param-property' to your compiler arguments.
- To keep applying to the value parameter only, use the '@param:' annotation target.

See https://youtrack.jetbrains.com/issue/KT-73255 for more details.
w: file:///app/app/src/main/java/com/nuvio/tv/data/remote/api/TmdbApi.kt:328:5 This annotation is currently applied to the value parameter only, but in the future it will also be applied to property.
- To opt in to applying to both value parameter and property, add '-Xannotation-default-target=param-property' to your compiler arguments.
- To keep applying to the value parameter only, use the '@param:' annotation target.

See https://youtrack.jetbrains.com/issue/KT-73255 for more details.
w: file:///app/app/src/main/java/com/nuvio/tv/data/remote/api/TmdbApi.kt:329:5 This annotation is currently applied to the value parameter only, but in the future it will also be applied to property.
- To opt in to applying to both value parameter and property, add '-Xannotation-default-target=param-property' to your compiler arguments.
- To keep applying to the value parameter only, use the '@param:' annotation target.

See https://youtrack.jetbrains.com/issue/KT-73255 for more details.
w: file:///app/app/src/main/java/com/nuvio/tv/data/remote/api/TmdbApi.kt:330:5 This annotation is currently applied to the value parameter only, but in the future it will also be applied to property.
- To opt in to applying to both value parameter and property, add '-Xannotation-default-target=param-property' to your compiler arguments.
- To keep applying to the value parameter only, use the '@param:' annotation target.

See https://youtrack.jetbrains.com/issue/KT-73255 for more details.
w: file:///app/app/src/main/java/com/nuvio/tv/data/remote/api/TmdbApi.kt:331:5 This annotation is currently applied to the value parameter only, but in the future it will also be applied to property.
- To opt in to applying to both value parameter and property, add '-Xannotation-default-target=param-property' to your compiler arguments.
- To keep applying to the value parameter only, use the '@param:' annotation target.

See https://youtrack.jetbrains.com/issue/KT-73255 for more details.
w: file:///app/app/src/main/java/com/nuvio/tv/data/remote/api/TmdbApi.kt:332:5 This annotation is currently applied to the value parameter only, but in the future it will also be applied to property.
- To opt in to applying to both value parameter and property, add '-Xannotation-default-target=param-property' to your compiler arguments.
- To keep applying to the value parameter only, use the '@param:' annotation target.

See https://youtrack.jetbrains.com/issue/KT-73255 for more details.
w: file:///app/app/src/main/java/com/nuvio/tv/data/remote/api/TmdbApi.kt:337:5 This annotation is currently applied to the value parameter only, but in the future it will also be applied to property.
- To opt in to applying to both value parameter and property, add '-Xannotation-default-target=param-property' to your compiler arguments.
- To keep applying to the value parameter only, use the '@param:' annotation target.

See https://youtrack.jetbrains.com/issue/KT-73255 for more details.
w: file:///app/app/src/main/java/com/nuvio/tv/data/remote/api/TmdbApi.kt:338:5 This annotation is currently applied to the value parameter only, but in the future it will also be applied to property.
- To opt in to applying to both value parameter and property, add '-Xannotation-default-target=param-property' to your compiler arguments.
- To keep applying to the value parameter only, use the '@param:' annotation target.

See https://youtrack.jetbrains.com/issue/KT-73255 for more details.
w: file:///app/app/src/main/java/com/nuvio/tv/data/remote/api/TmdbApi.kt:339:5 This annotation is currently applied to the value parameter only, but in the future it will also be applied to property.
- To opt in to applying to both value parameter and property, add '-Xannotation-default-target=param-property' to your compiler arguments.
- To keep applying to the value parameter only, use the '@param:' annotation target.

See https://youtrack.jetbrains.com/issue/KT-73255 for more details.
w: file:///app/app/src/main/java/com/nuvio/tv/data/remote/api/TmdbApi.kt:344:5 This annotation is currently applied to the value parameter only, but in the future it will also be applied to property.
- To opt in to applying to both value parameter and property, add '-Xannotation-default-target=param-property' to your compiler arguments.
- To keep applying to the value parameter only, use the '@param:' annotation target.

See https://youtrack.jetbrains.com/issue/KT-73255 for more details.
w: file:///app/app/src/main/java/com/nuvio/tv/data/remote/api/TmdbApi.kt:345:5 This annotation is currently applied to the value parameter only, but in the future it will also be applied to property.
- To opt in to applying to both value parameter and property, add '-Xannotation-default-target=param-property' to your compiler arguments.
- To keep applying to the value parameter only, use the '@param:' annotation target.

See https://youtrack.jetbrains.com/issue/KT-73255 for more details.
w: file:///app/app/src/main/java/com/nuvio/tv/data/remote/api/TmdbApi.kt:350:5 This annotation is currently applied to the value parameter only, but in the future it will also be applied to property.
- To opt in to applying to both value parameter and property, add '-Xannotation-default-target=param-property' to your compiler arguments.
- To keep applying to the value parameter only, use the '@param:' annotation target.

See https://youtrack.jetbrains.com/issue/KT-73255 for more details.
w: file:///app/app/src/main/java/com/nuvio/tv/data/remote/api/TmdbApi.kt:351:5 This annotation is currently applied to the value parameter only, but in the future it will also be applied to property.
- To opt in to applying to both value parameter and property, add '-Xannotation-default-target=param-property' to your compiler arguments.
- To keep applying to the value parameter only, use the '@param:' annotation target.

See https://youtrack.jetbrains.com/issue/KT-73255 for more details.
w: file:///app/app/src/main/java/com/nuvio/tv/data/remote/api/TmdbApi.kt:352:5 This annotation is currently applied to the value parameter only, but in the future it will also be applied to property.
- To opt in to applying to both value parameter and property, add '-Xannotation-default-target=param-property' to your compiler arguments.
- To keep applying to the value parameter only, use the '@param:' annotation target.

See https://youtrack.jetbrains.com/issue/KT-73255 for more details.
w: file:///app/app/src/main/java/com/nuvio/tv/data/remote/api/TmdbApi.kt:357:5 This annotation is currently applied to the value parameter only, but in the future it will also be applied to property.
- To opt in to applying to both value parameter and property, add '-Xannotation-default-target=param-property' to your compiler arguments.
- To keep applying to the value parameter only, use the '@param:' annotation target.

See https://youtrack.jetbrains.com/issue/KT-73255 for more details.
w: file:///app/app/src/main/java/com/nuvio/tv/data/remote/api/TmdbApi.kt:358:5 This annotation is currently applied to the value parameter only, but in the future it will also be applied to property.
- To opt in to applying to both value parameter and property, add '-Xannotation-default-target=param-property' to your compiler arguments.
- To keep applying to the value parameter only, use the '@param:' annotation target.

See https://youtrack.jetbrains.com/issue/KT-73255 for more details.
w: file:///app/app/src/main/java/com/nuvio/tv/data/remote/api/TmdbApi.kt:359:5 This annotation is currently applied to the value parameter only, but in the future it will also be applied to property.
- To opt in to applying to both value parameter and property, add '-Xannotation-default-target=param-property' to your compiler arguments.
- To keep applying to the value parameter only, use the '@param:' annotation target.

See https://youtrack.jetbrains.com/issue/KT-73255 for more details.
w: file:///app/app/src/main/java/com/nuvio/tv/data/remote/api/TmdbApi.kt:364:5 This annotation is currently applied to the value parameter only, but in the future it will also be applied to property.
- To opt in to applying to both value parameter and property, add '-Xannotation-default-target=param-property' to your compiler arguments.
- To keep applying to the value parameter only, use the '@param:' annotation target.

See https://youtrack.jetbrains.com/issue/KT-73255 for more details.
w: file:///app/app/src/main/java/com/nuvio/tv/data/remote/api/TmdbApi.kt:365:5 This annotation is currently applied to the value parameter only, but in the future it will also be applied to property.
- To opt in to applying to both value parameter and property, add '-Xannotation-default-target=param-property' to your compiler arguments.
- To keep applying to the value parameter only, use the '@param:' annotation target.

See https://youtrack.jetbrains.com/issue/KT-73255 for more details.
w: file:///app/app/src/main/java/com/nuvio/tv/data/remote/api/TmdbApi.kt:370:5 This annotation is currently applied to the value parameter only, but in the future it will also be applied to property.
- To opt in to applying to both value parameter and property, add '-Xannotation-default-target=param-property' to your compiler arguments.
- To keep applying to the value parameter only, use the '@param:' annotation target.

See https://youtrack.jetbrains.com/issue/KT-73255 for more details.
w: file:///app/app/src/main/java/com/nuvio/tv/data/remote/api/TmdbApi.kt:371:5 This annotation is currently applied to the value parameter only, but in the future it will also be applied to property.
- To opt in to applying to both value parameter and property, add '-Xannotation-default-target=param-property' to your compiler arguments.
- To keep applying to the value parameter only, use the '@param:' annotation target.

See https://youtrack.jetbrains.com/issue/KT-73255 for more details.
w: file:///app/app/src/main/java/com/nuvio/tv/data/remote/api/TmdbApi.kt:372:5 This annotation is currently applied to the value parameter only, but in the future it will also be applied to property.
- To opt in to applying to both value parameter and property, add '-Xannotation-default-target=param-property' to your compiler arguments.
- To keep applying to the value parameter only, use the '@param:' annotation target.

See https://youtrack.jetbrains.com/issue/KT-73255 for more details.
w: file:///app/app/src/main/java/com/nuvio/tv/data/remote/api/TmdbApi.kt:373:5 This annotation is currently applied to the value parameter only, but in the future it will also be applied to property.
- To opt in to applying to both value parameter and property, add '-Xannotation-default-target=param-property' to your compiler arguments.
- To keep applying to the value parameter only, use the '@param:' annotation target.

See https://youtrack.jetbrains.com/issue/KT-73255 for more details.
w: file:///app/app/src/main/java/com/nuvio/tv/data/remote/api/TmdbApi.kt:378:5 This annotation is currently applied to the value parameter only, but in the future it will also be applied to property.
- To opt in to applying to both value parameter and property, add '-Xannotation-default-target=param-property' to your compiler arguments.
- To keep applying to the value parameter only, use the '@param:' annotation target.

See https://youtrack.jetbrains.com/issue/KT-73255 for more details.
w: file:///app/app/src/main/java/com/nuvio/tv/data/remote/api/TmdbApi.kt:379:5 This annotation is currently applied to the value parameter only, but in the future it will also be applied to property.
- To opt in to applying to both value parameter and property, add '-Xannotation-default-target=param-property' to your compiler arguments.
- To keep applying to the value parameter only, use the '@param:' annotation target.

See https://youtrack.jetbrains.com/issue/KT-73255 for more details.
w: file:///app/app/src/main/java/com/nuvio/tv/data/remote/api/TmdbApi.kt:380:5 This annotation is currently applied to the value parameter only, but in the future it will also be applied to property.
- To opt in to applying to both value parameter and property, add '-Xannotation-default-target=param-property' to your compiler arguments.
- To keep applying to the value parameter only, use the '@param:' annotation target.

See https://youtrack.jetbrains.com/issue/KT-73255 for more details.
w: file:///app/app/src/main/java/com/nuvio/tv/data/remote/api/TmdbApi.kt:381:5 This annotation is currently applied to the value parameter only, but in the future it will also be applied to property.
- To opt in to applying to both value parameter and property, add '-Xannotation-default-target=param-property' to your compiler arguments.
- To keep applying to the value parameter only, use the '@param:' annotation target.

See https://youtrack.jetbrains.com/issue/KT-73255 for more details.
w: file:///app/app/src/main/java/com/nuvio/tv/data/remote/api/TmdbApi.kt:382:5 This annotation is currently applied to the value parameter only, but in the future it will also be applied to property.
- To opt in to applying to both value parameter and property, add '-Xannotation-default-target=param-property' to your compiler arguments.
- To keep applying to the value parameter only, use the '@param:' annotation target.

See https://youtrack.jetbrains.com/issue/KT-73255 for more details.
w: file:///app/app/src/main/java/com/nuvio/tv/data/remote/api/TmdbApi.kt:387:5 This annotation is currently applied to the value parameter only, but in the future it will also be applied to property.
- To opt in to applying to both value parameter and property, add '-Xannotation-default-target=param-property' to your compiler arguments.
- To keep applying to the value parameter only, use the '@param:' annotation target.

See https://youtrack.jetbrains.com/issue/KT-73255 for more details.
w: file:///app/app/src/main/java/com/nuvio/tv/data/remote/api/TmdbApi.kt:388:5 This annotation is currently applied to the value parameter only, but in the future it will also be applied to property.
- To opt in to applying to both value parameter and property, add '-Xannotation-default-target=param-property' to your compiler arguments.
- To keep applying to the value parameter only, use the '@param:' annotation target.

See https://youtrack.jetbrains.com/issue/KT-73255 for more details.
w: file:///app/app/src/main/java/com/nuvio/tv/data/remote/api/TmdbApi.kt:393:5 This annotation is currently applied to the value parameter only, but in the future it will also be applied to property.
- To opt in to applying to both value parameter and property, add '-Xannotation-default-target=param-property' to your compiler arguments.
- To keep applying to the value parameter only, use the '@param:' annotation target.

See https://youtrack.jetbrains.com/issue/KT-73255 for more details.
w: file:///app/app/src/main/java/com/nuvio/tv/data/remote/api/TmdbApi.kt:398:5 This annotation is currently applied to the value parameter only, but in the future it will also be applied to property.
- To opt in to applying to both value parameter and property, add '-Xannotation-default-target=param-property' to your compiler arguments.
- To keep applying to the value parameter only, use the '@param:' annotation target.

See https://youtrack.jetbrains.com/issue/KT-73255 for more details.
w: file:///app/app/src/main/java/com/nuvio/tv/data/remote/api/TmdbApi.kt:399:5 This annotation is currently applied to the value parameter only, but in the future it will also be applied to property.
- To opt in to applying to both value parameter and property, add '-Xannotation-default-target=param-property' to your compiler arguments.
- To keep applying to the value parameter only, use the '@param:' annotation target.

See https://youtrack.jetbrains.com/issue/KT-73255 for more details.
w: file:///app/app/src/main/java/com/nuvio/tv/data/remote/api/TmdbApi.kt:404:5 This annotation is currently applied to the value parameter only, but in the future it will also be applied to property.
- To opt in to applying to both value parameter and property, add '-Xannotation-default-target=param-property' to your compiler arguments.
- To keep applying to the value parameter only, use the '@param:' annotation target.

See https://youtrack.jetbrains.com/issue/KT-73255 for more details.
w: file:///app/app/src/main/java/com/nuvio/tv/data/remote/api/TmdbApi.kt:409:5 This annotation is currently applied to the value parameter only, but in the future it will also be applied to property.
- To opt in to applying to both value parameter and property, add '-Xannotation-default-target=param-property' to your compiler arguments.
- To keep applying to the value parameter only, use the '@param:' annotation target.

See https://youtrack.jetbrains.com/issue/KT-73255 for more details.
w: file:///app/app/src/main/java/com/nuvio/tv/data/remote/api/TmdbApi.kt:414:5 This annotation is currently applied to the value parameter only, but in the future it will also be applied to property.
- To opt in to applying to both value parameter and property, add '-Xannotation-default-target=param-property' to your compiler arguments.
- To keep applying to the value parameter only, use the '@param:' annotation target.

See https://youtrack.jetbrains.com/issue/KT-73255 for more details.
w: file:///app/app/src/main/java/com/nuvio/tv/data/remote/api/TmdbApi.kt:415:5 This annotation is currently applied to the value parameter only, but in the future it will also be applied to property.
- To opt in to applying to both value parameter and property, add '-Xannotation-default-target=param-property' to your compiler arguments.
- To keep applying to the value parameter only, use the '@param:' annotation target.

See https://youtrack.jetbrains.com/issue/KT-73255 for more details.
w: file:///app/app/src/main/java/com/nuvio/tv/data/remote/api/TmdbApi.kt:420:5 This annotation is currently applied to the value parameter only, but in the future it will also be applied to property.
- To opt in to applying to both value parameter and property, add '-Xannotation-default-target=param-property' to your compiler arguments.
- To keep applying to the value parameter only, use the '@param:' annotation target.

See https://youtrack.jetbrains.com/issue/KT-73255 for more details.
w: file:///app/app/src/main/java/com/nuvio/tv/data/remote/api/TmdbApi.kt:421:5 This annotation is currently applied to the value parameter only, but in the future it will also be applied to property.
- To opt in to applying to both value parameter and property, add '-Xannotation-default-target=param-property' to your compiler arguments.
- To keep applying to the value parameter only, use the '@param:' annotation target.

See https://youtrack.jetbrains.com/issue/KT-73255 for more details.
w: file:///app/app/src/main/java/com/nuvio/tv/data/remote/api/TmdbApi.kt:422:5 This annotation is currently applied to the value parameter only, but in the future it will also be applied to property.
- To opt in to applying to both value parameter and property, add '-Xannotation-default-target=param-property' to your compiler arguments.
- To keep applying to the value parameter only, use the '@param:' annotation target.

See https://youtrack.jetbrains.com/issue/KT-73255 for more details.
w: file:///app/app/src/main/java/com/nuvio/tv/data/remote/api/TmdbApi.kt:427:5 This annotation is currently applied to the value parameter only, but in the future it will also be applied to property.
- To opt in to applying to both value parameter and property, add '-Xannotation-default-target=param-property' to your compiler arguments.
- To keep applying to the value parameter only, use the '@param:' annotation target.

See https://youtrack.jetbrains.com/issue/KT-73255 for more details.
w: file:///app/app/src/main/java/com/nuvio/tv/data/remote/api/TmdbApi.kt:428:5 This annotation is currently applied to the value parameter only, but in the future it will also be applied to property.
- To opt in to applying to both value parameter and property, add '-Xannotation-default-target=param-property' to your compiler arguments.
- To keep applying to the value parameter only, use the '@param:' annotation target.

See https://youtrack.jetbrains.com/issue/KT-73255 for more details.
w: file:///app/app/src/main/java/com/nuvio/tv/data/remote/api/TmdbApi.kt:433:5 This annotation is currently applied to the value parameter only, but in the future it will also be applied to property.
- To opt in to applying to both value parameter and property, add '-Xannotation-default-target=param-property' to your compiler arguments.
- To keep applying to the value parameter only, use the '@param:' annotation target.

See https://youtrack.jetbrains.com/issue/KT-73255 for more details.
w: file:///app/app/src/main/java/com/nuvio/tv/data/remote/api/TmdbApi.kt:434:5 This annotation is currently applied to the value parameter only, but in the future it will also be applied to property.
- To opt in to applying to both value parameter and property, add '-Xannotation-default-target=param-property' to your compiler arguments.
- To keep applying to the value parameter only, use the '@param:' annotation target.

See https://youtrack.jetbrains.com/issue/KT-73255 for more details.
w: file:///app/app/src/main/java/com/nuvio/tv/data/remote/api/TmdbApi.kt:439:5 This annotation is currently applied to the value parameter only, but in the future it will also be applied to property.
- To opt in to applying to both value parameter and property, add '-Xannotation-default-target=param-property' to your compiler arguments.
- To keep applying to the value parameter only, use the '@param:' annotation target.

See https://youtrack.jetbrains.com/issue/KT-73255 for more details.
w: file:///app/app/src/main/java/com/nuvio/tv/data/remote/api/TmdbApi.kt:440:5 This annotation is currently applied to the value parameter only, but in the future it will also be applied to property.
- To opt in to applying to both value parameter and property, add '-Xannotation-default-target=param-property' to your compiler arguments.
- To keep applying to the value parameter only, use the '@param:' annotation target.

See https://youtrack.jetbrains.com/issue/KT-73255 for more details.
w: file:///app/app/src/main/java/com/nuvio/tv/data/remote/api/TmdbApi.kt:441:5 This annotation is currently applied to the value parameter only, but in the future it will also be applied to property.
- To opt in to applying to both value parameter and property, add '-Xannotation-default-target=param-property' to your compiler arguments.
- To keep applying to the value parameter only, use the '@param:' annotation target.

See https://youtrack.jetbrains.com/issue/KT-73255 for more details.
w: file:///app/app/src/main/java/com/nuvio/tv/data/remote/api/TmdbApi.kt:442:5 This annotation is currently applied to the value parameter only, but in the future it will also be applied to property.
- To opt in to applying to both value parameter and property, add '-Xannotation-default-target=param-property' to your compiler arguments.
- To keep applying to the value parameter only, use the '@param:' annotation target.

See https://youtrack.jetbrains.com/issue/KT-73255 for more details.
w: file:///app/app/src/main/java/com/nuvio/tv/data/remote/api/TmdbApi.kt:443:5 This annotation is currently applied to the value parameter only, but in the future it will also be applied to property.
- To opt in to applying to both value parameter and property, add '-Xannotation-default-target=param-property' to your compiler arguments.
- To keep applying to the value parameter only, use the '@param:' annotation target.

See https://youtrack.jetbrains.com/issue/KT-73255 for more details.
w: file:///app/app/src/main/java/com/nuvio/tv/data/remote/api/TmdbApi.kt:444:5 This annotation is currently applied to the value parameter only, but in the future it will also be applied to property.
- To opt in to applying to both value parameter and property, add '-Xannotation-default-target=param-property' to your compiler arguments.
- To keep applying to the value parameter only, use the '@param:' annotation target.

See https://youtrack.jetbrains.com/issue/KT-73255 for more details.
w: file:///app/app/src/main/java/com/nuvio/tv/data/remote/api/TmdbApi.kt:449:5 This annotation is currently applied to the value parameter only, but in the future it will also be applied to property.
- To opt in to applying to both value parameter and property, add '-Xannotation-default-target=param-property' to your compiler arguments.
- To keep applying to the value parameter only, use the '@param:' annotation target.

See https://youtrack.jetbrains.com/issue/KT-73255 for more details.
w: file:///app/app/src/main/java/com/nuvio/tv/data/remote/api/TmdbApi.kt:454:5 This annotation is currently applied to the value parameter only, but in the future it will also be applied to property.
- To opt in to applying to both value parameter and property, add '-Xannotation-default-target=param-property' to your compiler arguments.
- To keep applying to the value parameter only, use the '@param:' annotation target.

See https://youtrack.jetbrains.com/issue/KT-73255 for more details.
w: file:///app/app/src/main/java/com/nuvio/tv/data/remote/api/TmdbApi.kt:455:5 This annotation is currently applied to the value parameter only, but in the future it will also be applied to property.
- To opt in to applying to both value parameter and property, add '-Xannotation-default-target=param-property' to your compiler arguments.
- To keep applying to the value parameter only, use the '@param:' annotation target.

See https://youtrack.jetbrains.com/issue/KT-73255 for more details.
w: file:///app/app/src/main/java/com/nuvio/tv/data/remote/api/TmdbApi.kt:456:5 This annotation is currently applied to the value parameter only, but in the future it will also be applied to property.
- To opt in to applying to both value parameter and property, add '-Xannotation-default-target=param-property' to your compiler arguments.
- To keep applying to the value parameter only, use the '@param:' annotation target.

See https://youtrack.jetbrains.com/issue/KT-73255 for more details.
w: file:///app/app/src/main/java/com/nuvio/tv/data/remote/api/TmdbApi.kt:457:5 This annotation is currently applied to the value parameter only, but in the future it will also be applied to property.
- To opt in to applying to both value parameter and property, add '-Xannotation-default-target=param-property' to your compiler arguments.
- To keep applying to the value parameter only, use the '@param:' annotation target.

See https://youtrack.jetbrains.com/issue/KT-73255 for more details.
w: file:///app/app/src/main/java/com/nuvio/tv/data/remote/api/TmdbApi.kt:462:5 This annotation is currently applied to the value parameter only, but in the future it will also be applied to property.
- To opt in to applying to both value parameter and property, add '-Xannotation-default-target=param-property' to your compiler arguments.
- To keep applying to the value parameter only, use the '@param:' annotation target.

See https://youtrack.jetbrains.com/issue/KT-73255 for more details.
w: file:///app/app/src/main/java/com/nuvio/tv/data/remote/api/TmdbApi.kt:463:5 This annotation is currently applied to the value parameter only, but in the future it will also be applied to property.
- To opt in to applying to both value parameter and property, add '-Xannotation-default-target=param-property' to your compiler arguments.
- To keep applying to the value parameter only, use the '@param:' annotation target.

See https://youtrack.jetbrains.com/issue/KT-73255 for more details.
w: file:///app/app/src/main/java/com/nuvio/tv/data/remote/api/TmdbApi.kt:464:5 This annotation is currently applied to the value parameter only, but in the future it will also be applied to property.
- To opt in to applying to both value parameter and property, add '-Xannotation-default-target=param-property' to your compiler arguments.
- To keep applying to the value parameter only, use the '@param:' annotation target.

See https://youtrack.jetbrains.com/issue/KT-73255 for more details.
w: file:///app/app/src/main/java/com/nuvio/tv/data/remote/api/TmdbApi.kt:465:5 This annotation is currently applied to the value parameter only, but in the future it will also be applied to property.
- To opt in to applying to both value parameter and property, add '-Xannotation-default-target=param-property' to your compiler arguments.
- To keep applying to the value parameter only, use the '@param:' annotation target.

See https://youtrack.jetbrains.com/issue/KT-73255 for more details.
w: file:///app/app/src/main/java/com/nuvio/tv/data/remote/api/TmdbApi.kt:466:5 This annotation is currently applied to the value parameter only, but in the future it will also be applied to property.
- To opt in to applying to both value parameter and property, add '-Xannotation-default-target=param-property' to your compiler arguments.
- To keep applying to the value parameter only, use the '@param:' annotation target.

See https://youtrack.jetbrains.com/issue/KT-73255 for more details.
w: file:///app/app/src/main/java/com/nuvio/tv/data/remote/api/TmdbApi.kt:467:5 This annotation is currently applied to the value parameter only, but in the future it will also be applied to property.
- To opt in to applying to both value parameter and property, add '-Xannotation-default-target=param-property' to your compiler arguments.
- To keep applying to the value parameter only, use the '@param:' annotation target.

See https://youtrack.jetbrains.com/issue/KT-73255 for more details.
w: file:///app/app/src/main/java/com/nuvio/tv/data/remote/api/TmdbApi.kt:468:5 This annotation is currently applied to the value parameter only, but in the future it will also be applied to property.
- To opt in to applying to both value parameter and property, add '-Xannotation-default-target=param-property' to your compiler arguments.
- To keep applying to the value parameter only, use the '@param:' annotation target.

See https://youtrack.jetbrains.com/issue/KT-73255 for more details.
w: file:///app/app/src/main/java/com/nuvio/tv/data/remote/api/TmdbApi.kt:473:5 This annotation is currently applied to the value parameter only, but in the future it will also be applied to property.
- To opt in to applying to both value parameter and property, add '-Xannotation-default-target=param-property' to your compiler arguments.
- To keep applying to the value parameter only, use the '@param:' annotation target.

See https://youtrack.jetbrains.com/issue/KT-73255 for more details.
w: file:///app/app/src/main/java/com/nuvio/tv/data/remote/api/TmdbApi.kt:474:5 This annotation is currently applied to the value parameter only, but in the future it will also be applied to property.
- To opt in to applying to both value parameter and property, add '-Xannotation-default-target=param-property' to your compiler arguments.
- To keep applying to the value parameter only, use the '@param:' annotation target.

See https://youtrack.jetbrains.com/issue/KT-73255 for more details.
w: file:///app/app/src/main/java/com/nuvio/tv/data/remote/api/TmdbApi.kt:475:5 This annotation is currently applied to the value parameter only, but in the future it will also be applied to property.
- To opt in to applying to both value parameter and property, add '-Xannotation-default-target=param-property' to your compiler arguments.
- To keep applying to the value parameter only, use the '@param:' annotation target.

See https://youtrack.jetbrains.com/issue/KT-73255 for more details.
w: file:///app/app/src/main/java/com/nuvio/tv/data/remote/api/TmdbApi.kt:476:5 This annotation is currently applied to the value parameter only, but in the future it will also be applied to property.
- To opt in to applying to both value parameter and property, add '-Xannotation-default-target=param-property' to your compiler arguments.
- To keep applying to the value parameter only, use the '@param:' annotation target.

See https://youtrack.jetbrains.com/issue/KT-73255 for more details.
w: file:///app/app/src/main/java/com/nuvio/tv/data/remote/api/TmdbApi.kt:477:5 This annotation is currently applied to the value parameter only, but in the future it will also be applied to property.
- To opt in to applying to both value parameter and property, add '-Xannotation-default-target=param-property' to your compiler arguments.
- To keep applying to the value parameter only, use the '@param:' annotation target.

See https://youtrack.jetbrains.com/issue/KT-73255 for more details.
w: file:///app/app/src/main/java/com/nuvio/tv/data/remote/api/TmdbApi.kt:478:5 This annotation is currently applied to the value parameter only, but in the future it will also be applied to property.
- To opt in to applying to both value parameter and property, add '-Xannotation-default-target=param-property' to your compiler arguments.
- To keep applying to the value parameter only, use the '@param:' annotation target.

See https://youtrack.jetbrains.com/issue/KT-73255 for more details.
w: file:///app/app/src/main/java/com/nuvio/tv/data/remote/api/TmdbApi.kt:479:5 This annotation is currently applied to the value parameter only, but in the future it will also be applied to property.
- To opt in to applying to both value parameter and property, add '-Xannotation-default-target=param-property' to your compiler arguments.
- To keep applying to the value parameter only, use the '@param:' annotation target.

See https://youtrack.jetbrains.com/issue/KT-73255 for more details.
w: file:///app/app/src/main/java/com/nuvio/tv/data/remote/api/TmdbApi.kt:480:5 This annotation is currently applied to the value parameter only, but in the future it will also be applied to property.
- To opt in to applying to both value parameter and property, add '-Xannotation-default-target=param-property' to your compiler arguments.
- To keep applying to the value parameter only, use the '@param:' annotation target.

See https://youtrack.jetbrains.com/issue/KT-73255 for more details.
w: file:///app/app/src/main/java/com/nuvio/tv/data/remote/api/TmdbApi.kt:481:5 This annotation is currently applied to the value parameter only, but in the future it will also be applied to property.
- To opt in to applying to both value parameter and property, add '-Xannotation-default-target=param-property' to your compiler arguments.
- To keep applying to the value parameter only, use the '@param:' annotation target.

See https://youtrack.jetbrains.com/issue/KT-73255 for more details.
w: file:///app/app/src/main/java/com/nuvio/tv/data/remote/api/TmdbApi.kt:482:5 This annotation is currently applied to the value parameter only, but in the future it will also be applied to property.
- To opt in to applying to both value parameter and property, add '-Xannotation-default-target=param-property' to your compiler arguments.
- To keep applying to the value parameter only, use the '@param:' annotation target.

See https://youtrack.jetbrains.com/issue/KT-73255 for more details.
w: file:///app/app/src/main/java/com/nuvio/tv/data/remote/api/TmdbApi.kt:483:5 This annotation is currently applied to the value parameter only, but in the future it will also be applied to property.
- To opt in to applying to both value parameter and property, add '-Xannotation-default-target=param-property' to your compiler arguments.
- To keep applying to the value parameter only, use the '@param:' annotation target.

See https://youtrack.jetbrains.com/issue/KT-73255 for more details.
w: file:///app/app/src/main/java/com/nuvio/tv/data/remote/api/TmdbApi.kt:484:5 This annotation is currently applied to the value parameter only, but in the future it will also be applied to property.
- To opt in to applying to both value parameter and property, add '-Xannotation-default-target=param-property' to your compiler arguments.
- To keep applying to the value parameter only, use the '@param:' annotation target.

See https://youtrack.jetbrains.com/issue/KT-73255 for more details.
w: file:///app/app/src/main/java/com/nuvio/tv/data/remote/api/TmdbApi.kt:485:5 This annotation is currently applied to the value parameter only, but in the future it will also be applied to property.
- To opt in to applying to both value parameter and property, add '-Xannotation-default-target=param-property' to your compiler arguments.
- To keep applying to the value parameter only, use the '@param:' annotation target.

See https://youtrack.jetbrains.com/issue/KT-73255 for more details.
w: file:///app/app/src/main/java/com/nuvio/tv/data/remote/api/TmdbApi.kt:490:5 This annotation is currently applied to the value parameter only, but in the future it will also be applied to property.
- To opt in to applying to both value parameter and property, add '-Xannotation-default-target=param-property' to your compiler arguments.
- To keep applying to the value parameter only, use the '@param:' annotation target.

See https://youtrack.jetbrains.com/issue/KT-73255 for more details.
w: file:///app/app/src/main/java/com/nuvio/tv/data/remote/api/TmdbApi.kt:491:5 This annotation is currently applied to the value parameter only, but in the future it will also be applied to property.
- To opt in to applying to both value parameter and property, add '-Xannotation-default-target=param-property' to your compiler arguments.
- To keep applying to the value parameter only, use the '@param:' annotation target.

See https://youtrack.jetbrains.com/issue/KT-73255 for more details.
w: file:///app/app/src/main/java/com/nuvio/tv/data/remote/api/TmdbApi.kt:492:5 This annotation is currently applied to the value parameter only, but in the future it will also be applied to property.
- To opt in to applying to both value parameter and property, add '-Xannotation-default-target=param-property' to your compiler arguments.
- To keep applying to the value parameter only, use the '@param:' annotation target.

See https://youtrack.jetbrains.com/issue/KT-73255 for more details.
w: file:///app/app/src/main/java/com/nuvio/tv/data/remote/api/TmdbApi.kt:497:5 This annotation is currently applied to the value parameter only, but in the future it will also be applied to property.
- To opt in to applying to both value parameter and property, add '-Xannotation-default-target=param-property' to your compiler arguments.
- To keep applying to the value parameter only, use the '@param:' annotation target.

See https://youtrack.jetbrains.com/issue/KT-73255 for more details.
w: file:///app/app/src/main/java/com/nuvio/tv/data/remote/api/TmdbApi.kt:498:5 This annotation is currently applied to the value parameter only, but in the future it will also be applied to property.
- To opt in to applying to both value parameter and property, add '-Xannotation-default-target=param-property' to your compiler arguments.
- To keep applying to the value parameter only, use the '@param:' annotation target.

See https://youtrack.jetbrains.com/issue/KT-73255 for more details.
w: file:///app/app/src/main/java/com/nuvio/tv/data/remote/api/TmdbApi.kt:499:5 This annotation is currently applied to the value parameter only, but in the future it will also be applied to property.
- To opt in to applying to both value parameter and property, add '-Xannotation-default-target=param-property' to your compiler arguments.
- To keep applying to the value parameter only, use the '@param:' annotation target.

See https://youtrack.jetbrains.com/issue/KT-73255 for more details.
w: file:///app/app/src/main/java/com/nuvio/tv/data/remote/api/TmdbApi.kt:500:5 This annotation is currently applied to the value parameter only, but in the future it will also be applied to property.
- To opt in to applying to both value parameter and property, add '-Xannotation-default-target=param-property' to your compiler arguments.
- To keep applying to the value parameter only, use the '@param:' annotation target.

See https://youtrack.jetbrains.com/issue/KT-73255 for more details.
w: file:///app/app/src/main/java/com/nuvio/tv/data/remote/api/TmdbApi.kt:505:5 This annotation is currently applied to the value parameter only, but in the future it will also be applied to property.
- To opt in to applying to both value parameter and property, add '-Xannotation-default-target=param-property' to your compiler arguments.
- To keep applying to the value parameter only, use the '@param:' annotation target.

See https://youtrack.jetbrains.com/issue/KT-73255 for more details.
w: file:///app/app/src/main/java/com/nuvio/tv/data/remote/api/TmdbApi.kt:506:5 This annotation is currently applied to the value parameter only, but in the future it will also be applied to property.
- To opt in to applying to both value parameter and property, add '-Xannotation-default-target=param-property' to your compiler arguments.
- To keep applying to the value parameter only, use the '@param:' annotation target.

See https://youtrack.jetbrains.com/issue/KT-73255 for more details.
w: file:///app/app/src/main/java/com/nuvio/tv/data/remote/api/TmdbApi.kt:507:5 This annotation is currently applied to the value parameter only, but in the future it will also be applied to property.
- To opt in to applying to both value parameter and property, add '-Xannotation-default-target=param-property' to your compiler arguments.
- To keep applying to the value parameter only, use the '@param:' annotation target.

See https://youtrack.jetbrains.com/issue/KT-73255 for more details.
w: file:///app/app/src/main/java/com/nuvio/tv/data/remote/api/TmdbApi.kt:512:5 This annotation is currently applied to the value parameter only, but in the future it will also be applied to property.
- To opt in to applying to both value parameter and property, add '-Xannotation-default-target=param-property' to your compiler arguments.
- To keep applying to the value parameter only, use the '@param:' annotation target.

See https://youtrack.jetbrains.com/issue/KT-73255 for more details.
w: file:///app/app/src/main/java/com/nuvio/tv/data/remote/api/TmdbApi.kt:513:5 This annotation is currently applied to the value parameter only, but in the future it will also be applied to property.
- To opt in to applying to both value parameter and property, add '-Xannotation-default-target=param-property' to your compiler arguments.
- To keep applying to the value parameter only, use the '@param:' annotation target.

See https://youtrack.jetbrains.com/issue/KT-73255 for more details.
w: file:///app/app/src/main/java/com/nuvio/tv/data/remote/api/TmdbApi.kt:514:5 This annotation is currently applied to the value parameter only, but in the future it will also be applied to property.
- To opt in to applying to both value parameter and property, add '-Xannotation-default-target=param-property' to your compiler arguments.
- To keep applying to the value parameter only, use the '@param:' annotation target.

See https://youtrack.jetbrains.com/issue/KT-73255 for more details.
w: file:///app/app/src/main/java/com/nuvio/tv/data/remote/api/TmdbApi.kt:515:5 This annotation is currently applied to the value parameter only, but in the future it will also be applied to property.
- To opt in to applying to both value parameter and property, add '-Xannotation-default-target=param-property' to your compiler arguments.
- To keep applying to the value parameter only, use the '@param:' annotation target.

See https://youtrack.jetbrains.com/issue/KT-73255 for more details.
w: file:///app/app/src/main/java/com/nuvio/tv/data/remote/api/TmdbApi.kt:516:5 This annotation is currently applied to the value parameter only, but in the future it will also be applied to property.
- To opt in to applying to both value parameter and property, add '-Xannotation-default-target=param-property' to your compiler arguments.
- To keep applying to the value parameter only, use the '@param:' annotation target.

See https://youtrack.jetbrains.com/issue/KT-73255 for more details.
w: file:///app/app/src/main/java/com/nuvio/tv/data/remote/api/TmdbApi.kt:521:5 This annotation is currently applied to the value parameter only, but in the future it will also be applied to property.
- To opt in to applying to both value parameter and property, add '-Xannotation-default-target=param-property' to your compiler arguments.
- To keep applying to the value parameter only, use the '@param:' annotation target.

See https://youtrack.jetbrains.com/issue/KT-73255 for more details.
w: file:///app/app/src/main/java/com/nuvio/tv/data/remote/api/TmdbApi.kt:526:5 This annotation is currently applied to the value parameter only, but in the future it will also be applied to property.
- To opt in to applying to both value parameter and property, add '-Xannotation-default-target=param-property' to your compiler arguments.
- To keep applying to the value parameter only, use the '@param:' annotation target.

See https://youtrack.jetbrains.com/issue/KT-73255 for more details.
w: file:///app/app/src/main/java/com/nuvio/tv/data/remote/api/TmdbApi.kt:527:5 This annotation is currently applied to the value parameter only, but in the future it will also be applied to property.
- To opt in to applying to both value parameter and property, add '-Xannotation-default-target=param-property' to your compiler arguments.
- To keep applying to the value parameter only, use the '@param:' annotation target.

See https://youtrack.jetbrains.com/issue/KT-73255 for more details.
w: file:///app/app/src/main/java/com/nuvio/tv/data/remote/api/TmdbApi.kt:528:5 This annotation is currently applied to the value parameter only, but in the future it will also be applied to property.
- To opt in to applying to both value parameter and property, add '-Xannotation-default-target=param-property' to your compiler arguments.
- To keep applying to the value parameter only, use the '@param:' annotation target.

See https://youtrack.jetbrains.com/issue/KT-73255 for more details.
w: file:///app/app/src/main/java/com/nuvio/tv/data/remote/api/TmdbApi.kt:533:5 This annotation is currently applied to the value parameter only, but in the future it will also be applied to property.
- To opt in to applying to both value parameter and property, add '-Xannotation-default-target=param-property' to your compiler arguments.
- To keep applying to the value parameter only, use the '@param:' annotation target.

See https://youtrack.jetbrains.com/issue/KT-73255 for more details.
w: file:///app/app/src/main/java/com/nuvio/tv/data/remote/api/TmdbApi.kt:534:5 This annotation is currently applied to the value parameter only, but in the future it will also be applied to property.
- To opt in to applying to both value parameter and property, add '-Xannotation-default-target=param-property' to your compiler arguments.
- To keep applying to the value parameter only, use the '@param:' annotation target.

See https://youtrack.jetbrains.com/issue/KT-73255 for more details.
w: file:///app/app/src/main/java/com/nuvio/tv/data/remote/api/TmdbApi.kt:539:5 This annotation is currently applied to the value parameter only, but in the future it will also be applied to property.
- To opt in to applying to both value parameter and property, add '-Xannotation-default-target=param-property' to your compiler arguments.
- To keep applying to the value parameter only, use the '@param:' annotation target.

See https://youtrack.jetbrains.com/issue/KT-73255 for more details.
w: file:///app/app/src/main/java/com/nuvio/tv/data/remote/api/TmdbApi.kt:540:5 This annotation is currently applied to the value parameter only, but in the future it will also be applied to property.
- To opt in to applying to both value parameter and property, add '-Xannotation-default-target=param-property' to your compiler arguments.
- To keep applying to the value parameter only, use the '@param:' annotation target.

See https://youtrack.jetbrains.com/issue/KT-73255 for more details.
w: file:///app/app/src/main/java/com/nuvio/tv/data/remote/api/TmdbApi.kt:541:5 This annotation is currently applied to the value parameter only, but in the future it will also be applied to property.
- To opt in to applying to both value parameter and property, add '-Xannotation-default-target=param-property' to your compiler arguments.
- To keep applying to the value parameter only, use the '@param:' annotation target.

See https://youtrack.jetbrains.com/issue/KT-73255 for more details.
w: file:///app/app/src/main/java/com/nuvio/tv/data/remote/api/TmdbApi.kt:542:5 This annotation is currently applied to the value parameter only, but in the future it will also be applied to property.
- To opt in to applying to both value parameter and property, add '-Xannotation-default-target=param-property' to your compiler arguments.
- To keep applying to the value parameter only, use the '@param:' annotation target.

See https://youtrack.jetbrains.com/issue/KT-73255 for more details.
w: file:///app/app/src/main/java/com/nuvio/tv/data/remote/api/TmdbApi.kt:543:5 This annotation is currently applied to the value parameter only, but in the future it will also be applied to property.
- To opt in to applying to both value parameter and property, add '-Xannotation-default-target=param-property' to your compiler arguments.
- To keep applying to the value parameter only, use the '@param:' annotation target.

See https://youtrack.jetbrains.com/issue/KT-73255 for more details.
w: file:///app/app/src/main/java/com/nuvio/tv/data/remote/api/TmdbApi.kt:544:5 This annotation is currently applied to the value parameter only, but in the future it will also be applied to property.
- To opt in to applying to both value parameter and property, add '-Xannotation-default-target=param-property' to your compiler arguments.
- To keep applying to the value parameter only, use the '@param:' annotation target.

See https://youtrack.jetbrains.com/issue/KT-73255 for more details.
w: file:///app/app/src/main/java/com/nuvio/tv/data/remote/api/TmdbApi.kt:545:5 This annotation is currently applied to the value parameter only, but in the future it will also be applied to property.
- To opt in to applying to both value parameter and property, add '-Xannotation-default-target=param-property' to your compiler arguments.
- To keep applying to the value parameter only, use the '@param:' annotation target.

See https://youtrack.jetbrains.com/issue/KT-73255 for more details.
w: file:///app/app/src/main/java/com/nuvio/tv/data/remote/api/TmdbApi.kt:546:5 This annotation is currently applied to the value parameter only, but in the future it will also be applied to property.
- To opt in to applying to both value parameter and property, add '-Xannotation-default-target=param-property' to your compiler arguments.
- To keep applying to the value parameter only, use the '@param:' annotation target.

See https://youtrack.jetbrains.com/issue/KT-73255 for more details.
w: file:///app/app/src/main/java/com/nuvio/tv/data/remote/api/TmdbApi.kt:547:5 This annotation is currently applied to the value parameter only, but in the future it will also be applied to property.
- To opt in to applying to both value parameter and property, add '-Xannotation-default-target=param-property' to your compiler arguments.
- To keep applying to the value parameter only, use the '@param:' annotation target.

See https://youtrack.jetbrains.com/issue/KT-73255 for more details.
w: file:///app/app/src/main/java/com/nuvio/tv/data/remote/api/TmdbApi.kt:548:5 This annotation is currently applied to the value parameter only, but in the future it will also be applied to property.
- To opt in to applying to both value parameter and property, add '-Xannotation-default-target=param-property' to your compiler arguments.
- To keep applying to the value parameter only, use the '@param:' annotation target.

See https://youtrack.jetbrains.com/issue/KT-73255 for more details.
w: file:///app/app/src/main/java/com/nuvio/tv/data/remote/api/TmdbApi.kt:549:5 This annotation is currently applied to the value parameter only, but in the future it will also be applied to property.
- To opt in to applying to both value parameter and property, add '-Xannotation-default-target=param-property' to your compiler arguments.
- To keep applying to the value parameter only, use the '@param:' annotation target.

See https://youtrack.jetbrains.com/issue/KT-73255 for more details.
w: file:///app/app/src/main/java/com/nuvio/tv/data/remote/api/TmdbApi.kt:550:5 This annotation is currently applied to the value parameter only, but in the future it will also be applied to property.
- To opt in to applying to both value parameter and property, add '-Xannotation-default-target=param-property' to your compiler arguments.
- To keep applying to the value parameter only, use the '@param:' annotation target.

See https://youtrack.jetbrains.com/issue/KT-73255 for more details.
w: file:///app/app/src/main/java/com/nuvio/tv/data/remote/api/TmdbApi.kt:551:5 This annotation is currently applied to the value parameter only, but in the future it will also be applied to property.
- To opt in to applying to both value parameter and property, add '-Xannotation-default-target=param-property' to your compiler arguments.
- To keep applying to the value parameter only, use the '@param:' annotation target.

See https://youtrack.jetbrains.com/issue/KT-73255 for more details.
w: file:///app/app/src/main/java/com/nuvio/tv/data/remote/api/TmdbApi.kt:556:5 This annotation is currently applied to the value parameter only, but in the future it will also be applied to property.
- To opt in to applying to both value parameter and property, add '-Xannotation-default-target=param-property' to your compiler arguments.
- To keep applying to the value parameter only, use the '@param:' annotation target.

See https://youtrack.jetbrains.com/issue/KT-73255 for more details.
w: file:///app/app/src/main/java/com/nuvio/tv/data/remote/api/TmdbApi.kt:557:5 This annotation is currently applied to the value parameter only, but in the future it will also be applied to property.
- To opt in to applying to both value parameter and property, add '-Xannotation-default-target=param-property' to your compiler arguments.
- To keep applying to the value parameter only, use the '@param:' annotation target.

See https://youtrack.jetbrains.com/issue/KT-73255 for more details.
w: file:///app/app/src/main/java/com/nuvio/tv/data/remote/api/TmdbApi.kt:558:5 This annotation is currently applied to the value parameter only, but in the future it will also be applied to property.
- To opt in to applying to both value parameter and property, add '-Xannotation-default-target=param-property' to your compiler arguments.
- To keep applying to the value parameter only, use the '@param:' annotation target.

See https://youtrack.jetbrains.com/issue/KT-73255 for more details.
w: file:///app/app/src/main/java/com/nuvio/tv/data/remote/api/TmdbApi.kt:559:5 This annotation is currently applied to the value parameter only, but in the future it will also be applied to property.
- To opt in to applying to both value parameter and property, add '-Xannotation-default-target=param-property' to your compiler arguments.
- To keep applying to the value parameter only, use the '@param:' annotation target.

See https://youtrack.jetbrains.com/issue/KT-73255 for more details.
w: file:///app/app/src/main/java/com/nuvio/tv/data/remote/api/TmdbApi.kt:560:5 This annotation is currently applied to the value parameter only, but in the future it will also be applied to property.
- To opt in to applying to both value parameter and property, add '-Xannotation-default-target=param-property' to your compiler arguments.
- To keep applying to the value parameter only, use the '@param:' annotation target.

See https://youtrack.jetbrains.com/issue/KT-73255 for more details.
w: file:///app/app/src/main/java/com/nuvio/tv/data/remote/api/TmdbApi.kt:561:5 This annotation is currently applied to the value parameter only, but in the future it will also be applied to property.
- To opt in to applying to both value parameter and property, add '-Xannotation-default-target=param-property' to your compiler arguments.
- To keep applying to the value parameter only, use the '@param:' annotation target.

See https://youtrack.jetbrains.com/issue/KT-73255 for more details.
w: file:///app/app/src/main/java/com/nuvio/tv/data/remote/api/TmdbApi.kt:562:5 This annotation is currently applied to the value parameter only, but in the future it will also be applied to property.
- To opt in to applying to both value parameter and property, add '-Xannotation-default-target=param-property' to your compiler arguments.
- To keep applying to the value parameter only, use the '@param:' annotation target.

See https://youtrack.jetbrains.com/issue/KT-73255 for more details.
w: file:///app/app/src/main/java/com/nuvio/tv/data/remote/api/TmdbApi.kt:563:5 This annotation is currently applied to the value parameter only, but in the future it will also be applied to property.
- To opt in to applying to both value parameter and property, add '-Xannotation-default-target=param-property' to your compiler arguments.
- To keep applying to the value parameter only, use the '@param:' annotation target.

See https://youtrack.jetbrains.com/issue/KT-73255 for more details.
w: file:///app/app/src/main/java/com/nuvio/tv/data/remote/api/TmdbApi.kt:564:5 This annotation is currently applied to the value parameter only, but in the future it will also be applied to property.
- To opt in to applying to both value parameter and property, add '-Xannotation-default-target=param-property' to your compiler arguments.
- To keep applying to the value parameter only, use the '@param:' annotation target.

See https://youtrack.jetbrains.com/issue/KT-73255 for more details.
w: file:///app/app/src/main/java/com/nuvio/tv/data/remote/api/TmdbApi.kt:565:5 This annotation is currently applied to the value parameter only, but in the future it will also be applied to property.
- To opt in to applying to both value parameter and property, add '-Xannotation-default-target=param-property' to your compiler arguments.
- To keep applying to the value parameter only, use the '@param:' annotation target.

See https://youtrack.jetbrains.com/issue/KT-73255 for more details.
w: file:///app/app/src/main/java/com/nuvio/tv/data/remote/api/TmdbApi.kt:566:5 This annotation is currently applied to the value parameter only, but in the future it will also be applied to property.
- To opt in to applying to both value parameter and property, add '-Xannotation-default-target=param-property' to your compiler arguments.
- To keep applying to the value parameter only, use the '@param:' annotation target.

See https://youtrack.jetbrains.com/issue/KT-73255 for more details.
w: file:///app/app/src/main/java/com/nuvio/tv/data/remote/api/TmdbApi.kt:567:5 This annotation is currently applied to the value parameter only, but in the future it will also be applied to property.
- To opt in to applying to both value parameter and property, add '-Xannotation-default-target=param-property' to your compiler arguments.
- To keep applying to the value parameter only, use the '@param:' annotation target.

See https://youtrack.jetbrains.com/issue/KT-73255 for more details.
w: file:///app/app/src/main/java/com/nuvio/tv/data/remote/api/TmdbApi.kt:568:5 This annotation is currently applied to the value parameter only, but in the future it will also be applied to property.
- To opt in to applying to both value parameter and property, add '-Xannotation-default-target=param-property' to your compiler arguments.
- To keep applying to the value parameter only, use the '@param:' annotation target.

See https://youtrack.jetbrains.com/issue/KT-73255 for more details.
w: file:///app/app/src/main/java/com/nuvio/tv/data/remote/api/TmdbApi.kt:569:5 This annotation is currently applied to the value parameter only, but in the future it will also be applied to property.
- To opt in to applying to both value parameter and property, add '-Xannotation-default-target=param-property' to your compiler arguments.
- To keep applying to the value parameter only, use the '@param:' annotation target.

See https://youtrack.jetbrains.com/issue/KT-73255 for more details.
w: file:///app/app/src/main/java/com/nuvio/tv/data/remote/api/TmdbApi.kt:576:5 This annotation is currently applied to the value parameter only, but in the future it will also be applied to property.
- To opt in to applying to both value parameter and property, add '-Xannotation-default-target=param-property' to your compiler arguments.
- To keep applying to the value parameter only, use the '@param:' annotation target.

See https://youtrack.jetbrains.com/issue/KT-73255 for more details.
w: file:///app/app/src/main/java/com/nuvio/tv/data/remote/api/TmdbApi.kt:577:5 This annotation is currently applied to the value parameter only, but in the future it will also be applied to property.
- To opt in to applying to both value parameter and property, add '-Xannotation-default-target=param-property' to your compiler arguments.
- To keep applying to the value parameter only, use the '@param:' annotation target.

See https://youtrack.jetbrains.com/issue/KT-73255 for more details.
w: file:///app/app/src/main/java/com/nuvio/tv/data/remote/api/TmdbApi.kt:578:5 This annotation is currently applied to the value parameter only, but in the future it will also be applied to property.
- To opt in to applying to both value parameter and property, add '-Xannotation-default-target=param-property' to your compiler arguments.
- To keep applying to the value parameter only, use the '@param:' annotation target.

See https://youtrack.jetbrains.com/issue/KT-73255 for more details.
w: file:///app/app/src/main/java/com/nuvio/tv/data/remote/api/TmdbApi.kt:579:5 This annotation is currently applied to the value parameter only, but in the future it will also be applied to property.
- To opt in to applying to both value parameter and property, add '-Xannotation-default-target=param-property' to your compiler arguments.
- To keep applying to the value parameter only, use the '@param:' annotation target.

See https://youtrack.jetbrains.com/issue/KT-73255 for more details.
w: file:///app/app/src/main/java/com/nuvio/tv/data/remote/api/TmdbApi.kt:580:5 This annotation is currently applied to the value parameter only, but in the future it will also be applied to property.
- To opt in to applying to both value parameter and property, add '-Xannotation-default-target=param-property' to your compiler arguments.
- To keep applying to the value parameter only, use the '@param:' annotation target.

See https://youtrack.jetbrains.com/issue/KT-73255 for more details.
w: file:///app/app/src/main/java/com/nuvio/tv/data/remote/api/TmdbApi.kt:581:5 This annotation is currently applied to the value parameter only, but in the future it will also be applied to property.
- To opt in to applying to both value parameter and property, add '-Xannotation-default-target=param-property' to your compiler arguments.
- To keep applying to the value parameter only, use the '@param:' annotation target.

See https://youtrack.jetbrains.com/issue/KT-73255 for more details.
w: file:///app/app/src/main/java/com/nuvio/tv/data/remote/api/TmdbApi.kt:582:5 This annotation is currently applied to the value parameter only, but in the future it will also be applied to property.
- To opt in to applying to both value parameter and property, add '-Xannotation-default-target=param-property' to your compiler arguments.
- To keep applying to the value parameter only, use the '@param:' annotation target.

See https://youtrack.jetbrains.com/issue/KT-73255 for more details.
w: file:///app/app/src/main/java/com/nuvio/tv/data/remote/api/TmdbApi.kt:583:5 This annotation is currently applied to the value parameter only, but in the future it will also be applied to property.
- To opt in to applying to both value parameter and property, add '-Xannotation-default-target=param-property' to your compiler arguments.
- To keep applying to the value parameter only, use the '@param:' annotation target.

See https://youtrack.jetbrains.com/issue/KT-73255 for more details.
w: file:///app/app/src/main/java/com/nuvio/tv/data/remote/api/TmdbApi.kt:584:5 This annotation is currently applied to the value parameter only, but in the future it will also be applied to property.
- To opt in to applying to both value parameter and property, add '-Xannotation-default-target=param-property' to your compiler arguments.
- To keep applying to the value parameter only, use the '@param:' annotation target.

See https://youtrack.jetbrains.com/issue/KT-73255 for more details.
w: file:///app/app/src/main/java/com/nuvio/tv/data/remote/api/TmdbApi.kt:585:5 This annotation is currently applied to the value parameter only, but in the future it will also be applied to property.
- To opt in to applying to both value parameter and property, add '-Xannotation-default-target=param-property' to your compiler arguments.
- To keep applying to the value parameter only, use the '@param:' annotation target.

See https://youtrack.jetbrains.com/issue/KT-73255 for more details.
w: file:///app/app/src/main/java/com/nuvio/tv/data/remote/api/TmdbApi.kt:590:5 This annotation is currently applied to the value parameter only, but in the future it will also be applied to property.
- To opt in to applying to both value parameter and property, add '-Xannotation-default-target=param-property' to your compiler arguments.
- To keep applying to the value parameter only, use the '@param:' annotation target.

See https://youtrack.jetbrains.com/issue/KT-73255 for more details.
w: file:///app/app/src/main/java/com/nuvio/tv/data/remote/api/TmdbApi.kt:591:5 This annotation is currently applied to the value parameter only, but in the future it will also be applied to property.
- To opt in to applying to both value parameter and property, add '-Xannotation-default-target=param-property' to your compiler arguments.
- To keep applying to the value parameter only, use the '@param:' annotation target.

See https://youtrack.jetbrains.com/issue/KT-73255 for more details.
w: file:///app/app/src/main/java/com/nuvio/tv/data/remote/api/TmdbApi.kt:596:5 This annotation is currently applied to the value parameter only, but in the future it will also be applied to property.
- To opt in to applying to both value parameter and property, add '-Xannotation-default-target=param-property' to your compiler arguments.
- To keep applying to the value parameter only, use the '@param:' annotation target.

See https://youtrack.jetbrains.com/issue/KT-73255 for more details.
w: file:///app/app/src/main/java/com/nuvio/tv/data/remote/api/TmdbApi.kt:597:5 This annotation is currently applied to the value parameter only, but in the future it will also be applied to property.
- To opt in to applying to both value parameter and property, add '-Xannotation-default-target=param-property' to your compiler arguments.
- To keep applying to the value parameter only, use the '@param:' annotation target.

See https://youtrack.jetbrains.com/issue/KT-73255 for more details.
w: file:///app/app/src/main/java/com/nuvio/tv/data/remote/api/TmdbApi.kt:598:5 This annotation is currently applied to the value parameter only, but in the future it will also be applied to property.
- To opt in to applying to both value parameter and property, add '-Xannotation-default-target=param-property' to your compiler arguments.
- To keep applying to the value parameter only, use the '@param:' annotation target.

See https://youtrack.jetbrains.com/issue/KT-73255 for more details.
w: file:///app/app/src/main/java/com/nuvio/tv/data/remote/api/TmdbApi.kt:599:5 This annotation is currently applied to the value parameter only, but in the future it will also be applied to property.
- To opt in to applying to both value parameter and property, add '-Xannotation-default-target=param-property' to your compiler arguments.
- To keep applying to the value parameter only, use the '@param:' annotation target.

See https://youtrack.jetbrains.com/issue/KT-73255 for more details.
w: file:///app/app/src/main/java/com/nuvio/tv/data/remote/api/TmdbApi.kt:600:5 This annotation is currently applied to the value parameter only, but in the future it will also be applied to property.
- To opt in to applying to both value parameter and property, add '-Xannotation-default-target=param-property' to your compiler arguments.
- To keep applying to the value parameter only, use the '@param:' annotation target.

See https://youtrack.jetbrains.com/issue/KT-73255 for more details.
w: file:///app/app/src/main/java/com/nuvio/tv/data/remote/api/TmdbApi.kt:601:5 This annotation is currently applied to the value parameter only, but in the future it will also be applied to property.
- To opt in to applying to both value parameter and property, add '-Xannotation-default-target=param-property' to your compiler arguments.
- To keep applying to the value parameter only, use the '@param:' annotation target.

See https://youtrack.jetbrains.com/issue/KT-73255 for more details.
w: file:///app/app/src/main/java/com/nuvio/tv/data/remote/api/TmdbApi.kt:602:5 This annotation is currently applied to the value parameter only, but in the future it will also be applied to property.
- To opt in to applying to both value parameter and property, add '-Xannotation-default-target=param-property' to your compiler arguments.
- To keep applying to the value parameter only, use the '@param:' annotation target.

See https://youtrack.jetbrains.com/issue/KT-73255 for more details.
w: file:///app/app/src/main/java/com/nuvio/tv/data/remote/api/TmdbApi.kt:603:5 This annotation is currently applied to the value parameter only, but in the future it will also be applied to property.
- To opt in to applying to both value parameter and property, add '-Xannotation-default-target=param-property' to your compiler arguments.
- To keep applying to the value parameter only, use the '@param:' annotation target.

See https://youtrack.jetbrains.com/issue/KT-73255 for more details.
w: file:///app/app/src/main/java/com/nuvio/tv/data/remote/api/TmdbApi.kt:604:5 This annotation is currently applied to the value parameter only, but in the future it will also be applied to property.
- To opt in to applying to both value parameter and property, add '-Xannotation-default-target=param-property' to your compiler arguments.
- To keep applying to the value parameter only, use the '@param:' annotation target.

See https://youtrack.jetbrains.com/issue/KT-73255 for more details.
w: file:///app/app/src/main/java/com/nuvio/tv/data/remote/api/TmdbApi.kt:605:5 This annotation is currently applied to the value parameter only, but in the future it will also be applied to property.
- To opt in to applying to both value parameter and property, add '-Xannotation-default-target=param-property' to your compiler arguments.
- To keep applying to the value parameter only, use the '@param:' annotation target.

See https://youtrack.jetbrains.com/issue/KT-73255 for more details.
w: file:///app/app/src/main/java/com/nuvio/tv/data/remote/api/TmdbApi.kt:606:5 This annotation is currently applied to the value parameter only, but in the future it will also be applied to property.
- To opt in to applying to both value parameter and property, add '-Xannotation-default-target=param-property' to your compiler arguments.
- To keep applying to the value parameter only, use the '@param:' annotation target.

See https://youtrack.jetbrains.com/issue/KT-73255 for more details.
w: file:///app/app/src/main/java/com/nuvio/tv/data/remote/api/TmdbApi.kt:607:5 This annotation is currently applied to the value parameter only, but in the future it will also be applied to property.
- To opt in to applying to both value parameter and property, add '-Xannotation-default-target=param-property' to your compiler arguments.
- To keep applying to the value parameter only, use the '@param:' annotation target.

See https://youtrack.jetbrains.com/issue/KT-73255 for more details.
w: file:///app/app/src/main/java/com/nuvio/tv/data/remote/api/TmdbApi.kt:612:5 This annotation is currently applied to the value parameter only, but in the future it will also be applied to property.
- To opt in to applying to both value parameter and property, add '-Xannotation-default-target=param-property' to your compiler arguments.
- To keep applying to the value parameter only, use the '@param:' annotation target.

See https://youtrack.jetbrains.com/issue/KT-73255 for more details.
w: file:///app/app/src/main/java/com/nuvio/tv/data/remote/api/TmdbApi.kt:613:5 This annotation is currently applied to the value parameter only, but in the future it will also be applied to property.
- To opt in to applying to both value parameter and property, add '-Xannotation-default-target=param-property' to your compiler arguments.
- To keep applying to the value parameter only, use the '@param:' annotation target.

See https://youtrack.jetbrains.com/issue/KT-73255 for more details.
w: file:///app/app/src/main/java/com/nuvio/tv/data/remote/api/TmdbApi.kt:614:5 This annotation is currently applied to the value parameter only, but in the future it will also be applied to property.
- To opt in to applying to both value parameter and property, add '-Xannotation-default-target=param-property' to your compiler arguments.
- To keep applying to the value parameter only, use the '@param:' annotation target.

See https://youtrack.jetbrains.com/issue/KT-73255 for more details.
w: file:///app/app/src/main/java/com/nuvio/tv/data/remote/api/TmdbApi.kt:615:5 This annotation is currently applied to the value parameter only, but in the future it will also be applied to property.
- To opt in to applying to both value parameter and property, add '-Xannotation-default-target=param-property' to your compiler arguments.
- To keep applying to the value parameter only, use the '@param:' annotation target.

See https://youtrack.jetbrains.com/issue/KT-73255 for more details.
w: file:///app/app/src/main/java/com/nuvio/tv/data/remote/api/TmdbApi.kt:616:5 This annotation is currently applied to the value parameter only, but in the future it will also be applied to property.
- To opt in to applying to both value parameter and property, add '-Xannotation-default-target=param-property' to your compiler arguments.
- To keep applying to the value parameter only, use the '@param:' annotation target.

See https://youtrack.jetbrains.com/issue/KT-73255 for more details.
w: file:///app/app/src/main/java/com/nuvio/tv/data/remote/api/TmdbApi.kt:617:5 This annotation is currently applied to the value parameter only, but in the future it will also be applied to property.
- To opt in to applying to both value parameter and property, add '-Xannotation-default-target=param-property' to your compiler arguments.
- To keep applying to the value parameter only, use the '@param:' annotation target.

See https://youtrack.jetbrains.com/issue/KT-73255 for more details.
w: file:///app/app/src/main/java/com/nuvio/tv/data/remote/api/TmdbApi.kt:618:5 This annotation is currently applied to the value parameter only, but in the future it will also be applied to property.
- To opt in to applying to both value parameter and property, add '-Xannotation-default-target=param-property' to your compiler arguments.
- To keep applying to the value parameter only, use the '@param:' annotation target.

See https://youtrack.jetbrains.com/issue/KT-73255 for more details.
w: file:///app/app/src/main/java/com/nuvio/tv/data/remote/api/TmdbApi.kt:619:5 This annotation is currently applied to the value parameter only, but in the future it will also be applied to property.
- To opt in to applying to both value parameter and property, add '-Xannotation-default-target=param-property' to your compiler arguments.
- To keep applying to the value parameter only, use the '@param:' annotation target.

See https://youtrack.jetbrains.com/issue/KT-73255 for more details.
w: file:///app/app/src/main/java/com/nuvio/tv/data/remote/api/TmdbApi.kt:620:5 This annotation is currently applied to the value parameter only, but in the future it will also be applied to property.
- To opt in to applying to both value parameter and property, add '-Xannotation-default-target=param-property' to your compiler arguments.
- To keep applying to the value parameter only, use the '@param:' annotation target.

See https://youtrack.jetbrains.com/issue/KT-73255 for more details.
w: file:///app/app/src/main/java/com/nuvio/tv/data/remote/api/TmdbApi.kt:621:5 This annotation is currently applied to the value parameter only, but in the future it will also be applied to property.
- To opt in to applying to both value parameter and property, add '-Xannotation-default-target=param-property' to your compiler arguments.
- To keep applying to the value parameter only, use the '@param:' annotation target.

See https://youtrack.jetbrains.com/issue/KT-73255 for more details.
w: file:///app/app/src/main/java/com/nuvio/tv/data/remote/api/TmdbApi.kt:622:5 This annotation is currently applied to the value parameter only, but in the future it will also be applied to property.
- To opt in to applying to both value parameter and property, add '-Xannotation-default-target=param-property' to your compiler arguments.
- To keep applying to the value parameter only, use the '@param:' annotation target.

See https://youtrack.jetbrains.com/issue/KT-73255 for more details.
w: file:///app/app/src/main/java/com/nuvio/tv/data/remote/api/TmdbApi.kt:623:5 This annotation is currently applied to the value parameter only, but in the future it will also be applied to property.
- To opt in to applying to both value parameter and property, add '-Xannotation-default-target=param-property' to your compiler arguments.
- To keep applying to the value parameter only, use the '@param:' annotation target.

See https://youtrack.jetbrains.com/issue/KT-73255 for more details.
w: file:///app/app/src/main/java/com/nuvio/tv/data/remote/api/TmdbApi.kt:628:5 This annotation is currently applied to the value parameter only, but in the future it will also be applied to property.
- To opt in to applying to both value parameter and property, add '-Xannotation-default-target=param-property' to your compiler arguments.
- To keep applying to the value parameter only, use the '@param:' annotation target.

See https://youtrack.jetbrains.com/issue/KT-73255 for more details.
w: file:///app/app/src/main/java/com/nuvio/tv/data/remote/api/TmdbApi.kt:629:5 This annotation is currently applied to the value parameter only, but in the future it will also be applied to property.
- To opt in to applying to both value parameter and property, add '-Xannotation-default-target=param-property' to your compiler arguments.
- To keep applying to the value parameter only, use the '@param:' annotation target.

See https://youtrack.jetbrains.com/issue/KT-73255 for more details.
w: file:///app/app/src/main/java/com/nuvio/tv/data/remote/api/TmdbApi.kt:630:5 This annotation is currently applied to the value parameter only, but in the future it will also be applied to property.
- To opt in to applying to both value parameter and property, add '-Xannotation-default-target=param-property' to your compiler arguments.
- To keep applying to the value parameter only, use the '@param:' annotation target.

See https://youtrack.jetbrains.com/issue/KT-73255 for more details.
w: file:///app/app/src/main/java/com/nuvio/tv/data/remote/api/TmdbApi.kt:631:5 This annotation is currently applied to the value parameter only, but in the future it will also be applied to property.
- To opt in to applying to both value parameter and property, add '-Xannotation-default-target=param-property' to your compiler arguments.
- To keep applying to the value parameter only, use the '@param:' annotation target.

See https://youtrack.jetbrains.com/issue/KT-73255 for more details.
w: file:///app/app/src/main/java/com/nuvio/tv/data/remote/api/TmdbApi.kt:632:5 This annotation is currently applied to the value parameter only, but in the future it will also be applied to property.
- To opt in to applying to both value parameter and property, add '-Xannotation-default-target=param-property' to your compiler arguments.
- To keep applying to the value parameter only, use the '@param:' annotation target.

See https://youtrack.jetbrains.com/issue/KT-73255 for more details.
w: file:///app/app/src/main/java/com/nuvio/tv/data/remote/api/TmdbApi.kt:633:5 This annotation is currently applied to the value parameter only, but in the future it will also be applied to property.
- To opt in to applying to both value parameter and property, add '-Xannotation-default-target=param-property' to your compiler arguments.
- To keep applying to the value parameter only, use the '@param:' annotation target.

See https://youtrack.jetbrains.com/issue/KT-73255 for more details.
w: file:///app/app/src/main/java/com/nuvio/tv/data/remote/api/TmdbApi.kt:638:5 This annotation is currently applied to the value parameter only, but in the future it will also be applied to property.
- To opt in to applying to both value parameter and property, add '-Xannotation-default-target=param-property' to your compiler arguments.
- To keep applying to the value parameter only, use the '@param:' annotation target.

See https://youtrack.jetbrains.com/issue/KT-73255 for more details.
w: file:///app/app/src/main/java/com/nuvio/tv/data/remote/api/TmdbApi.kt:639:5 This annotation is currently applied to the value parameter only, but in the future it will also be applied to property.
- To opt in to applying to both value parameter and property, add '-Xannotation-default-target=param-property' to your compiler arguments.
- To keep applying to the value parameter only, use the '@param:' annotation target.

See https://youtrack.jetbrains.com/issue/KT-73255 for more details.
w: file:///app/app/src/main/java/com/nuvio/tv/data/remote/api/TmdbApi.kt:640:5 This annotation is currently applied to the value parameter only, but in the future it will also be applied to property.
- To opt in to applying to both value parameter and property, add '-Xannotation-default-target=param-property' to your compiler arguments.
- To keep applying to the value parameter only, use the '@param:' annotation target.

See https://youtrack.jetbrains.com/issue/KT-73255 for more details.
w: file:///app/app/src/main/java/com/nuvio/tv/data/remote/api/TmdbApi.kt:641:5 This annotation is currently applied to the value parameter only, but in the future it will also be applied to property.
- To opt in to applying to both value parameter and property, add '-Xannotation-default-target=param-property' to your compiler arguments.
- To keep applying to the value parameter only, use the '@param:' annotation target.

See https://youtrack.jetbrains.com/issue/KT-73255 for more details.
w: file:///app/app/src/main/java/com/nuvio/tv/data/remote/api/TmdbApi.kt:642:5 This annotation is currently applied to the value parameter only, but in the future it will also be applied to property.
- To opt in to applying to both value parameter and property, add '-Xannotation-default-target=param-property' to your compiler arguments.
- To keep applying to the value parameter only, use the '@param:' annotation target.

See https://youtrack.jetbrains.com/issue/KT-73255 for more details.
w: file:///app/app/src/main/java/com/nuvio/tv/data/remote/api/TmdbApi.kt:643:5 This annotation is currently applied to the value parameter only, but in the future it will also be applied to property.
- To opt in to applying to both value parameter and property, add '-Xannotation-default-target=param-property' to your compiler arguments.
- To keep applying to the value parameter only, use the '@param:' annotation target.

See https://youtrack.jetbrains.com/issue/KT-73255 for more details.
w: file:///app/app/src/main/java/com/nuvio/tv/data/remote/api/TmdbApi.kt:644:5 This annotation is currently applied to the value parameter only, but in the future it will also be applied to property.
- To opt in to applying to both value parameter and property, add '-Xannotation-default-target=param-property' to your compiler arguments.
- To keep applying to the value parameter only, use the '@param:' annotation target.

See https://youtrack.jetbrains.com/issue/KT-73255 for more details.
w: file:///app/app/src/main/java/com/nuvio/tv/data/remote/api/TmdbApi.kt:649:5 This annotation is currently applied to the value parameter only, but in the future it will also be applied to property.
- To opt in to applying to both value parameter and property, add '-Xannotation-default-target=param-property' to your compiler arguments.
- To keep applying to the value parameter only, use the '@param:' annotation target.

See https://youtrack.jetbrains.com/issue/KT-73255 for more details.
w: file:///app/app/src/main/java/com/nuvio/tv/data/remote/api/TmdbApi.kt:650:5 This annotation is currently applied to the value parameter only, but in the future it will also be applied to property.
- To opt in to applying to both value parameter and property, add '-Xannotation-default-target=param-property' to your compiler arguments.
- To keep applying to the value parameter only, use the '@param:' annotation target.

See https://youtrack.jetbrains.com/issue/KT-73255 for more details.
w: file:///app/app/src/main/java/com/nuvio/tv/data/remote/api/TmdbApi.kt:651:5 This annotation is currently applied to the value parameter only, but in the future it will also be applied to property.
- To opt in to applying to both value parameter and property, add '-Xannotation-default-target=param-property' to your compiler arguments.
- To keep applying to the value parameter only, use the '@param:' annotation target.

See https://youtrack.jetbrains.com/issue/KT-73255 for more details.
w: file:///app/app/src/main/java/com/nuvio/tv/data/remote/api/TmdbApi.kt:652:5 This annotation is currently applied to the value parameter only, but in the future it will also be applied to property.
- To opt in to applying to both value parameter and property, add '-Xannotation-default-target=param-property' to your compiler arguments.
- To keep applying to the value parameter only, use the '@param:' annotation target.

See https://youtrack.jetbrains.com/issue/KT-73255 for more details.
w: file:///app/app/src/main/java/com/nuvio/tv/data/remote/api/TmdbApi.kt:657:5 This annotation is currently applied to the value parameter only, but in the future it will also be applied to property.
- To opt in to applying to both value parameter and property, add '-Xannotation-default-target=param-property' to your compiler arguments.
- To keep applying to the value parameter only, use the '@param:' annotation target.

See https://youtrack.jetbrains.com/issue/KT-73255 for more details.
w: file:///app/app/src/main/java/com/nuvio/tv/data/remote/api/TmdbApi.kt:658:5 This annotation is currently applied to the value parameter only, but in the future it will also be applied to property.
- To opt in to applying to both value parameter and property, add '-Xannotation-default-target=param-property' to your compiler arguments.
- To keep applying to the value parameter only, use the '@param:' annotation target.

See https://youtrack.jetbrains.com/issue/KT-73255 for more details.
w: file:///app/app/src/main/java/com/nuvio/tv/data/remote/api/TmdbApi.kt:659:5 This annotation is currently applied to the value parameter only, but in the future it will also be applied to property.
- To opt in to applying to both value parameter and property, add '-Xannotation-default-target=param-property' to your compiler arguments.
- To keep applying to the value parameter only, use the '@param:' annotation target.

See https://youtrack.jetbrains.com/issue/KT-73255 for more details.
w: file:///app/app/src/main/java/com/nuvio/tv/data/remote/api/TmdbApi.kt:660:5 This annotation is currently applied to the value parameter only, but in the future it will also be applied to property.
- To opt in to applying to both value parameter and property, add '-Xannotation-default-target=param-property' to your compiler arguments.
- To keep applying to the value parameter only, use the '@param:' annotation target.

See https://youtrack.jetbrains.com/issue/KT-73255 for more details.
w: file:///app/app/src/main/java/com/nuvio/tv/data/remote/api/TmdbApi.kt:661:5 This annotation is currently applied to the value parameter only, but in the future it will also be applied to property.
- To opt in to applying to both value parameter and property, add '-Xannotation-default-target=param-property' to your compiler arguments.
- To keep applying to the value parameter only, use the '@param:' annotation target.

See https://youtrack.jetbrains.com/issue/KT-73255 for more details.
w: file:///app/app/src/main/java/com/nuvio/tv/data/remote/api/TmdbApi.kt:662:5 This annotation is currently applied to the value parameter only, but in the future it will also be applied to property.
- To opt in to applying to both value parameter and property, add '-Xannotation-default-target=param-property' to your compiler arguments.
- To keep applying to the value parameter only, use the '@param:' annotation target.

See https://youtrack.jetbrains.com/issue/KT-73255 for more details.
w: file:///app/app/src/main/java/com/nuvio/tv/data/remote/api/TmdbApi.kt:663:5 This annotation is currently applied to the value parameter only, but in the future it will also be applied to property.
- To opt in to applying to both value parameter and property, add '-Xannotation-default-target=param-property' to your compiler arguments.
- To keep applying to the value parameter only, use the '@param:' annotation target.

See https://youtrack.jetbrains.com/issue/KT-73255 for more details.
w: file:///app/app/src/main/java/com/nuvio/tv/data/remote/api/TmdbApi.kt:668:5 This annotation is currently applied to the value parameter only, but in the future it will also be applied to property.
- To opt in to applying to both value parameter and property, add '-Xannotation-default-target=param-property' to your compiler arguments.
- To keep applying to the value parameter only, use the '@param:' annotation target.

See https://youtrack.jetbrains.com/issue/KT-73255 for more details.
w: file:///app/app/src/main/java/com/nuvio/tv/data/remote/api/TmdbApi.kt:669:5 This annotation is currently applied to the value parameter only, but in the future it will also be applied to property.
- To opt in to applying to both value parameter and property, add '-Xannotation-default-target=param-property' to your compiler arguments.
- To keep applying to the value parameter only, use the '@param:' annotation target.

See https://youtrack.jetbrains.com/issue/KT-73255 for more details.
w: file:///app/app/src/main/java/com/nuvio/tv/data/remote/api/TmdbApi.kt:670:5 This annotation is currently applied to the value parameter only, but in the future it will also be applied to property.
- To opt in to applying to both value parameter and property, add '-Xannotation-default-target=param-property' to your compiler arguments.
- To keep applying to the value parameter only, use the '@param:' annotation target.

See https://youtrack.jetbrains.com/issue/KT-73255 for more details.
w: file:///app/app/src/main/java/com/nuvio/tv/data/remote/api/TmdbApi.kt:671:5 This annotation is currently applied to the value parameter only, but in the future it will also be applied to property.
- To opt in to applying to both value parameter and property, add '-Xannotation-default-target=param-property' to your compiler arguments.
- To keep applying to the value parameter only, use the '@param:' annotation target.

See https://youtrack.jetbrains.com/issue/KT-73255 for more details.
w: file:///app/app/src/main/java/com/nuvio/tv/data/remote/api/TmdbApi.kt:672:5 This annotation is currently applied to the value parameter only, but in the future it will also be applied to property.
- To opt in to applying to both value parameter and property, add '-Xannotation-default-target=param-property' to your compiler arguments.
- To keep applying to the value parameter only, use the '@param:' annotation target.

See https://youtrack.jetbrains.com/issue/KT-73255 for more details.
w: file:///app/app/src/main/java/com/nuvio/tv/data/remote/api/TmdbApi.kt:673:5 This annotation is currently applied to the value parameter only, but in the future it will also be applied to property.
- To opt in to applying to both value parameter and property, add '-Xannotation-default-target=param-property' to your compiler arguments.
- To keep applying to the value parameter only, use the '@param:' annotation target.

See https://youtrack.jetbrains.com/issue/KT-73255 for more details.
w: file:///app/app/src/main/java/com/nuvio/tv/data/remote/api/TrailerApi.kt:21:5 This annotation is currently applied to the value parameter only, but in the future it will also be applied to property.
- To opt in to applying to both value parameter and property, add '-Xannotation-default-target=param-property' to your compiler arguments.
- To keep applying to the value parameter only, use the '@param:' annotation target.

See https://youtrack.jetbrains.com/issue/KT-73255 for more details.
w: file:///app/app/src/main/java/com/nuvio/tv/data/remote/api/TrailerApi.kt:22:5 This annotation is currently applied to the value parameter only, but in the future it will also be applied to property.
- To opt in to applying to both value parameter and property, add '-Xannotation-default-target=param-property' to your compiler arguments.
- To keep applying to the value parameter only, use the '@param:' annotation target.

See https://youtrack.jetbrains.com/issue/KT-73255 for more details.
w: file:///app/app/src/main/java/com/nuvio/tv/data/remote/dto/AddonManifestDto.kt:8:5 This annotation is currently applied to the value parameter only, but in the future it will also be applied to property.
- To opt in to applying to both value parameter and property, add '-Xannotation-default-target=param-property' to your compiler arguments.
- To keep applying to the value parameter only, use the '@param:' annotation target.

See https://youtrack.jetbrains.com/issue/KT-73255 for more details.
w: file:///app/app/src/main/java/com/nuvio/tv/data/remote/dto/AddonManifestDto.kt:9:5 This annotation is currently applied to the value parameter only, but in the future it will also be applied to property.
- To opt in to applying to both value parameter and property, add '-Xannotation-default-target=param-property' to your compiler arguments.
- To keep applying to the value parameter only, use the '@param:' annotation target.

See https://youtrack.jetbrains.com/issue/KT-73255 for more details.
w: file:///app/app/src/main/java/com/nuvio/tv/data/remote/dto/AddonManifestDto.kt:10:5 This annotation is currently applied to the value parameter only, but in the future it will also be applied to property.
- To opt in to applying to both value parameter and property, add '-Xannotation-default-target=param-property' to your compiler arguments.
- To keep applying to the value parameter only, use the '@param:' annotation target.

See https://youtrack.jetbrains.com/issue/KT-73255 for more details.
w: file:///app/app/src/main/java/com/nuvio/tv/data/remote/dto/AddonManifestDto.kt:11:5 This annotation is currently applied to the value parameter only, but in the future it will also be applied to property.
- To opt in to applying to both value parameter and property, add '-Xannotation-default-target=param-property' to your compiler arguments.
- To keep applying to the value parameter only, use the '@param:' annotation target.

See https://youtrack.jetbrains.com/issue/KT-73255 for more details.
w: file:///app/app/src/main/java/com/nuvio/tv/data/remote/dto/AddonManifestDto.kt:12:5 This annotation is currently applied to the value parameter only, but in the future it will also be applied to property.
- To opt in to applying to both value parameter and property, add '-Xannotation-default-target=param-property' to your compiler arguments.
- To keep applying to the value parameter only, use the '@param:' annotation target.

See https://youtrack.jetbrains.com/issue/KT-73255 for more details.
w: file:///app/app/src/main/java/com/nuvio/tv/data/remote/dto/AddonManifestDto.kt:13:5 This annotation is currently applied to the value parameter only, but in the future it will also be applied to property.
- To opt in to applying to both value parameter and property, add '-Xannotation-default-target=param-property' to your compiler arguments.
- To keep applying to the value parameter only, use the '@param:' annotation target.

See https://youtrack.jetbrains.com/issue/KT-73255 for more details.
w: file:///app/app/src/main/java/com/nuvio/tv/data/remote/dto/AddonManifestDto.kt:14:5 This annotation is currently applied to the value parameter only, but in the future it will also be applied to property.
- To opt in to applying to both value parameter and property, add '-Xannotation-default-target=param-property' to your compiler arguments.
- To keep applying to the value parameter only, use the '@param:' annotation target.

See https://youtrack.jetbrains.com/issue/KT-73255 for more details.
w: file:///app/app/src/main/java/com/nuvio/tv/data/remote/dto/AddonManifestDto.kt:15:5 This annotation is currently applied to the value parameter only, but in the future it will also be applied to property.
- To opt in to applying to both value parameter and property, add '-Xannotation-default-target=param-property' to your compiler arguments.
- To keep applying to the value parameter only, use the '@param:' annotation target.

See https://youtrack.jetbrains.com/issue/KT-73255 for more details.
w: file:///app/app/src/main/java/com/nuvio/tv/data/remote/dto/AddonManifestDto.kt:16:5 This annotation is currently applied to the value parameter only, but in the future it will also be applied to property.
- To opt in to applying to both value parameter and property, add '-Xannotation-default-target=param-property' to your compiler arguments.
- To keep applying to the value parameter only, use the '@param:' annotation target.

See https://youtrack.jetbrains.com/issue/KT-73255 for more details.
w: file:///app/app/src/main/java/com/nuvio/tv/data/remote/dto/AddonManifestDto.kt:17:5 This annotation is currently applied to the value parameter only, but in the future it will also be applied to property.
- To opt in to applying to both value parameter and property, add '-Xannotation-default-target=param-property' to your compiler arguments.
- To keep applying to the value parameter only, use the '@param:' annotation target.

See https://youtrack.jetbrains.com/issue/KT-73255 for more details.
w: file:///app/app/src/main/java/com/nuvio/tv/data/remote/dto/AddonManifestDto.kt:18:5 This annotation is currently applied to the value parameter only, but in the future it will also be applied to property.
- To opt in to applying to both value parameter and property, add '-Xannotation-default-target=param-property' to your compiler arguments.
- To keep applying to the value parameter only, use the '@param:' annotation target.

See https://youtrack.jetbrains.com/issue/KT-73255 for more details.
w: file:///app/app/src/main/java/com/nuvio/tv/data/remote/dto/AddonManifestDto.kt:19:5 This annotation is currently applied to the value parameter only, but in the future it will also be applied to property.
- To opt in to applying to both value parameter and property, add '-Xannotation-default-target=param-property' to your compiler arguments.
- To keep applying to the value parameter only, use the '@param:' annotation target.

See https://youtrack.jetbrains.com/issue/KT-73255 for more details.
w: file:///app/app/src/main/java/com/nuvio/tv/data/remote/dto/AddonManifestDto.kt:20:5 This annotation is currently applied to the value parameter only, but in the future it will also be applied to property.
- To opt in to applying to both value parameter and property, add '-Xannotation-default-target=param-property' to your compiler arguments.
- To keep applying to the value parameter only, use the '@param:' annotation target.

See https://youtrack.jetbrains.com/issue/KT-73255 for more details.
w: file:///app/app/src/main/java/com/nuvio/tv/data/remote/dto/AddonManifestDto.kt:21:5 This annotation is currently applied to the value parameter only, but in the future it will also be applied to property.
- To opt in to applying to both value parameter and property, add '-Xannotation-default-target=param-property' to your compiler arguments.
- To keep applying to the value parameter only, use the '@param:' annotation target.

See https://youtrack.jetbrains.com/issue/KT-73255 for more details.
w: file:///app/app/src/main/java/com/nuvio/tv/data/remote/dto/AddonManifestDto.kt:22:5 This annotation is currently applied to the value parameter only, but in the future it will also be applied to property.
- To opt in to applying to both value parameter and property, add '-Xannotation-default-target=param-property' to your compiler arguments.
- To keep applying to the value parameter only, use the '@param:' annotation target.

See https://youtrack.jetbrains.com/issue/KT-73255 for more details.
w: file:///app/app/src/main/java/com/nuvio/tv/data/remote/dto/AddonManifestDto.kt:27:5 This annotation is currently applied to the value parameter only, but in the future it will also be applied to property.
- To opt in to applying to both value parameter and property, add '-Xannotation-default-target=param-property' to your compiler arguments.
- To keep applying to the value parameter only, use the '@param:' annotation target.

See https://youtrack.jetbrains.com/issue/KT-73255 for more details.
w: file:///app/app/src/main/java/com/nuvio/tv/data/remote/dto/AddonManifestDto.kt:28:5 This annotation is currently applied to the value parameter only, but in the future it will also be applied to property.
- To opt in to applying to both value parameter and property, add '-Xannotation-default-target=param-property' to your compiler arguments.
- To keep applying to the value parameter only, use the '@param:' annotation target.

See https://youtrack.jetbrains.com/issue/KT-73255 for more details.
w: file:///app/app/src/main/java/com/nuvio/tv/data/remote/dto/AddonManifestDto.kt:29:5 This annotation is currently applied to the value parameter only, but in the future it will also be applied to property.
- To opt in to applying to both value parameter and property, add '-Xannotation-default-target=param-property' to your compiler arguments.
- To keep applying to the value parameter only, use the '@param:' annotation target.

See https://youtrack.jetbrains.com/issue/KT-73255 for more details.
w: file:///app/app/src/main/java/com/nuvio/tv/data/remote/dto/AddonManifestDto.kt:30:5 This annotation is currently applied to the value parameter only, but in the future it will also be applied to property.
- To opt in to applying to both value parameter and property, add '-Xannotation-default-target=param-property' to your compiler arguments.
- To keep applying to the value parameter only, use the '@param:' annotation target.

See https://youtrack.jetbrains.com/issue/KT-73255 for more details.
w: file:///app/app/src/main/java/com/nuvio/tv/data/remote/dto/AddonManifestDto.kt:31:5 This annotation is currently applied to the value parameter only, but in the future it will also be applied to property.
- To opt in to applying to both value parameter and property, add '-Xannotation-default-target=param-property' to your compiler arguments.
- To keep applying to the value parameter only, use the '@param:' annotation target.

See https://youtrack.jetbrains.com/issue/KT-73255 for more details.
w: file:///app/app/src/main/java/com/nuvio/tv/data/remote/dto/AddonManifestDto.kt:32:5 This annotation is currently applied to the value parameter only, but in the future it will also be applied to property.
- To opt in to applying to both value parameter and property, add '-Xannotation-default-target=param-property' to your compiler arguments.
- To keep applying to the value parameter only, use the '@param:' annotation target.

See https://youtrack.jetbrains.com/issue/KT-73255 for more details.
w: file:///app/app/src/main/java/com/nuvio/tv/data/remote/dto/AddonManifestDto.kt:33:5 This annotation is currently applied to the value parameter only, but in the future it will also be applied to property.
- To opt in to applying to both value parameter and property, add '-Xannotation-default-target=param-property' to your compiler arguments.
- To keep applying to the value parameter only, use the '@param:' annotation target.

See https://youtrack.jetbrains.com/issue/KT-73255 for more details.
w: file:///app/app/src/main/java/com/nuvio/tv/data/remote/dto/AddonManifestDto.kt:34:5 This annotation is currently applied to the value parameter only, but in the future it will also be applied to property.
- To opt in to applying to both value parameter and property, add '-Xannotation-default-target=param-property' to your compiler arguments.
- To keep applying to the value parameter only, use the '@param:' annotation target.

See https://youtrack.jetbrains.com/issue/KT-73255 for more details.
w: file:///app/app/src/main/java/com/nuvio/tv/data/remote/dto/AddonManifestDto.kt:39:5 This annotation is currently applied to the value parameter only, but in the future it will also be applied to property.
- To opt in to applying to both value parameter and property, add '-Xannotation-default-target=param-property' to your compiler arguments.
- To keep applying to the value parameter only, use the '@param:' annotation target.

See https://youtrack.jetbrains.com/issue/KT-73255 for more details.
w: file:///app/app/src/main/java/com/nuvio/tv/data/remote/dto/AddonManifestDto.kt:40:5 This annotation is currently applied to the value parameter only, but in the future it will also be applied to property.
- To opt in to applying to both value parameter and property, add '-Xannotation-default-target=param-property' to your compiler arguments.
- To keep applying to the value parameter only, use the '@param:' annotation target.

See https://youtrack.jetbrains.com/issue/KT-73255 for more details.
w: file:///app/app/src/main/java/com/nuvio/tv/data/remote/dto/AddonManifestDto.kt:41:5 This annotation is currently applied to the value parameter only, but in the future it will also be applied to property.
- To opt in to applying to both value parameter and property, add '-Xannotation-default-target=param-property' to your compiler arguments.
- To keep applying to the value parameter only, use the '@param:' annotation target.

See https://youtrack.jetbrains.com/issue/KT-73255 for more details.
w: file:///app/app/src/main/java/com/nuvio/tv/data/remote/dto/AddonManifestDto.kt:46:5 This annotation is currently applied to the value parameter only, but in the future it will also be applied to property.
- To opt in to applying to both value parameter and property, add '-Xannotation-default-target=param-property' to your compiler arguments.
- To keep applying to the value parameter only, use the '@param:' annotation target.

See https://youtrack.jetbrains.com/issue/KT-73255 for more details.
w: file:///app/app/src/main/java/com/nuvio/tv/data/remote/dto/AddonManifestDto.kt:47:5 This annotation is currently applied to the value parameter only, but in the future it will also be applied to property.
- To opt in to applying to both value parameter and property, add '-Xannotation-default-target=param-property' to your compiler arguments.
- To keep applying to the value parameter only, use the '@param:' annotation target.

See https://youtrack.jetbrains.com/issue/KT-73255 for more details.
w: file:///app/app/src/main/java/com/nuvio/tv/data/remote/dto/CatalogResponseDto.kt:8:5 This annotation is currently applied to the value parameter only, but in the future it will also be applied to property.
- To opt in to applying to both value parameter and property, add '-Xannotation-default-target=param-property' to your compiler arguments.
- To keep applying to the value parameter only, use the '@param:' annotation target.

See https://youtrack.jetbrains.com/issue/KT-73255 for more details.
w: file:///app/app/src/main/java/com/nuvio/tv/data/remote/dto/CatalogResponseDto.kt:13:5 This annotation is currently applied to the value parameter only, but in the future it will also be applied to property.
- To opt in to applying to both value parameter and property, add '-Xannotation-default-target=param-property' to your compiler arguments.
- To keep applying to the value parameter only, use the '@param:' annotation target.

See https://youtrack.jetbrains.com/issue/KT-73255 for more details.
w: file:///app/app/src/main/java/com/nuvio/tv/data/remote/dto/CatalogResponseDto.kt:14:5 This annotation is currently applied to the value parameter only, but in the future it will also be applied to property.
- To opt in to applying to both value parameter and property, add '-Xannotation-default-target=param-property' to your compiler arguments.
- To keep applying to the value parameter only, use the '@param:' annotation target.

See https://youtrack.jetbrains.com/issue/KT-73255 for more details.
w: file:///app/app/src/main/java/com/nuvio/tv/data/remote/dto/CatalogResponseDto.kt:15:5 This annotation is currently applied to the value parameter only, but in the future it will also be applied to property.
- To opt in to applying to both value parameter and property, add '-Xannotation-default-target=param-property' to your compiler arguments.
- To keep applying to the value parameter only, use the '@param:' annotation target.

See https://youtrack.jetbrains.com/issue/KT-73255 for more details.
w: file:///app/app/src/main/java/com/nuvio/tv/data/remote/dto/CatalogResponseDto.kt:16:5 This annotation is currently applied to the value parameter only, but in the future it will also be applied to property.
- To opt in to applying to both value parameter and property, add '-Xannotation-default-target=param-property' to your compiler arguments.
- To keep applying to the value parameter only, use the '@param:' annotation target.

See https://youtrack.jetbrains.com/issue/KT-73255 for more details.
w: file:///app/app/src/main/java/com/nuvio/tv/data/remote/dto/CatalogResponseDto.kt:17:5 This annotation is currently applied to the value parameter only, but in the future it will also be applied to property.
- To opt in to applying to both value parameter and property, add '-Xannotation-default-target=param-property' to your compiler arguments.
- To keep applying to the value parameter only, use the '@param:' annotation target.

See https://youtrack.jetbrains.com/issue/KT-73255 for more details.
w: file:///app/app/src/main/java/com/nuvio/tv/data/remote/dto/CatalogResponseDto.kt:18:5 This annotation is currently applied to the value parameter only, but in the future it will also be applied to property.
- To opt in to applying to both value parameter and property, add '-Xannotation-default-target=param-property' to your compiler arguments.
- To keep applying to the value parameter only, use the '@param:' annotation target.

See https://youtrack.jetbrains.com/issue/KT-73255 for more details.
w: file:///app/app/src/main/java/com/nuvio/tv/data/remote/dto/CatalogResponseDto.kt:19:5 This annotation is currently applied to the value parameter only, but in the future it will also be applied to property.
- To opt in to applying to both value parameter and property, add '-Xannotation-default-target=param-property' to your compiler arguments.
- To keep applying to the value parameter only, use the '@param:' annotation target.

See https://youtrack.jetbrains.com/issue/KT-73255 for more details.
w: file:///app/app/src/main/java/com/nuvio/tv/data/remote/dto/CatalogResponseDto.kt:20:5 This annotation is currently applied to the value parameter only, but in the future it will also be applied to property.
- To opt in to applying to both value parameter and property, add '-Xannotation-default-target=param-property' to your compiler arguments.
- To keep applying to the value parameter only, use the '@param:' annotation target.

See https://youtrack.jetbrains.com/issue/KT-73255 for more details.
w: file:///app/app/src/main/java/com/nuvio/tv/data/remote/dto/CatalogResponseDto.kt:21:5 This annotation is currently applied to the value parameter only, but in the future it will also be applied to property.
- To opt in to applying to both value parameter and property, add '-Xannotation-default-target=param-property' to your compiler arguments.
- To keep applying to the value parameter only, use the '@param:' annotation target.

See https://youtrack.jetbrains.com/issue/KT-73255 for more details.
w: file:///app/app/src/main/java/com/nuvio/tv/data/remote/dto/CatalogResponseDto.kt:22:5 This annotation is currently applied to the value parameter only, but in the future it will also be applied to property.
- To opt in to applying to both value parameter and property, add '-Xannotation-default-target=param-property' to your compiler arguments.
- To keep applying to the value parameter only, use the '@param:' annotation target.

See https://youtrack.jetbrains.com/issue/KT-73255 for more details.
w: file:///app/app/src/main/java/com/nuvio/tv/data/remote/dto/CatalogResponseDto.kt:23:5 This annotation is currently applied to the value parameter only, but in the future it will also be applied to property.
- To opt in to applying to both value parameter and property, add '-Xannotation-default-target=param-property' to your compiler arguments.
- To keep applying to the value parameter only, use the '@param:' annotation target.

See https://youtrack.jetbrains.com/issue/KT-73255 for more details.
w: file:///app/app/src/main/java/com/nuvio/tv/data/remote/dto/CatalogResponseDto.kt:24:5 This annotation is currently applied to the value parameter only, but in the future it will also be applied to property.
- To opt in to applying to both value parameter and property, add '-Xannotation-default-target=param-property' to your compiler arguments.
- To keep applying to the value parameter only, use the '@param:' annotation target.

See https://youtrack.jetbrains.com/issue/KT-73255 for more details.
w: file:///app/app/src/main/java/com/nuvio/tv/data/remote/dto/CatalogResponseDto.kt:25:5 This annotation is currently applied to the value parameter only, but in the future it will also be applied to property.
- To opt in to applying to both value parameter and property, add '-Xannotation-default-target=param-property' to your compiler arguments.
- To keep applying to the value parameter only, use the '@param:' annotation target.

See https://youtrack.jetbrains.com/issue/KT-73255 for more details.
w: file:///app/app/src/main/java/com/nuvio/tv/data/remote/dto/CatalogResponseDto.kt:26:5 This annotation is currently applied to the value parameter only, but in the future it will also be applied to property.
- To opt in to applying to both value parameter and property, add '-Xannotation-default-target=param-property' to your compiler arguments.
- To keep applying to the value parameter only, use the '@param:' annotation target.

See https://youtrack.jetbrains.com/issue/KT-73255 for more details.
w: file:///app/app/src/main/java/com/nuvio/tv/data/remote/dto/CatalogResponseDto.kt:27:5 This annotation is currently applied to the value parameter only, but in the future it will also be applied to property.
- To opt in to applying to both value parameter and property, add '-Xannotation-default-target=param-property' to your compiler arguments.
- To keep applying to the value parameter only, use the '@param:' annotation target.

See https://youtrack.jetbrains.com/issue/KT-73255 for more details.
w: file:///app/app/src/main/java/com/nuvio/tv/data/remote/dto/CatalogResponseDto.kt:28:5 This annotation is currently applied to the value parameter only, but in the future it will also be applied to property.
- To opt in to applying to both value parameter and property, add '-Xannotation-default-target=param-property' to your compiler arguments.
- To keep applying to the value parameter only, use the '@param:' annotation target.

See https://youtrack.jetbrains.com/issue/KT-73255 for more details.
w: file:///app/app/src/main/java/com/nuvio/tv/data/remote/dto/CatalogResponseDto.kt:29:5 This annotation is currently applied to the value parameter only, but in the future it will also be applied to property.
- To opt in to applying to both value parameter and property, add '-Xannotation-default-target=param-property' to your compiler arguments.
- To keep applying to the value parameter only, use the '@param:' annotation target.

See https://youtrack.jetbrains.com/issue/KT-73255 for more details.
w: file:///app/app/src/main/java/com/nuvio/tv/data/remote/dto/CatalogResponseDto.kt:30:5 This annotation is currently applied to the value parameter only, but in the future it will also be applied to property.
- To opt in to applying to both value parameter and property, add '-Xannotation-default-target=param-property' to your compiler arguments.
- To keep applying to the value parameter only, use the '@param:' annotation target.

See https://youtrack.jetbrains.com/issue/KT-73255 for more details.
w: file:///app/app/src/main/java/com/nuvio/tv/data/remote/dto/CatalogResponseDto.kt:31:5 This annotation is currently applied to the value parameter only, but in the future it will also be applied to property.
- To opt in to applying to both value parameter and property, add '-Xannotation-default-target=param-property' to your compiler arguments.
- To keep applying to the value parameter only, use the '@param:' annotation target.

See https://youtrack.jetbrains.com/issue/KT-73255 for more details.
w: file:///app/app/src/main/java/com/nuvio/tv/data/remote/dto/CatalogResponseDto.kt:32:5 This annotation is currently applied to the value parameter only, but in the future it will also be applied to property.
- To opt in to applying to both value parameter and property, add '-Xannotation-default-target=param-property' to your compiler arguments.
- To keep applying to the value parameter only, use the '@param:' annotation target.

See https://youtrack.jetbrains.com/issue/KT-73255 for more details.
w: file:///app/app/src/main/java/com/nuvio/tv/data/remote/dto/CatalogResponseDto.kt:33:5 This annotation is currently applied to the value parameter only, but in the future it will also be applied to property.
- To opt in to applying to both value parameter and property, add '-Xannotation-default-target=param-property' to your compiler arguments.
- To keep applying to the value parameter only, use the '@param:' annotation target.

See https://youtrack.jetbrains.com/issue/KT-73255 for more details.
w: file:///app/app/src/main/java/com/nuvio/tv/data/remote/dto/CatalogResponseDto.kt:34:5 This annotation is currently applied to the value parameter only, but in the future it will also be applied to property.
- To opt in to applying to both value parameter and property, add '-Xannotation-default-target=param-property' to your compiler arguments.
- To keep applying to the value parameter only, use the '@param:' annotation target.

See https://youtrack.jetbrains.com/issue/KT-73255 for more details.
w: file:///app/app/src/main/java/com/nuvio/tv/data/remote/dto/CatalogResponseDto.kt:35:5 This annotation is currently applied to the value parameter only, but in the future it will also be applied to property.
- To opt in to applying to both value parameter and property, add '-Xannotation-default-target=param-property' to your compiler arguments.
- To keep applying to the value parameter only, use the '@param:' annotation target.

See https://youtrack.jetbrains.com/issue/KT-73255 for more details.
w: file:///app/app/src/main/java/com/nuvio/tv/data/remote/dto/CatalogResponseDto.kt:36:5 This annotation is currently applied to the value parameter only, but in the future it will also be applied to property.
- To opt in to applying to both value parameter and property, add '-Xannotation-default-target=param-property' to your compiler arguments.
- To keep applying to the value parameter only, use the '@param:' annotation target.

See https://youtrack.jetbrains.com/issue/KT-73255 for more details.
w: file:///app/app/src/main/java/com/nuvio/tv/data/remote/dto/CatalogResponseDto.kt:37:5 This annotation is currently applied to the value parameter only, but in the future it will also be applied to property.
- To opt in to applying to both value parameter and property, add '-Xannotation-default-target=param-property' to your compiler arguments.
- To keep applying to the value parameter only, use the '@param:' annotation target.

See https://youtrack.jetbrains.com/issue/KT-73255 for more details.
w: file:///app/app/src/main/java/com/nuvio/tv/data/remote/dto/CatalogResponseDto.kt:38:5 This annotation is currently applied to the value parameter only, but in the future it will also be applied to property.
- To opt in to applying to both value parameter and property, add '-Xannotation-default-target=param-property' to your compiler arguments.
- To keep applying to the value parameter only, use the '@param:' annotation target.

See https://youtrack.jetbrains.com/issue/KT-73255 for more details.
w: file:///app/app/src/main/java/com/nuvio/tv/data/remote/dto/GitHubReleaseDto.kt:8:5 This annotation is currently applied to the value parameter only, but in the future it will also be applied to property.
- To opt in to applying to both value parameter and property, add '-Xannotation-default-target=param-property' to your compiler arguments.
- To keep applying to the value parameter only, use the '@param:' annotation target.

See https://youtrack.jetbrains.com/issue/KT-73255 for more details.
w: file:///app/app/src/main/java/com/nuvio/tv/data/remote/dto/GitHubReleaseDto.kt:13:5 This annotation is currently applied to the value parameter only, but in the future it will also be applied to property.
- To opt in to applying to both value parameter and property, add '-Xannotation-default-target=param-property' to your compiler arguments.
- To keep applying to the value parameter only, use the '@param:' annotation target.

See https://youtrack.jetbrains.com/issue/KT-73255 for more details.
w: file:///app/app/src/main/java/com/nuvio/tv/data/remote/dto/GitHubReleaseDto.kt:20:5 This annotation is currently applied to the value parameter only, but in the future it will also be applied to property.
- To opt in to applying to both value parameter and property, add '-Xannotation-default-target=param-property' to your compiler arguments.
- To keep applying to the value parameter only, use the '@param:' annotation target.

See https://youtrack.jetbrains.com/issue/KT-73255 for more details.
w: file:///app/app/src/main/java/com/nuvio/tv/data/remote/dto/GitHubReleaseDto.kt:22:5 This annotation is currently applied to the value parameter only, but in the future it will also be applied to property.
- To opt in to applying to both value parameter and property, add '-Xannotation-default-target=param-property' to your compiler arguments.
- To keep applying to the value parameter only, use the '@param:' annotation target.

See https://youtrack.jetbrains.com/issue/KT-73255 for more details.
w: file:///app/app/src/main/java/com/nuvio/tv/data/remote/dto/MetaResponseDto.kt:8:5 This annotation is currently applied to the value parameter only, but in the future it will also be applied to property.
- To opt in to applying to both value parameter and property, add '-Xannotation-default-target=param-property' to your compiler arguments.
- To keep applying to the value parameter only, use the '@param:' annotation target.

See https://youtrack.jetbrains.com/issue/KT-73255 for more details.
w: file:///app/app/src/main/java/com/nuvio/tv/data/remote/dto/MetaResponseDto.kt:13:5 This annotation is currently applied to the value parameter only, but in the future it will also be applied to property.
- To opt in to applying to both value parameter and property, add '-Xannotation-default-target=param-property' to your compiler arguments.
- To keep applying to the value parameter only, use the '@param:' annotation target.

See https://youtrack.jetbrains.com/issue/KT-73255 for more details.
w: file:///app/app/src/main/java/com/nuvio/tv/data/remote/dto/MetaResponseDto.kt:14:5 This annotation is currently applied to the value parameter only, but in the future it will also be applied to property.
- To opt in to applying to both value parameter and property, add '-Xannotation-default-target=param-property' to your compiler arguments.
- To keep applying to the value parameter only, use the '@param:' annotation target.

See https://youtrack.jetbrains.com/issue/KT-73255 for more details.
w: file:///app/app/src/main/java/com/nuvio/tv/data/remote/dto/MetaResponseDto.kt:15:5 This annotation is currently applied to the value parameter only, but in the future it will also be applied to property.
- To opt in to applying to both value parameter and property, add '-Xannotation-default-target=param-property' to your compiler arguments.
- To keep applying to the value parameter only, use the '@param:' annotation target.

See https://youtrack.jetbrains.com/issue/KT-73255 for more details.
w: file:///app/app/src/main/java/com/nuvio/tv/data/remote/dto/MetaResponseDto.kt:16:5 This annotation is currently applied to the value parameter only, but in the future it will also be applied to property.
- To opt in to applying to both value parameter and property, add '-Xannotation-default-target=param-property' to your compiler arguments.
- To keep applying to the value parameter only, use the '@param:' annotation target.

See https://youtrack.jetbrains.com/issue/KT-73255 for more details.
w: file:///app/app/src/main/java/com/nuvio/tv/data/remote/dto/MetaResponseDto.kt:17:5 This annotation is currently applied to the value parameter only, but in the future it will also be applied to property.
- To opt in to applying to both value parameter and property, add '-Xannotation-default-target=param-property' to your compiler arguments.
- To keep applying to the value parameter only, use the '@param:' annotation target.

See https://youtrack.jetbrains.com/issue/KT-73255 for more details.
w: file:///app/app/src/main/java/com/nuvio/tv/data/remote/dto/MetaResponseDto.kt:18:5 This annotation is currently applied to the value parameter only, but in the future it will also be applied to property.
- To opt in to applying to both value parameter and property, add '-Xannotation-default-target=param-property' to your compiler arguments.
- To keep applying to the value parameter only, use the '@param:' annotation target.

See https://youtrack.jetbrains.com/issue/KT-73255 for more details.
w: file:///app/app/src/main/java/com/nuvio/tv/data/remote/dto/MetaResponseDto.kt:19:5 This annotation is currently applied to the value parameter only, but in the future it will also be applied to property.
- To opt in to applying to both value parameter and property, add '-Xannotation-default-target=param-property' to your compiler arguments.
- To keep applying to the value parameter only, use the '@param:' annotation target.

See https://youtrack.jetbrains.com/issue/KT-73255 for more details.
w: file:///app/app/src/main/java/com/nuvio/tv/data/remote/dto/MetaResponseDto.kt:20:5 This annotation is currently applied to the value parameter only, but in the future it will also be applied to property.
- To opt in to applying to both value parameter and property, add '-Xannotation-default-target=param-property' to your compiler arguments.
- To keep applying to the value parameter only, use the '@param:' annotation target.

See https://youtrack.jetbrains.com/issue/KT-73255 for more details.
w: file:///app/app/src/main/java/com/nuvio/tv/data/remote/dto/MetaResponseDto.kt:21:5 This annotation is currently applied to the value parameter only, but in the future it will also be applied to property.
- To opt in to applying to both value parameter and property, add '-Xannotation-default-target=param-property' to your compiler arguments.
- To keep applying to the value parameter only, use the '@param:' annotation target.

See https://youtrack.jetbrains.com/issue/KT-73255 for more details.
w: file:///app/app/src/main/java/com/nuvio/tv/data/remote/dto/MetaResponseDto.kt:22:5 This annotation is currently applied to the value parameter only, but in the future it will also be applied to property.
- To opt in to applying to both value parameter and property, add '-Xannotation-default-target=param-property' to your compiler arguments.
- To keep applying to the value parameter only, use the '@param:' annotation target.

See https://youtrack.jetbrains.com/issue/KT-73255 for more details.
w: file:///app/app/src/main/java/com/nuvio/tv/data/remote/dto/MetaResponseDto.kt:23:5 This annotation is currently applied to the value parameter only, but in the future it will also be applied to property.
- To opt in to applying to both value parameter and property, add '-Xannotation-default-target=param-property' to your compiler arguments.
- To keep applying to the value parameter only, use the '@param:' annotation target.

See https://youtrack.jetbrains.com/issue/KT-73255 for more details.
w: file:///app/app/src/main/java/com/nuvio/tv/data/remote/dto/MetaResponseDto.kt:24:5 This annotation is currently applied to the value parameter only, but in the future it will also be applied to property.
- To opt in to applying to both value parameter and property, add '-Xannotation-default-target=param-property' to your compiler arguments.
- To keep applying to the value parameter only, use the '@param:' annotation target.

See https://youtrack.jetbrains.com/issue/KT-73255 for more details.
w: file:///app/app/src/main/java/com/nuvio/tv/data/remote/dto/MetaResponseDto.kt:25:5 This annotation is currently applied to the value parameter only, but in the future it will also be applied to property.
- To opt in to applying to both value parameter and property, add '-Xannotation-default-target=param-property' to your compiler arguments.
- To keep applying to the value parameter only, use the '@param:' annotation target.

See https://youtrack.jetbrains.com/issue/KT-73255 for more details.
w: file:///app/app/src/main/java/com/nuvio/tv/data/remote/dto/MetaResponseDto.kt:26:5 This annotation is currently applied to the value parameter only, but in the future it will also be applied to property.
- To opt in to applying to both value parameter and property, add '-Xannotation-default-target=param-property' to your compiler arguments.
- To keep applying to the value parameter only, use the '@param:' annotation target.

See https://youtrack.jetbrains.com/issue/KT-73255 for more details.
w: file:///app/app/src/main/java/com/nuvio/tv/data/remote/dto/MetaResponseDto.kt:27:5 This annotation is currently applied to the value parameter only, but in the future it will also be applied to property.
- To opt in to applying to both value parameter and property, add '-Xannotation-default-target=param-property' to your compiler arguments.
- To keep applying to the value parameter only, use the '@param:' annotation target.

See https://youtrack.jetbrains.com/issue/KT-73255 for more details.
w: file:///app/app/src/main/java/com/nuvio/tv/data/remote/dto/MetaResponseDto.kt:28:5 This annotation is currently applied to the value parameter only, but in the future it will also be applied to property.
- To opt in to applying to both value parameter and property, add '-Xannotation-default-target=param-property' to your compiler arguments.
- To keep applying to the value parameter only, use the '@param:' annotation target.

See https://youtrack.jetbrains.com/issue/KT-73255 for more details.
w: file:///app/app/src/main/java/com/nuvio/tv/data/remote/dto/MetaResponseDto.kt:29:5 This annotation is currently applied to the value parameter only, but in the future it will also be applied to property.
- To opt in to applying to both value parameter and property, add '-Xannotation-default-target=param-property' to your compiler arguments.
- To keep applying to the value parameter only, use the '@param:' annotation target.

See https://youtrack.jetbrains.com/issue/KT-73255 for more details.
w: file:///app/app/src/main/java/com/nuvio/tv/data/remote/dto/MetaResponseDto.kt:31:5 This annotation is currently applied to the value parameter only, but in the future it will also be applied to property.
- To opt in to applying to both value parameter and property, add '-Xannotation-default-target=param-property' to your compiler arguments.
- To keep applying to the value parameter only, use the '@param:' annotation target.

See https://youtrack.jetbrains.com/issue/KT-73255 for more details.
w: file:///app/app/src/main/java/com/nuvio/tv/data/remote/dto/MetaResponseDto.kt:33:5 This annotation is currently applied to the value parameter only, but in the future it will also be applied to property.
- To opt in to applying to both value parameter and property, add '-Xannotation-default-target=param-property' to your compiler arguments.
- To keep applying to the value parameter only, use the '@param:' annotation target.

See https://youtrack.jetbrains.com/issue/KT-73255 for more details.
w: file:///app/app/src/main/java/com/nuvio/tv/data/remote/dto/MetaResponseDto.kt:34:5 This annotation is currently applied to the value parameter only, but in the future it will also be applied to property.
- To opt in to applying to both value parameter and property, add '-Xannotation-default-target=param-property' to your compiler arguments.
- To keep applying to the value parameter only, use the '@param:' annotation target.

See https://youtrack.jetbrains.com/issue/KT-73255 for more details.
w: file:///app/app/src/main/java/com/nuvio/tv/data/remote/dto/MetaResponseDto.kt:35:5 This annotation is currently applied to the value parameter only, but in the future it will also be applied to property.
- To opt in to applying to both value parameter and property, add '-Xannotation-default-target=param-property' to your compiler arguments.
- To keep applying to the value parameter only, use the '@param:' annotation target.

See https://youtrack.jetbrains.com/issue/KT-73255 for more details.
w: file:///app/app/src/main/java/com/nuvio/tv/data/remote/dto/MetaResponseDto.kt:36:5 This annotation is currently applied to the value parameter only, but in the future it will also be applied to property.
- To opt in to applying to both value parameter and property, add '-Xannotation-default-target=param-property' to your compiler arguments.
- To keep applying to the value parameter only, use the '@param:' annotation target.

See https://youtrack.jetbrains.com/issue/KT-73255 for more details.
w: file:///app/app/src/main/java/com/nuvio/tv/data/remote/dto/MetaResponseDto.kt:37:5 This annotation is currently applied to the value parameter only, but in the future it will also be applied to property.
- To opt in to applying to both value parameter and property, add '-Xannotation-default-target=param-property' to your compiler arguments.
- To keep applying to the value parameter only, use the '@param:' annotation target.

See https://youtrack.jetbrains.com/issue/KT-73255 for more details.
w: file:///app/app/src/main/java/com/nuvio/tv/data/remote/dto/MetaResponseDto.kt:38:5 This annotation is currently applied to the value parameter only, but in the future it will also be applied to property.
- To opt in to applying to both value parameter and property, add '-Xannotation-default-target=param-property' to your compiler arguments.
- To keep applying to the value parameter only, use the '@param:' annotation target.

See https://youtrack.jetbrains.com/issue/KT-73255 for more details.
w: file:///app/app/src/main/java/com/nuvio/tv/data/remote/dto/MetaResponseDto.kt:39:5 This annotation is currently applied to the value parameter only, but in the future it will also be applied to property.
- To opt in to applying to both value parameter and property, add '-Xannotation-default-target=param-property' to your compiler arguments.
- To keep applying to the value parameter only, use the '@param:' annotation target.

See https://youtrack.jetbrains.com/issue/KT-73255 for more details.
w: file:///app/app/src/main/java/com/nuvio/tv/data/remote/dto/MetaResponseDto.kt:40:5 This annotation is currently applied to the value parameter only, but in the future it will also be applied to property.
- To opt in to applying to both value parameter and property, add '-Xannotation-default-target=param-property' to your compiler arguments.
- To keep applying to the value parameter only, use the '@param:' annotation target.

See https://youtrack.jetbrains.com/issue/KT-73255 for more details.
w: file:///app/app/src/main/java/com/nuvio/tv/data/remote/dto/MetaResponseDto.kt:41:5 This annotation is currently applied to the value parameter only, but in the future it will also be applied to property.
- To opt in to applying to both value parameter and property, add '-Xannotation-default-target=param-property' to your compiler arguments.
- To keep applying to the value parameter only, use the '@param:' annotation target.

See https://youtrack.jetbrains.com/issue/KT-73255 for more details.
w: file:///app/app/src/main/java/com/nuvio/tv/data/remote/dto/MetaResponseDto.kt:42:5 This annotation is currently applied to the value parameter only, but in the future it will also be applied to property.
- To opt in to applying to both value parameter and property, add '-Xannotation-default-target=param-property' to your compiler arguments.
- To keep applying to the value parameter only, use the '@param:' annotation target.

See https://youtrack.jetbrains.com/issue/KT-73255 for more details.
w: file:///app/app/src/main/java/com/nuvio/tv/data/remote/dto/MetaResponseDto.kt:43:5 This annotation is currently applied to the value parameter only, but in the future it will also be applied to property.
- To opt in to applying to both value parameter and property, add '-Xannotation-default-target=param-property' to your compiler arguments.
- To keep applying to the value parameter only, use the '@param:' annotation target.

See https://youtrack.jetbrains.com/issue/KT-73255 for more details.
w: file:///app/app/src/main/java/com/nuvio/tv/data/remote/dto/MetaResponseDto.kt:44:5 This annotation is currently applied to the value parameter only, but in the future it will also be applied to property.
- To opt in to applying to both value parameter and property, add '-Xannotation-default-target=param-property' to your compiler arguments.
- To keep applying to the value parameter only, use the '@param:' annotation target.

See https://youtrack.jetbrains.com/issue/KT-73255 for more details.
w: file:///app/app/src/main/java/com/nuvio/tv/data/remote/dto/MetaResponseDto.kt:45:5 This annotation is currently applied to the value parameter only, but in the future it will also be applied to property.
- To opt in to applying to both value parameter and property, add '-Xannotation-default-target=param-property' to your compiler arguments.
- To keep applying to the value parameter only, use the '@param:' annotation target.

See https://youtrack.jetbrains.com/issue/KT-73255 for more details.
w: file:///app/app/src/main/java/com/nuvio/tv/data/remote/dto/MetaResponseDto.kt:46:5 This annotation is currently applied to the value parameter only, but in the future it will also be applied to property.
- To opt in to applying to both value parameter and property, add '-Xannotation-default-target=param-property' to your compiler arguments.
- To keep applying to the value parameter only, use the '@param:' annotation target.

See https://youtrack.jetbrains.com/issue/KT-73255 for more details.
w: file:///app/app/src/main/java/com/nuvio/tv/data/remote/dto/MetaResponseDto.kt:47:5 This annotation is currently applied to the value parameter only, but in the future it will also be applied to property.
- To opt in to applying to both value parameter and property, add '-Xannotation-default-target=param-property' to your compiler arguments.
- To keep applying to the value parameter only, use the '@param:' annotation target.

See https://youtrack.jetbrains.com/issue/KT-73255 for more details.
w: file:///app/app/src/main/java/com/nuvio/tv/data/remote/dto/MetaResponseDto.kt:48:5 This annotation is currently applied to the value parameter only, but in the future it will also be applied to property.
- To opt in to applying to both value parameter and property, add '-Xannotation-default-target=param-property' to your compiler arguments.
- To keep applying to the value parameter only, use the '@param:' annotation target.

See https://youtrack.jetbrains.com/issue/KT-73255 for more details.
w: file:///app/app/src/main/java/com/nuvio/tv/data/remote/dto/MetaResponseDto.kt:49:5 This annotation is currently applied to the value parameter only, but in the future it will also be applied to property.
- To opt in to applying to both value parameter and property, add '-Xannotation-default-target=param-property' to your compiler arguments.
- To keep applying to the value parameter only, use the '@param:' annotation target.

See https://youtrack.jetbrains.com/issue/KT-73255 for more details.
w: file:///app/app/src/main/java/com/nuvio/tv/data/remote/dto/MetaResponseDto.kt:50:5 This annotation is currently applied to the value parameter only, but in the future it will also be applied to property.
- To opt in to applying to both value parameter and property, add '-Xannotation-default-target=param-property' to your compiler arguments.
- To keep applying to the value parameter only, use the '@param:' annotation target.

See https://youtrack.jetbrains.com/issue/KT-73255 for more details.
w: file:///app/app/src/main/java/com/nuvio/tv/data/remote/dto/MetaResponseDto.kt:51:5 This annotation is currently applied to the value parameter only, but in the future it will also be applied to property.
- To opt in to applying to both value parameter and property, add '-Xannotation-default-target=param-property' to your compiler arguments.
- To keep applying to the value parameter only, use the '@param:' annotation target.

See https://youtrack.jetbrains.com/issue/KT-73255 for more details.
w: file:///app/app/src/main/java/com/nuvio/tv/data/remote/dto/MetaResponseDto.kt:56:5 This annotation is currently applied to the value parameter only, but in the future it will also be applied to property.
- To opt in to applying to both value parameter and property, add '-Xannotation-default-target=param-property' to your compiler arguments.
- To keep applying to the value parameter only, use the '@param:' annotation target.

See https://youtrack.jetbrains.com/issue/KT-73255 for more details.
w: file:///app/app/src/main/java/com/nuvio/tv/data/remote/dto/MetaResponseDto.kt:61:5 This annotation is currently applied to the value parameter only, but in the future it will also be applied to property.
- To opt in to applying to both value parameter and property, add '-Xannotation-default-target=param-property' to your compiler arguments.
- To keep applying to the value parameter only, use the '@param:' annotation target.

See https://youtrack.jetbrains.com/issue/KT-73255 for more details.
w: file:///app/app/src/main/java/com/nuvio/tv/data/remote/dto/MetaResponseDto.kt:62:5 This annotation is currently applied to the value parameter only, but in the future it will also be applied to property.
- To opt in to applying to both value parameter and property, add '-Xannotation-default-target=param-property' to your compiler arguments.
- To keep applying to the value parameter only, use the '@param:' annotation target.

See https://youtrack.jetbrains.com/issue/KT-73255 for more details.
w: file:///app/app/src/main/java/com/nuvio/tv/data/remote/dto/MetaResponseDto.kt:63:5 This annotation is currently applied to the value parameter only, but in the future it will also be applied to property.
- To opt in to applying to both value parameter and property, add '-Xannotation-default-target=param-property' to your compiler arguments.
- To keep applying to the value parameter only, use the '@param:' annotation target.

See https://youtrack.jetbrains.com/issue/KT-73255 for more details.
w: file:///app/app/src/main/java/com/nuvio/tv/data/remote/dto/MetaResponseDto.kt:64:5 This annotation is currently applied to the value parameter only, but in the future it will also be applied to property.
- To opt in to applying to both value parameter and property, add '-Xannotation-default-target=param-property' to your compiler arguments.
- To keep applying to the value parameter only, use the '@param:' annotation target.

See https://youtrack.jetbrains.com/issue/KT-73255 for more details.
w: file:///app/app/src/main/java/com/nuvio/tv/data/remote/dto/MetaResponseDto.kt:65:5 This annotation is currently applied to the value parameter only, but in the future it will also be applied to property.
- To opt in to applying to both value parameter and property, add '-Xannotation-default-target=param-property' to your compiler arguments.
- To keep applying to the value parameter only, use the '@param:' annotation target.

See https://youtrack.jetbrains.com/issue/KT-73255 for more details.
w: file:///app/app/src/main/java/com/nuvio/tv/data/remote/dto/MetaResponseDto.kt:70:5 This annotation is currently applied to the value parameter only, but in the future it will also be applied to property.
- To opt in to applying to both value parameter and property, add '-Xannotation-default-target=param-property' to your compiler arguments.
- To keep applying to the value parameter only, use the '@param:' annotation target.

See https://youtrack.jetbrains.com/issue/KT-73255 for more details.
w: file:///app/app/src/main/java/com/nuvio/tv/data/remote/dto/MetaResponseDto.kt:71:5 This annotation is currently applied to the value parameter only, but in the future it will also be applied to property.
- To opt in to applying to both value parameter and property, add '-Xannotation-default-target=param-property' to your compiler arguments.
- To keep applying to the value parameter only, use the '@param:' annotation target.

See https://youtrack.jetbrains.com/issue/KT-73255 for more details.
w: file:///app/app/src/main/java/com/nuvio/tv/data/remote/dto/MetaResponseDto.kt:72:5 This annotation is currently applied to the value parameter only, but in the future it will also be applied to property.
- To opt in to applying to both value parameter and property, add '-Xannotation-default-target=param-property' to your compiler arguments.
- To keep applying to the value parameter only, use the '@param:' annotation target.

See https://youtrack.jetbrains.com/issue/KT-73255 for more details.
w: file:///app/app/src/main/java/com/nuvio/tv/data/remote/dto/MetaResponseDto.kt:73:5 This annotation is currently applied to the value parameter only, but in the future it will also be applied to property.
- To opt in to applying to both value parameter and property, add '-Xannotation-default-target=param-property' to your compiler arguments.
- To keep applying to the value parameter only, use the '@param:' annotation target.

See https://youtrack.jetbrains.com/issue/KT-73255 for more details.
w: file:///app/app/src/main/java/com/nuvio/tv/data/remote/dto/MetaResponseDto.kt:78:5 This annotation is currently applied to the value parameter only, but in the future it will also be applied to property.
- To opt in to applying to both value parameter and property, add '-Xannotation-default-target=param-property' to your compiler arguments.
- To keep applying to the value parameter only, use the '@param:' annotation target.

See https://youtrack.jetbrains.com/issue/KT-73255 for more details.
w: file:///app/app/src/main/java/com/nuvio/tv/data/remote/dto/MetaResponseDto.kt:79:5 This annotation is currently applied to the value parameter only, but in the future it will also be applied to property.
- To opt in to applying to both value parameter and property, add '-Xannotation-default-target=param-property' to your compiler arguments.
- To keep applying to the value parameter only, use the '@param:' annotation target.

See https://youtrack.jetbrains.com/issue/KT-73255 for more details.
w: file:///app/app/src/main/java/com/nuvio/tv/data/remote/dto/MetaResponseDto.kt:80:5 This annotation is currently applied to the value parameter only, but in the future it will also be applied to property.
- To opt in to applying to both value parameter and property, add '-Xannotation-default-target=param-property' to your compiler arguments.
- To keep applying to the value parameter only, use the '@param:' annotation target.

See https://youtrack.jetbrains.com/issue/KT-73255 for more details.
w: file:///app/app/src/main/java/com/nuvio/tv/data/remote/dto/MetaResponseDto.kt:81:5 This annotation is currently applied to the value parameter only, but in the future it will also be applied to property.
- To opt in to applying to both value parameter and property, add '-Xannotation-default-target=param-property' to your compiler arguments.
- To keep applying to the value parameter only, use the '@param:' annotation target.

See https://youtrack.jetbrains.com/issue/KT-73255 for more details.
w: file:///app/app/src/main/java/com/nuvio/tv/data/remote/dto/MetaResponseDto.kt:82:5 This annotation is currently applied to the value parameter only, but in the future it will also be applied to property.
- To opt in to applying to both value parameter and property, add '-Xannotation-default-target=param-property' to your compiler arguments.
- To keep applying to the value parameter only, use the '@param:' annotation target.

See https://youtrack.jetbrains.com/issue/KT-73255 for more details.
w: file:///app/app/src/main/java/com/nuvio/tv/data/remote/dto/MetaResponseDto.kt:83:5 This annotation is currently applied to the value parameter only, but in the future it will also be applied to property.
- To opt in to applying to both value parameter and property, add '-Xannotation-default-target=param-property' to your compiler arguments.
- To keep applying to the value parameter only, use the '@param:' annotation target.

See https://youtrack.jetbrains.com/issue/KT-73255 for more details.
w: file:///app/app/src/main/java/com/nuvio/tv/data/remote/dto/MetaResponseDto.kt:84:5 This annotation is currently applied to the value parameter only, but in the future it will also be applied to property.
- To opt in to applying to both value parameter and property, add '-Xannotation-default-target=param-property' to your compiler arguments.
- To keep applying to the value parameter only, use the '@param:' annotation target.

See https://youtrack.jetbrains.com/issue/KT-73255 for more details.
w: file:///app/app/src/main/java/com/nuvio/tv/data/remote/dto/MetaResponseDto.kt:85:5 This annotation is currently applied to the value parameter only, but in the future it will also be applied to property.
- To opt in to applying to both value parameter and property, add '-Xannotation-default-target=param-property' to your compiler arguments.
- To keep applying to the value parameter only, use the '@param:' annotation target.

See https://youtrack.jetbrains.com/issue/KT-73255 for more details.
w: file:///app/app/src/main/java/com/nuvio/tv/data/remote/dto/MetaResponseDto.kt:86:5 This annotation is currently applied to the value parameter only, but in the future it will also be applied to property.
- To opt in to applying to both value parameter and property, add '-Xannotation-default-target=param-property' to your compiler arguments.
- To keep applying to the value parameter only, use the '@param:' annotation target.

See https://youtrack.jetbrains.com/issue/KT-73255 for more details.
w: file:///app/app/src/main/java/com/nuvio/tv/data/remote/dto/MetaResponseDto.kt:87:5 This annotation is currently applied to the value parameter only, but in the future it will also be applied to property.
- To opt in to applying to both value parameter and property, add '-Xannotation-default-target=param-property' to your compiler arguments.
- To keep applying to the value parameter only, use the '@param:' annotation target.

See https://youtrack.jetbrains.com/issue/KT-73255 for more details.
w: file:///app/app/src/main/java/com/nuvio/tv/data/remote/dto/MetaResponseDto.kt:88:5 This annotation is currently applied to the value parameter only, but in the future it will also be applied to property.
- To opt in to applying to both value parameter and property, add '-Xannotation-default-target=param-property' to your compiler arguments.
- To keep applying to the value parameter only, use the '@param:' annotation target.

See https://youtrack.jetbrains.com/issue/KT-73255 for more details.
w: file:///app/app/src/main/java/com/nuvio/tv/data/remote/dto/MetaResponseDto.kt:89:5 This annotation is currently applied to the value parameter only, but in the future it will also be applied to property.
- To opt in to applying to both value parameter and property, add '-Xannotation-default-target=param-property' to your compiler arguments.
- To keep applying to the value parameter only, use the '@param:' annotation target.

See https://youtrack.jetbrains.com/issue/KT-73255 for more details.
w: file:///app/app/src/main/java/com/nuvio/tv/data/remote/dto/MetaResponseDto.kt:90:5 This annotation is currently applied to the value parameter only, but in the future it will also be applied to property.
- To opt in to applying to both value parameter and property, add '-Xannotation-default-target=param-property' to your compiler arguments.
- To keep applying to the value parameter only, use the '@param:' annotation target.

See https://youtrack.jetbrains.com/issue/KT-73255 for more details.
w: file:///app/app/src/main/java/com/nuvio/tv/data/remote/dto/MetaResponseDto.kt:95:5 This annotation is currently applied to the value parameter only, but in the future it will also be applied to property.
- To opt in to applying to both value parameter and property, add '-Xannotation-default-target=param-property' to your compiler arguments.
- To keep applying to the value parameter only, use the '@param:' annotation target.

See https://youtrack.jetbrains.com/issue/KT-73255 for more details.
w: file:///app/app/src/main/java/com/nuvio/tv/data/remote/dto/MetaResponseDto.kt:96:5 This annotation is currently applied to the value parameter only, but in the future it will also be applied to property.
- To opt in to applying to both value parameter and property, add '-Xannotation-default-target=param-property' to your compiler arguments.
- To keep applying to the value parameter only, use the '@param:' annotation target.

See https://youtrack.jetbrains.com/issue/KT-73255 for more details.
w: file:///app/app/src/main/java/com/nuvio/tv/data/remote/dto/MetaResponseDto.kt:97:5 This annotation is currently applied to the value parameter only, but in the future it will also be applied to property.
- To opt in to applying to both value parameter and property, add '-Xannotation-default-target=param-property' to your compiler arguments.
- To keep applying to the value parameter only, use the '@param:' annotation target.

See https://youtrack.jetbrains.com/issue/KT-73255 for more details.
w: file:///app/app/src/main/java/com/nuvio/tv/data/remote/dto/MetaResponseDto.kt:102:5 This annotation is currently applied to the value parameter only, but in the future it will also be applied to property.
- To opt in to applying to both value parameter and property, add '-Xannotation-default-target=param-property' to your compiler arguments.
- To keep applying to the value parameter only, use the '@param:' annotation target.

See https://youtrack.jetbrains.com/issue/KT-73255 for more details.
w: file:///app/app/src/main/java/com/nuvio/tv/data/remote/dto/MetaResponseDto.kt:103:5 This annotation is currently applied to the value parameter only, but in the future it will also be applied to property.
- To opt in to applying to both value parameter and property, add '-Xannotation-default-target=param-property' to your compiler arguments.
- To keep applying to the value parameter only, use the '@param:' annotation target.

See https://youtrack.jetbrains.com/issue/KT-73255 for more details.
w: file:///app/app/src/main/java/com/nuvio/tv/data/remote/dto/MetaResponseDto.kt:104:5 This annotation is currently applied to the value parameter only, but in the future it will also be applied to property.
- To opt in to applying to both value parameter and property, add '-Xannotation-default-target=param-property' to your compiler arguments.
- To keep applying to the value parameter only, use the '@param:' annotation target.

See https://youtrack.jetbrains.com/issue/KT-73255 for more details.
w: file:///app/app/src/main/java/com/nuvio/tv/data/remote/dto/MetaResponseDto.kt:105:5 This annotation is currently applied to the value parameter only, but in the future it will also be applied to property.
- To opt in to applying to both value parameter and property, add '-Xannotation-default-target=param-property' to your compiler arguments.
- To keep applying to the value parameter only, use the '@param:' annotation target.

See https://youtrack.jetbrains.com/issue/KT-73255 for more details.
w: file:///app/app/src/main/java/com/nuvio/tv/data/remote/dto/MetaResponseDto.kt:106:5 This annotation is currently applied to the value parameter only, but in the future it will also be applied to property.
- To opt in to applying to both value parameter and property, add '-Xannotation-default-target=param-property' to your compiler arguments.
- To keep applying to the value parameter only, use the '@param:' annotation target.

See https://youtrack.jetbrains.com/issue/KT-73255 for more details.
w: file:///app/app/src/main/java/com/nuvio/tv/data/remote/dto/MetaResponseDto.kt:111:5 This annotation is currently applied to the value parameter only, but in the future it will also be applied to property.
- To opt in to applying to both value parameter and property, add '-Xannotation-default-target=param-property' to your compiler arguments.
- To keep applying to the value parameter only, use the '@param:' annotation target.

See https://youtrack.jetbrains.com/issue/KT-73255 for more details.
w: file:///app/app/src/main/java/com/nuvio/tv/data/remote/dto/MetaResponseDto.kt:112:5 This annotation is currently applied to the value parameter only, but in the future it will also be applied to property.
- To opt in to applying to both value parameter and property, add '-Xannotation-default-target=param-property' to your compiler arguments.
- To keep applying to the value parameter only, use the '@param:' annotation target.

See https://youtrack.jetbrains.com/issue/KT-73255 for more details.
w: file:///app/app/src/main/java/com/nuvio/tv/data/remote/dto/MetaResponseDto.kt:117:5 This annotation is currently applied to the value parameter only, but in the future it will also be applied to property.
- To opt in to applying to both value parameter and property, add '-Xannotation-default-target=param-property' to your compiler arguments.
- To keep applying to the value parameter only, use the '@param:' annotation target.

See https://youtrack.jetbrains.com/issue/KT-73255 for more details.
w: file:///app/app/src/main/java/com/nuvio/tv/data/remote/dto/MetaResponseDto.kt:122:5 This annotation is currently applied to the value parameter only, but in the future it will also be applied to property.
- To opt in to applying to both value parameter and property, add '-Xannotation-default-target=param-property' to your compiler arguments.
- To keep applying to the value parameter only, use the '@param:' annotation target.

See https://youtrack.jetbrains.com/issue/KT-73255 for more details.
w: file:///app/app/src/main/java/com/nuvio/tv/data/remote/dto/MetaResponseDto.kt:123:5 This annotation is currently applied to the value parameter only, but in the future it will also be applied to property.
- To opt in to applying to both value parameter and property, add '-Xannotation-default-target=param-property' to your compiler arguments.
- To keep applying to the value parameter only, use the '@param:' annotation target.

See https://youtrack.jetbrains.com/issue/KT-73255 for more details.
w: file:///app/app/src/main/java/com/nuvio/tv/data/remote/dto/MetaResponseDto.kt:128:5 This annotation is currently applied to the value parameter only, but in the future it will also be applied to property.
- To opt in to applying to both value parameter and property, add '-Xannotation-default-target=param-property' to your compiler arguments.
- To keep applying to the value parameter only, use the '@param:' annotation target.

See https://youtrack.jetbrains.com/issue/KT-73255 for more details.
w: file:///app/app/src/main/java/com/nuvio/tv/data/remote/dto/MetaResponseDto.kt:129:5 This annotation is currently applied to the value parameter only, but in the future it will also be applied to property.
- To opt in to applying to both value parameter and property, add '-Xannotation-default-target=param-property' to your compiler arguments.
- To keep applying to the value parameter only, use the '@param:' annotation target.

See https://youtrack.jetbrains.com/issue/KT-73255 for more details.
w: file:///app/app/src/main/java/com/nuvio/tv/data/remote/dto/MetaResponseDto.kt:130:5 This annotation is currently applied to the value parameter only, but in the future it will also be applied to property.
- To opt in to applying to both value parameter and property, add '-Xannotation-default-target=param-property' to your compiler arguments.
- To keep applying to the value parameter only, use the '@param:' annotation target.

See https://youtrack.jetbrains.com/issue/KT-73255 for more details.
w: file:///app/app/src/main/java/com/nuvio/tv/data/remote/dto/MetaResponseDto.kt:131:5 This annotation is currently applied to the value parameter only, but in the future it will also be applied to property.
- To opt in to applying to both value parameter and property, add '-Xannotation-default-target=param-property' to your compiler arguments.
- To keep applying to the value parameter only, use the '@param:' annotation target.

See https://youtrack.jetbrains.com/issue/KT-73255 for more details.
w: file:///app/app/src/main/java/com/nuvio/tv/data/remote/dto/MetaResponseDto.kt:132:5 This annotation is currently applied to the value parameter only, but in the future it will also be applied to property.
- To opt in to applying to both value parameter and property, add '-Xannotation-default-target=param-property' to your compiler arguments.
- To keep applying to the value parameter only, use the '@param:' annotation target.

See https://youtrack.jetbrains.com/issue/KT-73255 for more details.
w: file:///app/app/src/main/java/com/nuvio/tv/data/remote/dto/MetaResponseDto.kt:133:5 This annotation is currently applied to the value parameter only, but in the future it will also be applied to property.
- To opt in to applying to both value parameter and property, add '-Xannotation-default-target=param-property' to your compiler arguments.
- To keep applying to the value parameter only, use the '@param:' annotation target.

See https://youtrack.jetbrains.com/issue/KT-73255 for more details.
w: file:///app/app/src/main/java/com/nuvio/tv/data/remote/dto/StreamResponseDto.kt:8:5 This annotation is currently applied to the value parameter only, but in the future it will also be applied to property.
- To opt in to applying to both value parameter and property, add '-Xannotation-default-target=param-property' to your compiler arguments.
- To keep applying to the value parameter only, use the '@param:' annotation target.

See https://youtrack.jetbrains.com/issue/KT-73255 for more details.
w: file:///app/app/src/main/java/com/nuvio/tv/data/remote/dto/StreamResponseDto.kt:13:5 This annotation is currently applied to the value parameter only, but in the future it will also be applied to property.
- To opt in to applying to both value parameter and property, add '-Xannotation-default-target=param-property' to your compiler arguments.
- To keep applying to the value parameter only, use the '@param:' annotation target.

See https://youtrack.jetbrains.com/issue/KT-73255 for more details.
w: file:///app/app/src/main/java/com/nuvio/tv/data/remote/dto/StreamResponseDto.kt:14:5 This annotation is currently applied to the value parameter only, but in the future it will also be applied to property.
- To opt in to applying to both value parameter and property, add '-Xannotation-default-target=param-property' to your compiler arguments.
- To keep applying to the value parameter only, use the '@param:' annotation target.

See https://youtrack.jetbrains.com/issue/KT-73255 for more details.
w: file:///app/app/src/main/java/com/nuvio/tv/data/remote/dto/StreamResponseDto.kt:15:5 This annotation is currently applied to the value parameter only, but in the future it will also be applied to property.
- To opt in to applying to both value parameter and property, add '-Xannotation-default-target=param-property' to your compiler arguments.
- To keep applying to the value parameter only, use the '@param:' annotation target.

See https://youtrack.jetbrains.com/issue/KT-73255 for more details.
w: file:///app/app/src/main/java/com/nuvio/tv/data/remote/dto/StreamResponseDto.kt:16:5 This annotation is currently applied to the value parameter only, but in the future it will also be applied to property.
- To opt in to applying to both value parameter and property, add '-Xannotation-default-target=param-property' to your compiler arguments.
- To keep applying to the value parameter only, use the '@param:' annotation target.

See https://youtrack.jetbrains.com/issue/KT-73255 for more details.
w: file:///app/app/src/main/java/com/nuvio/tv/data/remote/dto/StreamResponseDto.kt:17:5 This annotation is currently applied to the value parameter only, but in the future it will also be applied to property.
- To opt in to applying to both value parameter and property, add '-Xannotation-default-target=param-property' to your compiler arguments.
- To keep applying to the value parameter only, use the '@param:' annotation target.

See https://youtrack.jetbrains.com/issue/KT-73255 for more details.
w: file:///app/app/src/main/java/com/nuvio/tv/data/remote/dto/StreamResponseDto.kt:18:5 This annotation is currently applied to the value parameter only, but in the future it will also be applied to property.
- To opt in to applying to both value parameter and property, add '-Xannotation-default-target=param-property' to your compiler arguments.
- To keep applying to the value parameter only, use the '@param:' annotation target.

See https://youtrack.jetbrains.com/issue/KT-73255 for more details.
w: file:///app/app/src/main/java/com/nuvio/tv/data/remote/dto/StreamResponseDto.kt:19:5 This annotation is currently applied to the value parameter only, but in the future it will also be applied to property.
- To opt in to applying to both value parameter and property, add '-Xannotation-default-target=param-property' to your compiler arguments.
- To keep applying to the value parameter only, use the '@param:' annotation target.

See https://youtrack.jetbrains.com/issue/KT-73255 for more details.
w: file:///app/app/src/main/java/com/nuvio/tv/data/remote/dto/StreamResponseDto.kt:20:5 This annotation is currently applied to the value parameter only, but in the future it will also be applied to property.
- To opt in to applying to both value parameter and property, add '-Xannotation-default-target=param-property' to your compiler arguments.
- To keep applying to the value parameter only, use the '@param:' annotation target.

See https://youtrack.jetbrains.com/issue/KT-73255 for more details.
w: file:///app/app/src/main/java/com/nuvio/tv/data/remote/dto/StreamResponseDto.kt:21:5 This annotation is currently applied to the value parameter only, but in the future it will also be applied to property.
- To opt in to applying to both value parameter and property, add '-Xannotation-default-target=param-property' to your compiler arguments.
- To keep applying to the value parameter only, use the '@param:' annotation target.

See https://youtrack.jetbrains.com/issue/KT-73255 for more details.
w: file:///app/app/src/main/java/com/nuvio/tv/data/remote/dto/StreamResponseDto.kt:22:5 This annotation is currently applied to the value parameter only, but in the future it will also be applied to property.
- To opt in to applying to both value parameter and property, add '-Xannotation-default-target=param-property' to your compiler arguments.
- To keep applying to the value parameter only, use the '@param:' annotation target.

See https://youtrack.jetbrains.com/issue/KT-73255 for more details.
w: file:///app/app/src/main/java/com/nuvio/tv/data/remote/dto/StreamResponseDto.kt:23:5 This annotation is currently applied to the value parameter only, but in the future it will also be applied to property.
- To opt in to applying to both value parameter and property, add '-Xannotation-default-target=param-property' to your compiler arguments.
- To keep applying to the value parameter only, use the '@param:' annotation target.

See https://youtrack.jetbrains.com/issue/KT-73255 for more details.
w: file:///app/app/src/main/java/com/nuvio/tv/data/remote/dto/StreamResponseDto.kt:28:5 This annotation is currently applied to the value parameter only, but in the future it will also be applied to property.
- To opt in to applying to both value parameter and property, add '-Xannotation-default-target=param-property' to your compiler arguments.
- To keep applying to the value parameter only, use the '@param:' annotation target.

See https://youtrack.jetbrains.com/issue/KT-73255 for more details.
w: file:///app/app/src/main/java/com/nuvio/tv/data/remote/dto/StreamResponseDto.kt:29:5 This annotation is currently applied to the value parameter only, but in the future it will also be applied to property.
- To opt in to applying to both value parameter and property, add '-Xannotation-default-target=param-property' to your compiler arguments.
- To keep applying to the value parameter only, use the '@param:' annotation target.

See https://youtrack.jetbrains.com/issue/KT-73255 for more details.
w: file:///app/app/src/main/java/com/nuvio/tv/data/remote/dto/StreamResponseDto.kt:30:5 This annotation is currently applied to the value parameter only, but in the future it will also be applied to property.
- To opt in to applying to both value parameter and property, add '-Xannotation-default-target=param-property' to your compiler arguments.
- To keep applying to the value parameter only, use the '@param:' annotation target.

See https://youtrack.jetbrains.com/issue/KT-73255 for more details.
w: file:///app/app/src/main/java/com/nuvio/tv/data/remote/dto/StreamResponseDto.kt:31:5 This annotation is currently applied to the value parameter only, but in the future it will also be applied to property.
- To opt in to applying to both value parameter and property, add '-Xannotation-default-target=param-property' to your compiler arguments.
- To keep applying to the value parameter only, use the '@param:' annotation target.

See https://youtrack.jetbrains.com/issue/KT-73255 for more details.
w: file:///app/app/src/main/java/com/nuvio/tv/data/remote/dto/StreamResponseDto.kt:32:5 This annotation is currently applied to the value parameter only, but in the future it will also be applied to property.
- To opt in to applying to both value parameter and property, add '-Xannotation-default-target=param-property' to your compiler arguments.
- To keep applying to the value parameter only, use the '@param:' annotation target.

See https://youtrack.jetbrains.com/issue/KT-73255 for more details.
w: file:///app/app/src/main/java/com/nuvio/tv/data/remote/dto/StreamResponseDto.kt:33:5 This annotation is currently applied to the value parameter only, but in the future it will also be applied to property.
- To opt in to applying to both value parameter and property, add '-Xannotation-default-target=param-property' to your compiler arguments.
- To keep applying to the value parameter only, use the '@param:' annotation target.

See https://youtrack.jetbrains.com/issue/KT-73255 for more details.
w: file:///app/app/src/main/java/com/nuvio/tv/data/remote/dto/StreamResponseDto.kt:34:5 This annotation is currently applied to the value parameter only, but in the future it will also be applied to property.
- To opt in to applying to both value parameter and property, add '-Xannotation-default-target=param-property' to your compiler arguments.
- To keep applying to the value parameter only, use the '@param:' annotation target.

See https://youtrack.jetbrains.com/issue/KT-73255 for more details.
w: file:///app/app/src/main/java/com/nuvio/tv/data/remote/dto/StreamResponseDto.kt:39:5 This annotation is currently applied to the value parameter only, but in the future it will also be applied to property.
- To opt in to applying to both value parameter and property, add '-Xannotation-default-target=param-property' to your compiler arguments.
- To keep applying to the value parameter only, use the '@param:' annotation target.

See https://youtrack.jetbrains.com/issue/KT-73255 for more details.
w: file:///app/app/src/main/java/com/nuvio/tv/data/remote/dto/StreamResponseDto.kt:40:5 This annotation is currently applied to the value parameter only, but in the future it will also be applied to property.
- To opt in to applying to both value parameter and property, add '-Xannotation-default-target=param-property' to your compiler arguments.
- To keep applying to the value parameter only, use the '@param:' annotation target.

See https://youtrack.jetbrains.com/issue/KT-73255 for more details.
w: file:///app/app/src/main/java/com/nuvio/tv/data/remote/dto/StreamResponseDto.kt:45:5 This annotation is currently applied to the value parameter only, but in the future it will also be applied to property.
- To opt in to applying to both value parameter and property, add '-Xannotation-default-target=param-property' to your compiler arguments.
- To keep applying to the value parameter only, use the '@param:' annotation target.

See https://youtrack.jetbrains.com/issue/KT-73255 for more details.
w: file:///app/app/src/main/java/com/nuvio/tv/data/remote/dto/StreamResponseDto.kt:46:5 This annotation is currently applied to the value parameter only, but in the future it will also be applied to property.
- To opt in to applying to both value parameter and property, add '-Xannotation-default-target=param-property' to your compiler arguments.
- To keep applying to the value parameter only, use the '@param:' annotation target.

See https://youtrack.jetbrains.com/issue/KT-73255 for more details.
w: file:///app/app/src/main/java/com/nuvio/tv/data/remote/dto/StreamResponseDto.kt:47:5 This annotation is currently applied to the value parameter only, but in the future it will also be applied to property.
- To opt in to applying to both value parameter and property, add '-Xannotation-default-target=param-property' to your compiler arguments.
- To keep applying to the value parameter only, use the '@param:' annotation target.

See https://youtrack.jetbrains.com/issue/KT-73255 for more details.
w: file:///app/app/src/main/java/com/nuvio/tv/data/remote/dto/SubtitleResponseDto.kt:8:5 This annotation is currently applied to the value parameter only, but in the future it will also be applied to property.
- To opt in to applying to both value parameter and property, add '-Xannotation-default-target=param-property' to your compiler arguments.
- To keep applying to the value parameter only, use the '@param:' annotation target.

See https://youtrack.jetbrains.com/issue/KT-73255 for more details.
w: file:///app/app/src/main/java/com/nuvio/tv/data/remote/dto/SubtitleResponseDto.kt:13:5 This annotation is currently applied to the value parameter only, but in the future it will also be applied to property.
- To opt in to applying to both value parameter and property, add '-Xannotation-default-target=param-property' to your compiler arguments.
- To keep applying to the value parameter only, use the '@param:' annotation target.

See https://youtrack.jetbrains.com/issue/KT-73255 for more details.
w: file:///app/app/src/main/java/com/nuvio/tv/data/remote/dto/SubtitleResponseDto.kt:14:5 This annotation is currently applied to the value parameter only, but in the future it will also be applied to property.
- To opt in to applying to both value parameter and property, add '-Xannotation-default-target=param-property' to your compiler arguments.
- To keep applying to the value parameter only, use the '@param:' annotation target.

See https://youtrack.jetbrains.com/issue/KT-73255 for more details.
w: file:///app/app/src/main/java/com/nuvio/tv/data/remote/dto/SubtitleResponseDto.kt:15:5 This annotation is currently applied to the value parameter only, but in the future it will also be applied to property.
- To opt in to applying to both value parameter and property, add '-Xannotation-default-target=param-property' to your compiler arguments.
- To keep applying to the value parameter only, use the '@param:' annotation target.

See https://youtrack.jetbrains.com/issue/KT-73255 for more details.
w: file:///app/app/src/main/java/com/nuvio/tv/data/remote/dto/mdblist/MDBListRatingDtos.kt:11:5 This annotation is currently applied to the value parameter only, but in the future it will also be applied to property.
- To opt in to applying to both value parameter and property, add '-Xannotation-default-target=param-property' to your compiler arguments.
- To keep applying to the value parameter only, use the '@param:' annotation target.

See https://youtrack.jetbrains.com/issue/KT-73255 for more details.
w: file:///app/app/src/main/java/com/nuvio/tv/data/remote/dto/mdblist/MDBListRatingDtos.kt:15:5 This annotation is currently applied to the value parameter only, but in the future it will also be applied to property.
- To opt in to applying to both value parameter and property, add '-Xannotation-default-target=param-property' to your compiler arguments.
- To keep applying to the value parameter only, use the '@param:' annotation target.

See https://youtrack.jetbrains.com/issue/KT-73255 for more details.
w: file:///app/app/src/main/java/com/nuvio/tv/data/remote/dto/trakt/TraktAuthDtos.kt:8:5 This annotation is currently applied to the value parameter only, but in the future it will also be applied to property.
- To opt in to applying to both value parameter and property, add '-Xannotation-default-target=param-property' to your compiler arguments.
- To keep applying to the value parameter only, use the '@param:' annotation target.

See https://youtrack.jetbrains.com/issue/KT-73255 for more details.
w: file:///app/app/src/main/java/com/nuvio/tv/data/remote/dto/trakt/TraktAuthDtos.kt:13:5 This annotation is currently applied to the value parameter only, but in the future it will also be applied to property.
- To opt in to applying to both value parameter and property, add '-Xannotation-default-target=param-property' to your compiler arguments.
- To keep applying to the value parameter only, use the '@param:' annotation target.

See https://youtrack.jetbrains.com/issue/KT-73255 for more details.
w: file:///app/app/src/main/java/com/nuvio/tv/data/remote/dto/trakt/TraktAuthDtos.kt:14:5 This annotation is currently applied to the value parameter only, but in the future it will also be applied to property.
- To opt in to applying to both value parameter and property, add '-Xannotation-default-target=param-property' to your compiler arguments.
- To keep applying to the value parameter only, use the '@param:' annotation target.

See https://youtrack.jetbrains.com/issue/KT-73255 for more details.
w: file:///app/app/src/main/java/com/nuvio/tv/data/remote/dto/trakt/TraktAuthDtos.kt:15:5 This annotation is currently applied to the value parameter only, but in the future it will also be applied to property.
- To opt in to applying to both value parameter and property, add '-Xannotation-default-target=param-property' to your compiler arguments.
- To keep applying to the value parameter only, use the '@param:' annotation target.

See https://youtrack.jetbrains.com/issue/KT-73255 for more details.
w: file:///app/app/src/main/java/com/nuvio/tv/data/remote/dto/trakt/TraktAuthDtos.kt:16:5 This annotation is currently applied to the value parameter only, but in the future it will also be applied to property.
- To opt in to applying to both value parameter and property, add '-Xannotation-default-target=param-property' to your compiler arguments.
- To keep applying to the value parameter only, use the '@param:' annotation target.

See https://youtrack.jetbrains.com/issue/KT-73255 for more details.
w: file:///app/app/src/main/java/com/nuvio/tv/data/remote/dto/trakt/TraktAuthDtos.kt:17:5 This annotation is currently applied to the value parameter only, but in the future it will also be applied to property.
- To opt in to applying to both value parameter and property, add '-Xannotation-default-target=param-property' to your compiler arguments.
- To keep applying to the value parameter only, use the '@param:' annotation target.

See https://youtrack.jetbrains.com/issue/KT-73255 for more details.
w: file:///app/app/src/main/java/com/nuvio/tv/data/remote/dto/trakt/TraktAuthDtos.kt:22:5 This annotation is currently applied to the value parameter only, but in the future it will also be applied to property.
- To opt in to applying to both value parameter and property, add '-Xannotation-default-target=param-property' to your compiler arguments.
- To keep applying to the value parameter only, use the '@param:' annotation target.

See https://youtrack.jetbrains.com/issue/KT-73255 for more details.
w: file:///app/app/src/main/java/com/nuvio/tv/data/remote/dto/trakt/TraktAuthDtos.kt:23:5 This annotation is currently applied to the value parameter only, but in the future it will also be applied to property.
- To opt in to applying to both value parameter and property, add '-Xannotation-default-target=param-property' to your compiler arguments.
- To keep applying to the value parameter only, use the '@param:' annotation target.

See https://youtrack.jetbrains.com/issue/KT-73255 for more details.
w: file:///app/app/src/main/java/com/nuvio/tv/data/remote/dto/trakt/TraktAuthDtos.kt:24:5 This annotation is currently applied to the value parameter only, but in the future it will also be applied to property.
- To opt in to applying to both value parameter and property, add '-Xannotation-default-target=param-property' to your compiler arguments.
- To keep applying to the value parameter only, use the '@param:' annotation target.

See https://youtrack.jetbrains.com/issue/KT-73255 for more details.
w: file:///app/app/src/main/java/com/nuvio/tv/data/remote/dto/trakt/TraktAuthDtos.kt:29:5 This annotation is currently applied to the value parameter only, but in the future it will also be applied to property.
- To opt in to applying to both value parameter and property, add '-Xannotation-default-target=param-property' to your compiler arguments.
- To keep applying to the value parameter only, use the '@param:' annotation target.

See https://youtrack.jetbrains.com/issue/KT-73255 for more details.
w: file:///app/app/src/main/java/com/nuvio/tv/data/remote/dto/trakt/TraktAuthDtos.kt:30:5 This annotation is currently applied to the value parameter only, but in the future it will also be applied to property.
- To opt in to applying to both value parameter and property, add '-Xannotation-default-target=param-property' to your compiler arguments.
- To keep applying to the value parameter only, use the '@param:' annotation target.

See https://youtrack.jetbrains.com/issue/KT-73255 for more details.
w: file:///app/app/src/main/java/com/nuvio/tv/data/remote/dto/trakt/TraktAuthDtos.kt:31:5 This annotation is currently applied to the value parameter only, but in the future it will also be applied to property.
- To opt in to applying to both value parameter and property, add '-Xannotation-default-target=param-property' to your compiler arguments.
- To keep applying to the value parameter only, use the '@param:' annotation target.

See https://youtrack.jetbrains.com/issue/KT-73255 for more details.
w: file:///app/app/src/main/java/com/nuvio/tv/data/remote/dto/trakt/TraktAuthDtos.kt:32:5 This annotation is currently applied to the value parameter only, but in the future it will also be applied to property.
- To opt in to applying to both value parameter and property, add '-Xannotation-default-target=param-property' to your compiler arguments.
- To keep applying to the value parameter only, use the '@param:' annotation target.

See https://youtrack.jetbrains.com/issue/KT-73255 for more details.
w: file:///app/app/src/main/java/com/nuvio/tv/data/remote/dto/trakt/TraktAuthDtos.kt:33:5 This annotation is currently applied to the value parameter only, but in the future it will also be applied to property.
- To opt in to applying to both value parameter and property, add '-Xannotation-default-target=param-property' to your compiler arguments.
- To keep applying to the value parameter only, use the '@param:' annotation target.

See https://youtrack.jetbrains.com/issue/KT-73255 for more details.
w: file:///app/app/src/main/java/com/nuvio/tv/data/remote/dto/trakt/TraktAuthDtos.kt:38:5 This annotation is currently applied to the value parameter only, but in the future it will also be applied to property.
- To opt in to applying to both value parameter and property, add '-Xannotation-default-target=param-property' to your compiler arguments.
- To keep applying to the value parameter only, use the '@param:' annotation target.

See https://youtrack.jetbrains.com/issue/KT-73255 for more details.
w: file:///app/app/src/main/java/com/nuvio/tv/data/remote/dto/trakt/TraktAuthDtos.kt:39:5 This annotation is currently applied to the value parameter only, but in the future it will also be applied to property.
- To opt in to applying to both value parameter and property, add '-Xannotation-default-target=param-property' to your compiler arguments.
- To keep applying to the value parameter only, use the '@param:' annotation target.

See https://youtrack.jetbrains.com/issue/KT-73255 for more details.
w: file:///app/app/src/main/java/com/nuvio/tv/data/remote/dto/trakt/TraktAuthDtos.kt:40:5 This annotation is currently applied to the value parameter only, but in the future it will also be applied to property.
- To opt in to applying to both value parameter and property, add '-Xannotation-default-target=param-property' to your compiler arguments.
- To keep applying to the value parameter only, use the '@param:' annotation target.

See https://youtrack.jetbrains.com/issue/KT-73255 for more details.
w: file:///app/app/src/main/java/com/nuvio/tv/data/remote/dto/trakt/TraktAuthDtos.kt:45:5 This annotation is currently applied to the value parameter only, but in the future it will also be applied to property.
- To opt in to applying to both value parameter and property, add '-Xannotation-default-target=param-property' to your compiler arguments.
- To keep applying to the value parameter only, use the '@param:' annotation target.

See https://youtrack.jetbrains.com/issue/KT-73255 for more details.
w: file:///app/app/src/main/java/com/nuvio/tv/data/remote/dto/trakt/TraktAuthDtos.kt:46:5 This annotation is currently applied to the value parameter only, but in the future it will also be applied to property.
- To opt in to applying to both value parameter and property, add '-Xannotation-default-target=param-property' to your compiler arguments.
- To keep applying to the value parameter only, use the '@param:' annotation target.

See https://youtrack.jetbrains.com/issue/KT-73255 for more details.
w: file:///app/app/src/main/java/com/nuvio/tv/data/remote/dto/trakt/TraktAuthDtos.kt:47:5 This annotation is currently applied to the value parameter only, but in the future it will also be applied to property.
- To opt in to applying to both value parameter and property, add '-Xannotation-default-target=param-property' to your compiler arguments.
- To keep applying to the value parameter only, use the '@param:' annotation target.

See https://youtrack.jetbrains.com/issue/KT-73255 for more details.
w: file:///app/app/src/main/java/com/nuvio/tv/data/remote/dto/trakt/TraktAuthDtos.kt:48:5 This annotation is currently applied to the value parameter only, but in the future it will also be applied to property.
- To opt in to applying to both value parameter and property, add '-Xannotation-default-target=param-property' to your compiler arguments.
- To keep applying to the value parameter only, use the '@param:' annotation target.

See https://youtrack.jetbrains.com/issue/KT-73255 for more details.
w: file:///app/app/src/main/java/com/nuvio/tv/data/remote/dto/trakt/TraktAuthDtos.kt:49:5 This annotation is currently applied to the value parameter only, but in the future it will also be applied to property.
- To opt in to applying to both value parameter and property, add '-Xannotation-default-target=param-property' to your compiler arguments.
- To keep applying to the value parameter only, use the '@param:' annotation target.

See https://youtrack.jetbrains.com/issue/KT-73255 for more details.
w: file:///app/app/src/main/java/com/nuvio/tv/data/remote/dto/trakt/TraktAuthDtos.kt:50:5 This annotation is currently applied to the value parameter only, but in the future it will also be applied to property.
- To opt in to applying to both value parameter and property, add '-Xannotation-default-target=param-property' to your compiler arguments.
- To keep applying to the value parameter only, use the '@param:' annotation target.

See https://youtrack.jetbrains.com/issue/KT-73255 for more details.
w: file:///app/app/src/main/java/com/nuvio/tv/data/remote/dto/trakt/TraktAuthDtos.kt:55:5 This annotation is currently applied to the value parameter only, but in the future it will also be applied to property.
- To opt in to applying to both value parameter and property, add '-Xannotation-default-target=param-property' to your compiler arguments.
- To keep applying to the value parameter only, use the '@param:' annotation target.

See https://youtrack.jetbrains.com/issue/KT-73255 for more details.
w: file:///app/app/src/main/java/com/nuvio/tv/data/remote/dto/trakt/TraktAuthDtos.kt:60:5 This annotation is currently applied to the value parameter only, but in the future it will also be applied to property.
- To opt in to applying to both value parameter and property, add '-Xannotation-default-target=param-property' to your compiler arguments.
- To keep applying to the value parameter only, use the '@param:' annotation target.

See https://youtrack.jetbrains.com/issue/KT-73255 for more details.
w: file:///app/app/src/main/java/com/nuvio/tv/data/remote/dto/trakt/TraktAuthDtos.kt:61:5 This annotation is currently applied to the value parameter only, but in the future it will also be applied to property.
- To opt in to applying to both value parameter and property, add '-Xannotation-default-target=param-property' to your compiler arguments.
- To keep applying to the value parameter only, use the '@param:' annotation target.

See https://youtrack.jetbrains.com/issue/KT-73255 for more details.
w: file:///app/app/src/main/java/com/nuvio/tv/data/remote/dto/trakt/TraktAuthDtos.kt:62:5 This annotation is currently applied to the value parameter only, but in the future it will also be applied to property.
- To opt in to applying to both value parameter and property, add '-Xannotation-default-target=param-property' to your compiler arguments.
- To keep applying to the value parameter only, use the '@param:' annotation target.

See https://youtrack.jetbrains.com/issue/KT-73255 for more details.
w: file:///app/app/src/main/java/com/nuvio/tv/data/remote/dto/trakt/TraktAuthDtos.kt:67:5 This annotation is currently applied to the value parameter only, but in the future it will also be applied to property.
- To opt in to applying to both value parameter and property, add '-Xannotation-default-target=param-property' to your compiler arguments.
- To keep applying to the value parameter only, use the '@param:' annotation target.

See https://youtrack.jetbrains.com/issue/KT-73255 for more details.
w: file:///app/app/src/main/java/com/nuvio/tv/data/remote/dto/trakt/TraktAuthDtos.kt:68:5 This annotation is currently applied to the value parameter only, but in the future it will also be applied to property.
- To opt in to applying to both value parameter and property, add '-Xannotation-default-target=param-property' to your compiler arguments.
- To keep applying to the value parameter only, use the '@param:' annotation target.

See https://youtrack.jetbrains.com/issue/KT-73255 for more details.
w: file:///app/app/src/main/java/com/nuvio/tv/data/remote/dto/trakt/TraktAuthDtos.kt:73:5 This annotation is currently applied to the value parameter only, but in the future it will also be applied to property.
- To opt in to applying to both value parameter and property, add '-Xannotation-default-target=param-property' to your compiler arguments.
- To keep applying to the value parameter only, use the '@param:' annotation target.

See https://youtrack.jetbrains.com/issue/KT-73255 for more details.
w: file:///app/app/src/main/java/com/nuvio/tv/data/remote/dto/trakt/TraktAuthDtos.kt:74:5 This annotation is currently applied to the value parameter only, but in the future it will also be applied to property.
- To opt in to applying to both value parameter and property, add '-Xannotation-default-target=param-property' to your compiler arguments.
- To keep applying to the value parameter only, use the '@param:' annotation target.

See https://youtrack.jetbrains.com/issue/KT-73255 for more details.
w: file:///app/app/src/main/java/com/nuvio/tv/data/remote/dto/trakt/TraktCommentsDtos.kt:8:5 This annotation is currently applied to the value parameter only, but in the future it will also be applied to property.
- To opt in to applying to both value parameter and property, add '-Xannotation-default-target=param-property' to your compiler arguments.
- To keep applying to the value parameter only, use the '@param:' annotation target.

See https://youtrack.jetbrains.com/issue/KT-73255 for more details.
w: file:///app/app/src/main/java/com/nuvio/tv/data/remote/dto/trakt/TraktCommentsDtos.kt:9:5 This annotation is currently applied to the value parameter only, but in the future it will also be applied to property.
- To opt in to applying to both value parameter and property, add '-Xannotation-default-target=param-property' to your compiler arguments.
- To keep applying to the value parameter only, use the '@param:' annotation target.

See https://youtrack.jetbrains.com/issue/KT-73255 for more details.
w: file:///app/app/src/main/java/com/nuvio/tv/data/remote/dto/trakt/TraktCommentsDtos.kt:10:5 This annotation is currently applied to the value parameter only, but in the future it will also be applied to property.
- To opt in to applying to both value parameter and property, add '-Xannotation-default-target=param-property' to your compiler arguments.
- To keep applying to the value parameter only, use the '@param:' annotation target.

See https://youtrack.jetbrains.com/issue/KT-73255 for more details.
w: file:///app/app/src/main/java/com/nuvio/tv/data/remote/dto/trakt/TraktCommentsDtos.kt:11:5 This annotation is currently applied to the value parameter only, but in the future it will also be applied to property.
- To opt in to applying to both value parameter and property, add '-Xannotation-default-target=param-property' to your compiler arguments.
- To keep applying to the value parameter only, use the '@param:' annotation target.

See https://youtrack.jetbrains.com/issue/KT-73255 for more details.
w: file:///app/app/src/main/java/com/nuvio/tv/data/remote/dto/trakt/TraktCommentsDtos.kt:12:5 This annotation is currently applied to the value parameter only, but in the future it will also be applied to property.
- To opt in to applying to both value parameter and property, add '-Xannotation-default-target=param-property' to your compiler arguments.
- To keep applying to the value parameter only, use the '@param:' annotation target.

See https://youtrack.jetbrains.com/issue/KT-73255 for more details.
w: file:///app/app/src/main/java/com/nuvio/tv/data/remote/dto/trakt/TraktCommentsDtos.kt:13:5 This annotation is currently applied to the value parameter only, but in the future it will also be applied to property.
- To opt in to applying to both value parameter and property, add '-Xannotation-default-target=param-property' to your compiler arguments.
- To keep applying to the value parameter only, use the '@param:' annotation target.

See https://youtrack.jetbrains.com/issue/KT-73255 for more details.
w: file:///app/app/src/main/java/com/nuvio/tv/data/remote/dto/trakt/TraktCommentsDtos.kt:14:5 This annotation is currently applied to the value parameter only, but in the future it will also be applied to property.
- To opt in to applying to both value parameter and property, add '-Xannotation-default-target=param-property' to your compiler arguments.
- To keep applying to the value parameter only, use the '@param:' annotation target.

See https://youtrack.jetbrains.com/issue/KT-73255 for more details.
w: file:///app/app/src/main/java/com/nuvio/tv/data/remote/dto/trakt/TraktCommentsDtos.kt:15:5 This annotation is currently applied to the value parameter only, but in the future it will also be applied to property.
- To opt in to applying to both value parameter and property, add '-Xannotation-default-target=param-property' to your compiler arguments.
- To keep applying to the value parameter only, use the '@param:' annotation target.

See https://youtrack.jetbrains.com/issue/KT-73255 for more details.
w: file:///app/app/src/main/java/com/nuvio/tv/data/remote/dto/trakt/TraktCommentsDtos.kt:16:5 This annotation is currently applied to the value parameter only, but in the future it will also be applied to property.
- To opt in to applying to both value parameter and property, add '-Xannotation-default-target=param-property' to your compiler arguments.
- To keep applying to the value parameter only, use the '@param:' annotation target.

See https://youtrack.jetbrains.com/issue/KT-73255 for more details.
w: file:///app/app/src/main/java/com/nuvio/tv/data/remote/dto/trakt/TraktCommentsDtos.kt:21:5 This annotation is currently applied to the value parameter only, but in the future it will also be applied to property.
- To opt in to applying to both value parameter and property, add '-Xannotation-default-target=param-property' to your compiler arguments.
- To keep applying to the value parameter only, use the '@param:' annotation target.

See https://youtrack.jetbrains.com/issue/KT-73255 for more details.
w: file:///app/app/src/main/java/com/nuvio/tv/data/remote/dto/trakt/TraktCommentsDtos.kt:22:5 This annotation is currently applied to the value parameter only, but in the future it will also be applied to property.
- To opt in to applying to both value parameter and property, add '-Xannotation-default-target=param-property' to your compiler arguments.
- To keep applying to the value parameter only, use the '@param:' annotation target.

See https://youtrack.jetbrains.com/issue/KT-73255 for more details.
w: file:///app/app/src/main/java/com/nuvio/tv/data/remote/dto/trakt/TraktCommentsDtos.kt:23:5 This annotation is currently applied to the value parameter only, but in the future it will also be applied to property.
- To opt in to applying to both value parameter and property, add '-Xannotation-default-target=param-property' to your compiler arguments.
- To keep applying to the value parameter only, use the '@param:' annotation target.

See https://youtrack.jetbrains.com/issue/KT-73255 for more details.
w: file:///app/app/src/main/java/com/nuvio/tv/data/remote/dto/trakt/TraktCommentsDtos.kt:28:5 This annotation is currently applied to the value parameter only, but in the future it will also be applied to property.
- To opt in to applying to both value parameter and property, add '-Xannotation-default-target=param-property' to your compiler arguments.
- To keep applying to the value parameter only, use the '@param:' annotation target.

See https://youtrack.jetbrains.com/issue/KT-73255 for more details.
w: file:///app/app/src/main/java/com/nuvio/tv/data/remote/dto/trakt/TraktCommentsDtos.kt:29:5 This annotation is currently applied to the value parameter only, but in the future it will also be applied to property.
- To opt in to applying to both value parameter and property, add '-Xannotation-default-target=param-property' to your compiler arguments.
- To keep applying to the value parameter only, use the '@param:' annotation target.

See https://youtrack.jetbrains.com/issue/KT-73255 for more details.
w: file:///app/app/src/main/java/com/nuvio/tv/data/remote/dto/trakt/TraktCommentsDtos.kt:30:5 This annotation is currently applied to the value parameter only, but in the future it will also be applied to property.
- To opt in to applying to both value parameter and property, add '-Xannotation-default-target=param-property' to your compiler arguments.
- To keep applying to the value parameter only, use the '@param:' annotation target.

See https://youtrack.jetbrains.com/issue/KT-73255 for more details.
w: file:///app/app/src/main/java/com/nuvio/tv/data/remote/dto/trakt/TraktCommentsDtos.kt:31:5 This annotation is currently applied to the value parameter only, but in the future it will also be applied to property.
- To opt in to applying to both value parameter and property, add '-Xannotation-default-target=param-property' to your compiler arguments.
- To keep applying to the value parameter only, use the '@param:' annotation target.

See https://youtrack.jetbrains.com/issue/KT-73255 for more details.
w: file:///app/app/src/main/java/com/nuvio/tv/data/remote/dto/trakt/TraktCommentsDtos.kt:32:5 This annotation is currently applied to the value parameter only, but in the future it will also be applied to property.
- To opt in to applying to both value parameter and property, add '-Xannotation-default-target=param-property' to your compiler arguments.
- To keep applying to the value parameter only, use the '@param:' annotation target.

See https://youtrack.jetbrains.com/issue/KT-73255 for more details.
w: file:///app/app/src/main/java/com/nuvio/tv/data/remote/dto/trakt/TraktCommentsDtos.kt:33:5 This annotation is currently applied to the value parameter only, but in the future it will also be applied to property.
- To opt in to applying to both value parameter and property, add '-Xannotation-default-target=param-property' to your compiler arguments.
- To keep applying to the value parameter only, use the '@param:' annotation target.

See https://youtrack.jetbrains.com/issue/KT-73255 for more details.
w: file:///app/app/src/main/java/com/nuvio/tv/data/remote/dto/trakt/TraktCommentsDtos.kt:38:5 This annotation is currently applied to the value parameter only, but in the future it will also be applied to property.
- To opt in to applying to both value parameter and property, add '-Xannotation-default-target=param-property' to your compiler arguments.
- To keep applying to the value parameter only, use the '@param:' annotation target.

See https://youtrack.jetbrains.com/issue/KT-73255 for more details.
w: file:///app/app/src/main/java/com/nuvio/tv/data/remote/dto/trakt/TraktCommentsDtos.kt:39:5 This annotation is currently applied to the value parameter only, but in the future it will also be applied to property.
- To opt in to applying to both value parameter and property, add '-Xannotation-default-target=param-property' to your compiler arguments.
- To keep applying to the value parameter only, use the '@param:' annotation target.

See https://youtrack.jetbrains.com/issue/KT-73255 for more details.
w: file:///app/app/src/main/java/com/nuvio/tv/data/remote/dto/trakt/TraktCommentsDtos.kt:40:5 This annotation is currently applied to the value parameter only, but in the future it will also be applied to property.
- To opt in to applying to both value parameter and property, add '-Xannotation-default-target=param-property' to your compiler arguments.
- To keep applying to the value parameter only, use the '@param:' annotation target.

See https://youtrack.jetbrains.com/issue/KT-73255 for more details.
w: file:///app/app/src/main/java/com/nuvio/tv/data/remote/dto/trakt/TraktCommentsDtos.kt:41:5 This annotation is currently applied to the value parameter only, but in the future it will also be applied to property.
- To opt in to applying to both value parameter and property, add '-Xannotation-default-target=param-property' to your compiler arguments.
- To keep applying to the value parameter only, use the '@param:' annotation target.

See https://youtrack.jetbrains.com/issue/KT-73255 for more details.
w: file:///app/app/src/main/java/com/nuvio/tv/data/remote/dto/trakt/TraktListsDtos.kt:8:5 This annotation is currently applied to the value parameter only, but in the future it will also be applied to property.
- To opt in to applying to both value parameter and property, add '-Xannotation-default-target=param-property' to your compiler arguments.
- To keep applying to the value parameter only, use the '@param:' annotation target.

See https://youtrack.jetbrains.com/issue/KT-73255 for more details.
w: file:///app/app/src/main/java/com/nuvio/tv/data/remote/dto/trakt/TraktListsDtos.kt:9:5 This annotation is currently applied to the value parameter only, but in the future it will also be applied to property.
- To opt in to applying to both value parameter and property, add '-Xannotation-default-target=param-property' to your compiler arguments.
- To keep applying to the value parameter only, use the '@param:' annotation target.

See https://youtrack.jetbrains.com/issue/KT-73255 for more details.
w: file:///app/app/src/main/java/com/nuvio/tv/data/remote/dto/trakt/TraktListsDtos.kt:14:5 This annotation is currently applied to the value parameter only, but in the future it will also be applied to property.
- To opt in to applying to both value parameter and property, add '-Xannotation-default-target=param-property' to your compiler arguments.
- To keep applying to the value parameter only, use the '@param:' annotation target.

See https://youtrack.jetbrains.com/issue/KT-73255 for more details.
w: file:///app/app/src/main/java/com/nuvio/tv/data/remote/dto/trakt/TraktListsDtos.kt:15:5 This annotation is currently applied to the value parameter only, but in the future it will also be applied to property.
- To opt in to applying to both value parameter and property, add '-Xannotation-default-target=param-property' to your compiler arguments.
- To keep applying to the value parameter only, use the '@param:' annotation target.

See https://youtrack.jetbrains.com/issue/KT-73255 for more details.
w: file:///app/app/src/main/java/com/nuvio/tv/data/remote/dto/trakt/TraktListsDtos.kt:16:5 This annotation is currently applied to the value parameter only, but in the future it will also be applied to property.
- To opt in to applying to both value parameter and property, add '-Xannotation-default-target=param-property' to your compiler arguments.
- To keep applying to the value parameter only, use the '@param:' annotation target.

See https://youtrack.jetbrains.com/issue/KT-73255 for more details.
w: file:///app/app/src/main/java/com/nuvio/tv/data/remote/dto/trakt/TraktListsDtos.kt:17:5 This annotation is currently applied to the value parameter only, but in the future it will also be applied to property.
- To opt in to applying to both value parameter and property, add '-Xannotation-default-target=param-property' to your compiler arguments.
- To keep applying to the value parameter only, use the '@param:' annotation target.

See https://youtrack.jetbrains.com/issue/KT-73255 for more details.
w: file:///app/app/src/main/java/com/nuvio/tv/data/remote/dto/trakt/TraktListsDtos.kt:18:5 This annotation is currently applied to the value parameter only, but in the future it will also be applied to property.
- To opt in to applying to both value parameter and property, add '-Xannotation-default-target=param-property' to your compiler arguments.
- To keep applying to the value parameter only, use the '@param:' annotation target.

See https://youtrack.jetbrains.com/issue/KT-73255 for more details.
w: file:///app/app/src/main/java/com/nuvio/tv/data/remote/dto/trakt/TraktListsDtos.kt:19:5 This annotation is currently applied to the value parameter only, but in the future it will also be applied to property.
- To opt in to applying to both value parameter and property, add '-Xannotation-default-target=param-property' to your compiler arguments.
- To keep applying to the value parameter only, use the '@param:' annotation target.

See https://youtrack.jetbrains.com/issue/KT-73255 for more details.
w: file:///app/app/src/main/java/com/nuvio/tv/data/remote/dto/trakt/TraktListsDtos.kt:20:5 This annotation is currently applied to the value parameter only, but in the future it will also be applied to property.
- To opt in to applying to both value parameter and property, add '-Xannotation-default-target=param-property' to your compiler arguments.
- To keep applying to the value parameter only, use the '@param:' annotation target.

See https://youtrack.jetbrains.com/issue/KT-73255 for more details.
w: file:///app/app/src/main/java/com/nuvio/tv/data/remote/dto/trakt/TraktListsDtos.kt:21:5 This annotation is currently applied to the value parameter only, but in the future it will also be applied to property.
- To opt in to applying to both value parameter and property, add '-Xannotation-default-target=param-property' to your compiler arguments.
- To keep applying to the value parameter only, use the '@param:' annotation target.

See https://youtrack.jetbrains.com/issue/KT-73255 for more details.
w: file:///app/app/src/main/java/com/nuvio/tv/data/remote/dto/trakt/TraktListsDtos.kt:22:5 This annotation is currently applied to the value parameter only, but in the future it will also be applied to property.
- To opt in to applying to both value parameter and property, add '-Xannotation-default-target=param-property' to your compiler arguments.
- To keep applying to the value parameter only, use the '@param:' annotation target.

See https://youtrack.jetbrains.com/issue/KT-73255 for more details.
w: file:///app/app/src/main/java/com/nuvio/tv/data/remote/dto/trakt/TraktListsDtos.kt:23:5 This annotation is currently applied to the value parameter only, but in the future it will also be applied to property.
- To opt in to applying to both value parameter and property, add '-Xannotation-default-target=param-property' to your compiler arguments.
- To keep applying to the value parameter only, use the '@param:' annotation target.

See https://youtrack.jetbrains.com/issue/KT-73255 for more details.
w: file:///app/app/src/main/java/com/nuvio/tv/data/remote/dto/trakt/TraktListsDtos.kt:24:5 This annotation is currently applied to the value parameter only, but in the future it will also be applied to property.
- To opt in to applying to both value parameter and property, add '-Xannotation-default-target=param-property' to your compiler arguments.
- To keep applying to the value parameter only, use the '@param:' annotation target.

See https://youtrack.jetbrains.com/issue/KT-73255 for more details.
w: file:///app/app/src/main/java/com/nuvio/tv/data/remote/dto/trakt/TraktListsDtos.kt:29:5 This annotation is currently applied to the value parameter only, but in the future it will also be applied to property.
- To opt in to applying to both value parameter and property, add '-Xannotation-default-target=param-property' to your compiler arguments.
- To keep applying to the value parameter only, use the '@param:' annotation target.

See https://youtrack.jetbrains.com/issue/KT-73255 for more details.
w: file:///app/app/src/main/java/com/nuvio/tv/data/remote/dto/trakt/TraktListsDtos.kt:30:5 This annotation is currently applied to the value parameter only, but in the future it will also be applied to property.
- To opt in to applying to both value parameter and property, add '-Xannotation-default-target=param-property' to your compiler arguments.
- To keep applying to the value parameter only, use the '@param:' annotation target.

See https://youtrack.jetbrains.com/issue/KT-73255 for more details.
w: file:///app/app/src/main/java/com/nuvio/tv/data/remote/dto/trakt/TraktListsDtos.kt:31:5 This annotation is currently applied to the value parameter only, but in the future it will also be applied to property.
- To opt in to applying to both value parameter and property, add '-Xannotation-default-target=param-property' to your compiler arguments.
- To keep applying to the value parameter only, use the '@param:' annotation target.

See https://youtrack.jetbrains.com/issue/KT-73255 for more details.
w: file:///app/app/src/main/java/com/nuvio/tv/data/remote/dto/trakt/TraktListsDtos.kt:36:5 This annotation is currently applied to the value parameter only, but in the future it will also be applied to property.
- To opt in to applying to both value parameter and property, add '-Xannotation-default-target=param-property' to your compiler arguments.
- To keep applying to the value parameter only, use the '@param:' annotation target.

See https://youtrack.jetbrains.com/issue/KT-73255 for more details.
w: file:///app/app/src/main/java/com/nuvio/tv/data/remote/dto/trakt/TraktListsDtos.kt:41:5 This annotation is currently applied to the value parameter only, but in the future it will also be applied to property.
- To opt in to applying to both value parameter and property, add '-Xannotation-default-target=param-property' to your compiler arguments.
- To keep applying to the value parameter only, use the '@param:' annotation target.

See https://youtrack.jetbrains.com/issue/KT-73255 for more details.
w: file:///app/app/src/main/java/com/nuvio/tv/data/remote/dto/trakt/TraktListsDtos.kt:42:5 This annotation is currently applied to the value parameter only, but in the future it will also be applied to property.
- To opt in to applying to both value parameter and property, add '-Xannotation-default-target=param-property' to your compiler arguments.
- To keep applying to the value parameter only, use the '@param:' annotation target.

See https://youtrack.jetbrains.com/issue/KT-73255 for more details.
w: file:///app/app/src/main/java/com/nuvio/tv/data/remote/dto/trakt/TraktListsDtos.kt:47:5 This annotation is currently applied to the value parameter only, but in the future it will also be applied to property.
- To opt in to applying to both value parameter and property, add '-Xannotation-default-target=param-property' to your compiler arguments.
- To keep applying to the value parameter only, use the '@param:' annotation target.

See https://youtrack.jetbrains.com/issue/KT-73255 for more details.
w: file:///app/app/src/main/java/com/nuvio/tv/data/remote/dto/trakt/TraktListsDtos.kt:48:5 This annotation is currently applied to the value parameter only, but in the future it will also be applied to property.
- To opt in to applying to both value parameter and property, add '-Xannotation-default-target=param-property' to your compiler arguments.
- To keep applying to the value parameter only, use the '@param:' annotation target.

See https://youtrack.jetbrains.com/issue/KT-73255 for more details.
w: file:///app/app/src/main/java/com/nuvio/tv/data/remote/dto/trakt/TraktListsDtos.kt:49:5 This annotation is currently applied to the value parameter only, but in the future it will also be applied to property.
- To opt in to applying to both value parameter and property, add '-Xannotation-default-target=param-property' to your compiler arguments.
- To keep applying to the value parameter only, use the '@param:' annotation target.

See https://youtrack.jetbrains.com/issue/KT-73255 for more details.
w: file:///app/app/src/main/java/com/nuvio/tv/data/remote/dto/trakt/TraktListsDtos.kt:50:5 This annotation is currently applied to the value parameter only, but in the future it will also be applied to property.
- To opt in to applying to both value parameter and property, add '-Xannotation-default-target=param-property' to your compiler arguments.
- To keep applying to the value parameter only, use the '@param:' annotation target.

See https://youtrack.jetbrains.com/issue/KT-73255 for more details.
w: file:///app/app/src/main/java/com/nuvio/tv/data/remote/dto/trakt/TraktListsDtos.kt:51:5 This annotation is currently applied to the value parameter only, but in the future it will also be applied to property.
- To opt in to applying to both value parameter and property, add '-Xannotation-default-target=param-property' to your compiler arguments.
- To keep applying to the value parameter only, use the '@param:' annotation target.

See https://youtrack.jetbrains.com/issue/KT-73255 for more details.
w: file:///app/app/src/main/java/com/nuvio/tv/data/remote/dto/trakt/TraktListsDtos.kt:52:5 This annotation is currently applied to the value parameter only, but in the future it will also be applied to property.
- To opt in to applying to both value parameter and property, add '-Xannotation-default-target=param-property' to your compiler arguments.
- To keep applying to the value parameter only, use the '@param:' annotation target.

See https://youtrack.jetbrains.com/issue/KT-73255 for more details.
w: file:///app/app/src/main/java/com/nuvio/tv/data/remote/dto/trakt/TraktListsDtos.kt:53:5 This annotation is currently applied to the value parameter only, but in the future it will also be applied to property.
- To opt in to applying to both value parameter and property, add '-Xannotation-default-target=param-property' to your compiler arguments.
- To keep applying to the value parameter only, use the '@param:' annotation target.

See https://youtrack.jetbrains.com/issue/KT-73255 for more details.
w: file:///app/app/src/main/java/com/nuvio/tv/data/remote/dto/trakt/TraktListsDtos.kt:54:5 This annotation is currently applied to the value parameter only, but in the future it will also be applied to property.
- To opt in to applying to both value parameter and property, add '-Xannotation-default-target=param-property' to your compiler arguments.
- To keep applying to the value parameter only, use the '@param:' annotation target.

See https://youtrack.jetbrains.com/issue/KT-73255 for more details.
w: file:///app/app/src/main/java/com/nuvio/tv/data/remote/dto/trakt/TraktListsDtos.kt:55:5 This annotation is currently applied to the value parameter only, but in the future it will also be applied to property.
- To opt in to applying to both value parameter and property, add '-Xannotation-default-target=param-property' to your compiler arguments.
- To keep applying to the value parameter only, use the '@param:' annotation target.

See https://youtrack.jetbrains.com/issue/KT-73255 for more details.
w: file:///app/app/src/main/java/com/nuvio/tv/data/remote/dto/trakt/TraktListsDtos.kt:56:5 This annotation is currently applied to the value parameter only, but in the future it will also be applied to property.
- To opt in to applying to both value parameter and property, add '-Xannotation-default-target=param-property' to your compiler arguments.
- To keep applying to the value parameter only, use the '@param:' annotation target.

See https://youtrack.jetbrains.com/issue/KT-73255 for more details.
w: file:///app/app/src/main/java/com/nuvio/tv/data/remote/dto/trakt/TraktListsDtos.kt:61:5 This annotation is currently applied to the value parameter only, but in the future it will also be applied to property.
- To opt in to applying to both value parameter and property, add '-Xannotation-default-target=param-property' to your compiler arguments.
- To keep applying to the value parameter only, use the '@param:' annotation target.

See https://youtrack.jetbrains.com/issue/KT-73255 for more details.
w: file:///app/app/src/main/java/com/nuvio/tv/data/remote/dto/trakt/TraktListsDtos.kt:62:5 This annotation is currently applied to the value parameter only, but in the future it will also be applied to property.
- To opt in to applying to both value parameter and property, add '-Xannotation-default-target=param-property' to your compiler arguments.
- To keep applying to the value parameter only, use the '@param:' annotation target.

See https://youtrack.jetbrains.com/issue/KT-73255 for more details.
w: file:///app/app/src/main/java/com/nuvio/tv/data/remote/dto/trakt/TraktListsDtos.kt:67:5 This annotation is currently applied to the value parameter only, but in the future it will also be applied to property.
- To opt in to applying to both value parameter and property, add '-Xannotation-default-target=param-property' to your compiler arguments.
- To keep applying to the value parameter only, use the '@param:' annotation target.

See https://youtrack.jetbrains.com/issue/KT-73255 for more details.
w: file:///app/app/src/main/java/com/nuvio/tv/data/remote/dto/trakt/TraktListsDtos.kt:68:5 This annotation is currently applied to the value parameter only, but in the future it will also be applied to property.
- To opt in to applying to both value parameter and property, add '-Xannotation-default-target=param-property' to your compiler arguments.
- To keep applying to the value parameter only, use the '@param:' annotation target.

See https://youtrack.jetbrains.com/issue/KT-73255 for more details.
w: file:///app/app/src/main/java/com/nuvio/tv/data/remote/dto/trakt/TraktListsDtos.kt:73:5 This annotation is currently applied to the value parameter only, but in the future it will also be applied to property.
- To opt in to applying to both value parameter and property, add '-Xannotation-default-target=param-property' to your compiler arguments.
- To keep applying to the value parameter only, use the '@param:' annotation target.

See https://youtrack.jetbrains.com/issue/KT-73255 for more details.
w: file:///app/app/src/main/java/com/nuvio/tv/data/remote/dto/trakt/TraktListsDtos.kt:74:5 This annotation is currently applied to the value parameter only, but in the future it will also be applied to property.
- To opt in to applying to both value parameter and property, add '-Xannotation-default-target=param-property' to your compiler arguments.
- To keep applying to the value parameter only, use the '@param:' annotation target.

See https://youtrack.jetbrains.com/issue/KT-73255 for more details.
w: file:///app/app/src/main/java/com/nuvio/tv/data/remote/dto/trakt/TraktListsDtos.kt:79:5 This annotation is currently applied to the value parameter only, but in the future it will also be applied to property.
- To opt in to applying to both value parameter and property, add '-Xannotation-default-target=param-property' to your compiler arguments.
- To keep applying to the value parameter only, use the '@param:' annotation target.

See https://youtrack.jetbrains.com/issue/KT-73255 for more details.
w: file:///app/app/src/main/java/com/nuvio/tv/data/remote/dto/trakt/TraktListsDtos.kt:80:5 This annotation is currently applied to the value parameter only, but in the future it will also be applied to property.
- To opt in to applying to both value parameter and property, add '-Xannotation-default-target=param-property' to your compiler arguments.
- To keep applying to the value parameter only, use the '@param:' annotation target.

See https://youtrack.jetbrains.com/issue/KT-73255 for more details.
w: file:///app/app/src/main/java/com/nuvio/tv/data/remote/dto/trakt/TraktListsDtos.kt:81:5 This annotation is currently applied to the value parameter only, but in the future it will also be applied to property.
- To opt in to applying to both value parameter and property, add '-Xannotation-default-target=param-property' to your compiler arguments.
- To keep applying to the value parameter only, use the '@param:' annotation target.

See https://youtrack.jetbrains.com/issue/KT-73255 for more details.
w: file:///app/app/src/main/java/com/nuvio/tv/data/remote/dto/trakt/TraktListsDtos.kt:86:5 This annotation is currently applied to the value parameter only, but in the future it will also be applied to property.
- To opt in to applying to both value parameter and property, add '-Xannotation-default-target=param-property' to your compiler arguments.
- To keep applying to the value parameter only, use the '@param:' annotation target.

See https://youtrack.jetbrains.com/issue/KT-73255 for more details.
w: file:///app/app/src/main/java/com/nuvio/tv/data/remote/dto/trakt/TraktListsDtos.kt:87:5 This annotation is currently applied to the value parameter only, but in the future it will also be applied to property.
- To opt in to applying to both value parameter and property, add '-Xannotation-default-target=param-property' to your compiler arguments.
- To keep applying to the value parameter only, use the '@param:' annotation target.

See https://youtrack.jetbrains.com/issue/KT-73255 for more details.
w: file:///app/app/src/main/java/com/nuvio/tv/data/remote/dto/trakt/TraktListsDtos.kt:88:5 This annotation is currently applied to the value parameter only, but in the future it will also be applied to property.
- To opt in to applying to both value parameter and property, add '-Xannotation-default-target=param-property' to your compiler arguments.
- To keep applying to the value parameter only, use the '@param:' annotation target.

See https://youtrack.jetbrains.com/issue/KT-73255 for more details.
w: file:///app/app/src/main/java/com/nuvio/tv/data/remote/dto/trakt/TraktListsDtos.kt:93:5 This annotation is currently applied to the value parameter only, but in the future it will also be applied to property.
- To opt in to applying to both value parameter and property, add '-Xannotation-default-target=param-property' to your compiler arguments.
- To keep applying to the value parameter only, use the '@param:' annotation target.

See https://youtrack.jetbrains.com/issue/KT-73255 for more details.
w: file:///app/app/src/main/java/com/nuvio/tv/data/remote/dto/trakt/TraktListsDtos.kt:94:5 This annotation is currently applied to the value parameter only, but in the future it will also be applied to property.
- To opt in to applying to both value parameter and property, add '-Xannotation-default-target=param-property' to your compiler arguments.
- To keep applying to the value parameter only, use the '@param:' annotation target.

See https://youtrack.jetbrains.com/issue/KT-73255 for more details.
w: file:///app/app/src/main/java/com/nuvio/tv/data/remote/dto/trakt/TraktListsDtos.kt:95:5 This annotation is currently applied to the value parameter only, but in the future it will also be applied to property.
- To opt in to applying to both value parameter and property, add '-Xannotation-default-target=param-property' to your compiler arguments.
- To keep applying to the value parameter only, use the '@param:' annotation target.

See https://youtrack.jetbrains.com/issue/KT-73255 for more details.
w: file:///app/app/src/main/java/com/nuvio/tv/data/remote/dto/trakt/TraktListsDtos.kt:96:5 This annotation is currently applied to the value parameter only, but in the future it will also be applied to property.
- To opt in to applying to both value parameter and property, add '-Xannotation-default-target=param-property' to your compiler arguments.
- To keep applying to the value parameter only, use the '@param:' annotation target.

See https://youtrack.jetbrains.com/issue/KT-73255 for more details.
w: file:///app/app/src/main/java/com/nuvio/tv/data/remote/dto/trakt/TraktListsDtos.kt:97:5 This annotation is currently applied to the value parameter only, but in the future it will also be applied to property.
- To opt in to applying to both value parameter and property, add '-Xannotation-default-target=param-property' to your compiler arguments.
- To keep applying to the value parameter only, use the '@param:' annotation target.

See https://youtrack.jetbrains.com/issue/KT-73255 for more details.
w: file:///app/app/src/main/java/com/nuvio/tv/data/remote/dto/trakt/TraktListsDtos.kt:102:5 This annotation is currently applied to the value parameter only, but in the future it will also be applied to property.
- To opt in to applying to both value parameter and property, add '-Xannotation-default-target=param-property' to your compiler arguments.
- To keep applying to the value parameter only, use the '@param:' annotation target.

See https://youtrack.jetbrains.com/issue/KT-73255 for more details.
w: file:///app/app/src/main/java/com/nuvio/tv/data/remote/dto/trakt/TraktListsDtos.kt:103:5 This annotation is currently applied to the value parameter only, but in the future it will also be applied to property.
- To opt in to applying to both value parameter and property, add '-Xannotation-default-target=param-property' to your compiler arguments.
- To keep applying to the value parameter only, use the '@param:' annotation target.

See https://youtrack.jetbrains.com/issue/KT-73255 for more details.
w: file:///app/app/src/main/java/com/nuvio/tv/data/remote/dto/trakt/TraktListsDtos.kt:104:5 This annotation is currently applied to the value parameter only, but in the future it will also be applied to property.
- To opt in to applying to both value parameter and property, add '-Xannotation-default-target=param-property' to your compiler arguments.
- To keep applying to the value parameter only, use the '@param:' annotation target.

See https://youtrack.jetbrains.com/issue/KT-73255 for more details.
w: file:///app/app/src/main/java/com/nuvio/tv/data/remote/dto/trakt/TraktListsDtos.kt:105:5 This annotation is currently applied to the value parameter only, but in the future it will also be applied to property.
- To opt in to applying to both value parameter and property, add '-Xannotation-default-target=param-property' to your compiler arguments.
- To keep applying to the value parameter only, use the '@param:' annotation target.

See https://youtrack.jetbrains.com/issue/KT-73255 for more details.
w: file:///app/app/src/main/java/com/nuvio/tv/data/remote/dto/trakt/TraktListsDtos.kt:106:5 This annotation is currently applied to the value parameter only, but in the future it will also be applied to property.
- To opt in to applying to both value parameter and property, add '-Xannotation-default-target=param-property' to your compiler arguments.
- To keep applying to the value parameter only, use the '@param:' annotation target.

See https://youtrack.jetbrains.com/issue/KT-73255 for more details.
w: file:///app/app/src/main/java/com/nuvio/tv/data/remote/dto/trakt/TraktListsDtos.kt:111:5 This annotation is currently applied to the value parameter only, but in the future it will also be applied to property.
- To opt in to applying to both value parameter and property, add '-Xannotation-default-target=param-property' to your compiler arguments.
- To keep applying to the value parameter only, use the '@param:' annotation target.

See https://youtrack.jetbrains.com/issue/KT-73255 for more details.
w: file:///app/app/src/main/java/com/nuvio/tv/data/remote/dto/trakt/TraktListsDtos.kt:112:5 This annotation is currently applied to the value parameter only, but in the future it will also be applied to property.
- To opt in to applying to both value parameter and property, add '-Xannotation-default-target=param-property' to your compiler arguments.
- To keep applying to the value parameter only, use the '@param:' annotation target.

See https://youtrack.jetbrains.com/issue/KT-73255 for more details.
w: file:///app/app/src/main/java/com/nuvio/tv/data/remote/dto/trakt/TraktListsDtos.kt:113:5 This annotation is currently applied to the value parameter only, but in the future it will also be applied to property.
- To opt in to applying to both value parameter and property, add '-Xannotation-default-target=param-property' to your compiler arguments.
- To keep applying to the value parameter only, use the '@param:' annotation target.

See https://youtrack.jetbrains.com/issue/KT-73255 for more details.
w: file:///app/app/src/main/java/com/nuvio/tv/data/remote/dto/trakt/TraktListsDtos.kt:114:5 This annotation is currently applied to the value parameter only, but in the future it will also be applied to property.
- To opt in to applying to both value parameter and property, add '-Xannotation-default-target=param-property' to your compiler arguments.
- To keep applying to the value parameter only, use the '@param:' annotation target.

See https://youtrack.jetbrains.com/issue/KT-73255 for more details.
w: file:///app/app/src/main/java/com/nuvio/tv/data/remote/dto/trakt/TraktListsDtos.kt:115:5 This annotation is currently applied to the value parameter only, but in the future it will also be applied to property.
- To opt in to applying to both value parameter and property, add '-Xannotation-default-target=param-property' to your compiler arguments.
- To keep applying to the value parameter only, use the '@param:' annotation target.

See https://youtrack.jetbrains.com/issue/KT-73255 for more details.
w: file:///app/app/src/main/java/com/nuvio/tv/data/remote/dto/trakt/TraktListsDtos.kt:120:5 This annotation is currently applied to the value parameter only, but in the future it will also be applied to property.
- To opt in to applying to both value parameter and property, add '-Xannotation-default-target=param-property' to your compiler arguments.
- To keep applying to the value parameter only, use the '@param:' annotation target.

See https://youtrack.jetbrains.com/issue/KT-73255 for more details.
w: file:///app/app/src/main/java/com/nuvio/tv/data/remote/dto/trakt/TraktListsDtos.kt:121:5 This annotation is currently applied to the value parameter only, but in the future it will also be applied to property.
- To opt in to applying to both value parameter and property, add '-Xannotation-default-target=param-property' to your compiler arguments.
- To keep applying to the value parameter only, use the '@param:' annotation target.

See https://youtrack.jetbrains.com/issue/KT-73255 for more details.
w: file:///app/app/src/main/java/com/nuvio/tv/data/remote/dto/trakt/TraktMediaDtos.kt:8:5 This annotation is currently applied to the value parameter only, but in the future it will also be applied to property.
- To opt in to applying to both value parameter and property, add '-Xannotation-default-target=param-property' to your compiler arguments.
- To keep applying to the value parameter only, use the '@param:' annotation target.

See https://youtrack.jetbrains.com/issue/KT-73255 for more details.
w: file:///app/app/src/main/java/com/nuvio/tv/data/remote/dto/trakt/TraktMediaDtos.kt:9:5 This annotation is currently applied to the value parameter only, but in the future it will also be applied to property.
- To opt in to applying to both value parameter and property, add '-Xannotation-default-target=param-property' to your compiler arguments.
- To keep applying to the value parameter only, use the '@param:' annotation target.

See https://youtrack.jetbrains.com/issue/KT-73255 for more details.
w: file:///app/app/src/main/java/com/nuvio/tv/data/remote/dto/trakt/TraktMediaDtos.kt:10:5 This annotation is currently applied to the value parameter only, but in the future it will also be applied to property.
- To opt in to applying to both value parameter and property, add '-Xannotation-default-target=param-property' to your compiler arguments.
- To keep applying to the value parameter only, use the '@param:' annotation target.

See https://youtrack.jetbrains.com/issue/KT-73255 for more details.
w: file:///app/app/src/main/java/com/nuvio/tv/data/remote/dto/trakt/TraktMediaDtos.kt:11:5 This annotation is currently applied to the value parameter only, but in the future it will also be applied to property.
- To opt in to applying to both value parameter and property, add '-Xannotation-default-target=param-property' to your compiler arguments.
- To keep applying to the value parameter only, use the '@param:' annotation target.

See https://youtrack.jetbrains.com/issue/KT-73255 for more details.
w: file:///app/app/src/main/java/com/nuvio/tv/data/remote/dto/trakt/TraktMediaDtos.kt:12:5 This annotation is currently applied to the value parameter only, but in the future it will also be applied to property.
- To opt in to applying to both value parameter and property, add '-Xannotation-default-target=param-property' to your compiler arguments.
- To keep applying to the value parameter only, use the '@param:' annotation target.

See https://youtrack.jetbrains.com/issue/KT-73255 for more details.
w: file:///app/app/src/main/java/com/nuvio/tv/data/remote/dto/trakt/TraktMediaDtos.kt:17:5 This annotation is currently applied to the value parameter only, but in the future it will also be applied to property.
- To opt in to applying to both value parameter and property, add '-Xannotation-default-target=param-property' to your compiler arguments.
- To keep applying to the value parameter only, use the '@param:' annotation target.

See https://youtrack.jetbrains.com/issue/KT-73255 for more details.
w: file:///app/app/src/main/java/com/nuvio/tv/data/remote/dto/trakt/TraktMediaDtos.kt:18:5 This annotation is currently applied to the value parameter only, but in the future it will also be applied to property.
- To opt in to applying to both value parameter and property, add '-Xannotation-default-target=param-property' to your compiler arguments.
- To keep applying to the value parameter only, use the '@param:' annotation target.

See https://youtrack.jetbrains.com/issue/KT-73255 for more details.
w: file:///app/app/src/main/java/com/nuvio/tv/data/remote/dto/trakt/TraktMediaDtos.kt:19:5 This annotation is currently applied to the value parameter only, but in the future it will also be applied to property.
- To opt in to applying to both value parameter and property, add '-Xannotation-default-target=param-property' to your compiler arguments.
- To keep applying to the value parameter only, use the '@param:' annotation target.

See https://youtrack.jetbrains.com/issue/KT-73255 for more details.
w: file:///app/app/src/main/java/com/nuvio/tv/data/remote/dto/trakt/TraktMediaDtos.kt:20:5 This annotation is currently applied to the value parameter only, but in the future it will also be applied to property.
- To opt in to applying to both value parameter and property, add '-Xannotation-default-target=param-property' to your compiler arguments.
- To keep applying to the value parameter only, use the '@param:' annotation target.

See https://youtrack.jetbrains.com/issue/KT-73255 for more details.
w: file:///app/app/src/main/java/com/nuvio/tv/data/remote/dto/trakt/TraktMediaDtos.kt:21:5 This annotation is currently applied to the value parameter only, but in the future it will also be applied to property.
- To opt in to applying to both value parameter and property, add '-Xannotation-default-target=param-property' to your compiler arguments.
- To keep applying to the value parameter only, use the '@param:' annotation target.

See https://youtrack.jetbrains.com/issue/KT-73255 for more details.
w: file:///app/app/src/main/java/com/nuvio/tv/data/remote/dto/trakt/TraktMediaDtos.kt:22:5 This annotation is currently applied to the value parameter only, but in the future it will also be applied to property.
- To opt in to applying to both value parameter and property, add '-Xannotation-default-target=param-property' to your compiler arguments.
- To keep applying to the value parameter only, use the '@param:' annotation target.

See https://youtrack.jetbrains.com/issue/KT-73255 for more details.
w: file:///app/app/src/main/java/com/nuvio/tv/data/remote/dto/trakt/TraktMediaDtos.kt:23:5 This annotation is currently applied to the value parameter only, but in the future it will also be applied to property.
- To opt in to applying to both value parameter and property, add '-Xannotation-default-target=param-property' to your compiler arguments.
- To keep applying to the value parameter only, use the '@param:' annotation target.

See https://youtrack.jetbrains.com/issue/KT-73255 for more details.
w: file:///app/app/src/main/java/com/nuvio/tv/data/remote/dto/trakt/TraktMediaDtos.kt:24:5 This annotation is currently applied to the value parameter only, but in the future it will also be applied to property.
- To opt in to applying to both value parameter and property, add '-Xannotation-default-target=param-property' to your compiler arguments.
- To keep applying to the value parameter only, use the '@param:' annotation target.

See https://youtrack.jetbrains.com/issue/KT-73255 for more details.
w: file:///app/app/src/main/java/com/nuvio/tv/data/remote/dto/trakt/TraktMediaDtos.kt:25:5 This annotation is currently applied to the value parameter only, but in the future it will also be applied to property.
- To opt in to applying to both value parameter and property, add '-Xannotation-default-target=param-property' to your compiler arguments.
- To keep applying to the value parameter only, use the '@param:' annotation target.

See https://youtrack.jetbrains.com/issue/KT-73255 for more details.
w: file:///app/app/src/main/java/com/nuvio/tv/data/remote/dto/trakt/TraktMediaDtos.kt:26:5 This annotation is currently applied to the value parameter only, but in the future it will also be applied to property.
- To opt in to applying to both value parameter and property, add '-Xannotation-default-target=param-property' to your compiler arguments.
- To keep applying to the value parameter only, use the '@param:' annotation target.

See https://youtrack.jetbrains.com/issue/KT-73255 for more details.
w: file:///app/app/src/main/java/com/nuvio/tv/data/remote/dto/trakt/TraktMediaDtos.kt:27:5 This annotation is currently applied to the value parameter only, but in the future it will also be applied to property.
- To opt in to applying to both value parameter and property, add '-Xannotation-default-target=param-property' to your compiler arguments.
- To keep applying to the value parameter only, use the '@param:' annotation target.

See https://youtrack.jetbrains.com/issue/KT-73255 for more details.
w: file:///app/app/src/main/java/com/nuvio/tv/data/remote/dto/trakt/TraktMediaDtos.kt:28:5 This annotation is currently applied to the value parameter only, but in the future it will also be applied to property.
- To opt in to applying to both value parameter and property, add '-Xannotation-default-target=param-property' to your compiler arguments.
- To keep applying to the value parameter only, use the '@param:' annotation target.

See https://youtrack.jetbrains.com/issue/KT-73255 for more details.
w: file:///app/app/src/main/java/com/nuvio/tv/data/remote/dto/trakt/TraktMediaDtos.kt:29:5 This annotation is currently applied to the value parameter only, but in the future it will also be applied to property.
- To opt in to applying to both value parameter and property, add '-Xannotation-default-target=param-property' to your compiler arguments.
- To keep applying to the value parameter only, use the '@param:' annotation target.

See https://youtrack.jetbrains.com/issue/KT-73255 for more details.
w: file:///app/app/src/main/java/com/nuvio/tv/data/remote/dto/trakt/TraktMediaDtos.kt:30:5 This annotation is currently applied to the value parameter only, but in the future it will also be applied to property.
- To opt in to applying to both value parameter and property, add '-Xannotation-default-target=param-property' to your compiler arguments.
- To keep applying to the value parameter only, use the '@param:' annotation target.

See https://youtrack.jetbrains.com/issue/KT-73255 for more details.
w: file:///app/app/src/main/java/com/nuvio/tv/data/remote/dto/trakt/TraktMediaDtos.kt:31:5 This annotation is currently applied to the value parameter only, but in the future it will also be applied to property.
- To opt in to applying to both value parameter and property, add '-Xannotation-default-target=param-property' to your compiler arguments.
- To keep applying to the value parameter only, use the '@param:' annotation target.

See https://youtrack.jetbrains.com/issue/KT-73255 for more details.
w: file:///app/app/src/main/java/com/nuvio/tv/data/remote/dto/trakt/TraktMediaDtos.kt:36:5 This annotation is currently applied to the value parameter only, but in the future it will also be applied to property.
- To opt in to applying to both value parameter and property, add '-Xannotation-default-target=param-property' to your compiler arguments.
- To keep applying to the value parameter only, use the '@param:' annotation target.

See https://youtrack.jetbrains.com/issue/KT-73255 for more details.
w: file:///app/app/src/main/java/com/nuvio/tv/data/remote/dto/trakt/TraktMediaDtos.kt:37:5 This annotation is currently applied to the value parameter only, but in the future it will also be applied to property.
- To opt in to applying to both value parameter and property, add '-Xannotation-default-target=param-property' to your compiler arguments.
- To keep applying to the value parameter only, use the '@param:' annotation target.

See https://youtrack.jetbrains.com/issue/KT-73255 for more details.
w: file:///app/app/src/main/java/com/nuvio/tv/data/remote/dto/trakt/TraktMediaDtos.kt:38:5 This annotation is currently applied to the value parameter only, but in the future it will also be applied to property.
- To opt in to applying to both value parameter and property, add '-Xannotation-default-target=param-property' to your compiler arguments.
- To keep applying to the value parameter only, use the '@param:' annotation target.

See https://youtrack.jetbrains.com/issue/KT-73255 for more details.
w: file:///app/app/src/main/java/com/nuvio/tv/data/remote/dto/trakt/TraktMediaDtos.kt:39:5 This annotation is currently applied to the value parameter only, but in the future it will also be applied to property.
- To opt in to applying to both value parameter and property, add '-Xannotation-default-target=param-property' to your compiler arguments.
- To keep applying to the value parameter only, use the '@param:' annotation target.

See https://youtrack.jetbrains.com/issue/KT-73255 for more details.
w: file:///app/app/src/main/java/com/nuvio/tv/data/remote/dto/trakt/TraktMediaDtos.kt:40:5 This annotation is currently applied to the value parameter only, but in the future it will also be applied to property.
- To opt in to applying to both value parameter and property, add '-Xannotation-default-target=param-property' to your compiler arguments.
- To keep applying to the value parameter only, use the '@param:' annotation target.

See https://youtrack.jetbrains.com/issue/KT-73255 for more details.
w: file:///app/app/src/main/java/com/nuvio/tv/data/remote/dto/trakt/TraktMediaDtos.kt:41:5 This annotation is currently applied to the value parameter only, but in the future it will also be applied to property.
- To opt in to applying to both value parameter and property, add '-Xannotation-default-target=param-property' to your compiler arguments.
- To keep applying to the value parameter only, use the '@param:' annotation target.

See https://youtrack.jetbrains.com/issue/KT-73255 for more details.
w: file:///app/app/src/main/java/com/nuvio/tv/data/remote/dto/trakt/TraktMediaDtos.kt:42:5 This annotation is currently applied to the value parameter only, but in the future it will also be applied to property.
- To opt in to applying to both value parameter and property, add '-Xannotation-default-target=param-property' to your compiler arguments.
- To keep applying to the value parameter only, use the '@param:' annotation target.

See https://youtrack.jetbrains.com/issue/KT-73255 for more details.
w: file:///app/app/src/main/java/com/nuvio/tv/data/remote/dto/trakt/TraktMediaDtos.kt:43:5 This annotation is currently applied to the value parameter only, but in the future it will also be applied to property.
- To opt in to applying to both value parameter and property, add '-Xannotation-default-target=param-property' to your compiler arguments.
- To keep applying to the value parameter only, use the '@param:' annotation target.

See https://youtrack.jetbrains.com/issue/KT-73255 for more details.
w: file:///app/app/src/main/java/com/nuvio/tv/data/remote/dto/trakt/TraktMediaDtos.kt:44:5 This annotation is currently applied to the value parameter only, but in the future it will also be applied to property.
- To opt in to applying to both value parameter and property, add '-Xannotation-default-target=param-property' to your compiler arguments.
- To keep applying to the value parameter only, use the '@param:' annotation target.

See https://youtrack.jetbrains.com/issue/KT-73255 for more details.
w: file:///app/app/src/main/java/com/nuvio/tv/data/remote/dto/trakt/TraktMediaDtos.kt:45:5 This annotation is currently applied to the value parameter only, but in the future it will also be applied to property.
- To opt in to applying to both value parameter and property, add '-Xannotation-default-target=param-property' to your compiler arguments.
- To keep applying to the value parameter only, use the '@param:' annotation target.

See https://youtrack.jetbrains.com/issue/KT-73255 for more details.
w: file:///app/app/src/main/java/com/nuvio/tv/data/remote/dto/trakt/TraktMediaDtos.kt:46:5 This annotation is currently applied to the value parameter only, but in the future it will also be applied to property.
- To opt in to applying to both value parameter and property, add '-Xannotation-default-target=param-property' to your compiler arguments.
- To keep applying to the value parameter only, use the '@param:' annotation target.

See https://youtrack.jetbrains.com/issue/KT-73255 for more details.
w: file:///app/app/src/main/java/com/nuvio/tv/data/remote/dto/trakt/TraktMediaDtos.kt:47:5 This annotation is currently applied to the value parameter only, but in the future it will also be applied to property.
- To opt in to applying to both value parameter and property, add '-Xannotation-default-target=param-property' to your compiler arguments.
- To keep applying to the value parameter only, use the '@param:' annotation target.

See https://youtrack.jetbrains.com/issue/KT-73255 for more details.
w: file:///app/app/src/main/java/com/nuvio/tv/data/remote/dto/trakt/TraktMediaDtos.kt:48:5 This annotation is currently applied to the value parameter only, but in the future it will also be applied to property.
- To opt in to applying to both value parameter and property, add '-Xannotation-default-target=param-property' to your compiler arguments.
- To keep applying to the value parameter only, use the '@param:' annotation target.

See https://youtrack.jetbrains.com/issue/KT-73255 for more details.
w: file:///app/app/src/main/java/com/nuvio/tv/data/remote/dto/trakt/TraktMediaDtos.kt:49:5 This annotation is currently applied to the value parameter only, but in the future it will also be applied to property.
- To opt in to applying to both value parameter and property, add '-Xannotation-default-target=param-property' to your compiler arguments.
- To keep applying to the value parameter only, use the '@param:' annotation target.

See https://youtrack.jetbrains.com/issue/KT-73255 for more details.
w: file:///app/app/src/main/java/com/nuvio/tv/data/remote/dto/trakt/TraktMediaDtos.kt:50:5 This annotation is currently applied to the value parameter only, but in the future it will also be applied to property.
- To opt in to applying to both value parameter and property, add '-Xannotation-default-target=param-property' to your compiler arguments.
- To keep applying to the value parameter only, use the '@param:' annotation target.

See https://youtrack.jetbrains.com/issue/KT-73255 for more details.
w: file:///app/app/src/main/java/com/nuvio/tv/data/remote/dto/trakt/TraktMediaDtos.kt:51:5 This annotation is currently applied to the value parameter only, but in the future it will also be applied to property.
- To opt in to applying to both value parameter and property, add '-Xannotation-default-target=param-property' to your compiler arguments.
- To keep applying to the value parameter only, use the '@param:' annotation target.

See https://youtrack.jetbrains.com/issue/KT-73255 for more details.
w: file:///app/app/src/main/java/com/nuvio/tv/data/remote/dto/trakt/TraktMediaDtos.kt:56:5 This annotation is currently applied to the value parameter only, but in the future it will also be applied to property.
- To opt in to applying to both value parameter and property, add '-Xannotation-default-target=param-property' to your compiler arguments.
- To keep applying to the value parameter only, use the '@param:' annotation target.

See https://youtrack.jetbrains.com/issue/KT-73255 for more details.
w: file:///app/app/src/main/java/com/nuvio/tv/data/remote/dto/trakt/TraktMediaDtos.kt:57:5 This annotation is currently applied to the value parameter only, but in the future it will also be applied to property.
- To opt in to applying to both value parameter and property, add '-Xannotation-default-target=param-property' to your compiler arguments.
- To keep applying to the value parameter only, use the '@param:' annotation target.

See https://youtrack.jetbrains.com/issue/KT-73255 for more details.
w: file:///app/app/src/main/java/com/nuvio/tv/data/remote/dto/trakt/TraktMediaDtos.kt:58:5 This annotation is currently applied to the value parameter only, but in the future it will also be applied to property.
- To opt in to applying to both value parameter and property, add '-Xannotation-default-target=param-property' to your compiler arguments.
- To keep applying to the value parameter only, use the '@param:' annotation target.

See https://youtrack.jetbrains.com/issue/KT-73255 for more details.
w: file:///app/app/src/main/java/com/nuvio/tv/data/remote/dto/trakt/TraktMediaDtos.kt:59:5 This annotation is currently applied to the value parameter only, but in the future it will also be applied to property.
- To opt in to applying to both value parameter and property, add '-Xannotation-default-target=param-property' to your compiler arguments.
- To keep applying to the value parameter only, use the '@param:' annotation target.

See https://youtrack.jetbrains.com/issue/KT-73255 for more details.
w: file:///app/app/src/main/java/com/nuvio/tv/data/remote/dto/trakt/TraktMediaDtos.kt:60:5 This annotation is currently applied to the value parameter only, but in the future it will also be applied to property.
- To opt in to applying to both value parameter and property, add '-Xannotation-default-target=param-property' to your compiler arguments.
- To keep applying to the value parameter only, use the '@param:' annotation target.

See https://youtrack.jetbrains.com/issue/KT-73255 for more details.
w: file:///app/app/src/main/java/com/nuvio/tv/data/remote/dto/trakt/TraktMediaDtos.kt:61:5 This annotation is currently applied to the value parameter only, but in the future it will also be applied to property.
- To opt in to applying to both value parameter and property, add '-Xannotation-default-target=param-property' to your compiler arguments.
- To keep applying to the value parameter only, use the '@param:' annotation target.

See https://youtrack.jetbrains.com/issue/KT-73255 for more details.
w: file:///app/app/src/main/java/com/nuvio/tv/data/remote/dto/trakt/TraktMediaDtos.kt:66:5 This annotation is currently applied to the value parameter only, but in the future it will also be applied to property.
- To opt in to applying to both value parameter and property, add '-Xannotation-default-target=param-property' to your compiler arguments.
- To keep applying to the value parameter only, use the '@param:' annotation target.

See https://youtrack.jetbrains.com/issue/KT-73255 for more details.
w: file:///app/app/src/main/java/com/nuvio/tv/data/remote/dto/trakt/TraktMediaDtos.kt:67:5 This annotation is currently applied to the value parameter only, but in the future it will also be applied to property.
- To opt in to applying to both value parameter and property, add '-Xannotation-default-target=param-property' to your compiler arguments.
- To keep applying to the value parameter only, use the '@param:' annotation target.

See https://youtrack.jetbrains.com/issue/KT-73255 for more details.
w: file:///app/app/src/main/java/com/nuvio/tv/data/remote/dto/trakt/TraktMediaDtos.kt:68:5 This annotation is currently applied to the value parameter only, but in the future it will also be applied to property.
- To opt in to applying to both value parameter and property, add '-Xannotation-default-target=param-property' to your compiler arguments.
- To keep applying to the value parameter only, use the '@param:' annotation target.

See https://youtrack.jetbrains.com/issue/KT-73255 for more details.
w: file:///app/app/src/main/java/com/nuvio/tv/data/remote/dto/trakt/TraktMediaDtos.kt:73:5 This annotation is currently applied to the value parameter only, but in the future it will also be applied to property.
- To opt in to applying to both value parameter and property, add '-Xannotation-default-target=param-property' to your compiler arguments.
- To keep applying to the value parameter only, use the '@param:' annotation target.

See https://youtrack.jetbrains.com/issue/KT-73255 for more details.
w: file:///app/app/src/main/java/com/nuvio/tv/data/remote/dto/trakt/TraktMediaDtos.kt:74:5 This annotation is currently applied to the value parameter only, but in the future it will also be applied to property.
- To opt in to applying to both value parameter and property, add '-Xannotation-default-target=param-property' to your compiler arguments.
- To keep applying to the value parameter only, use the '@param:' annotation target.

See https://youtrack.jetbrains.com/issue/KT-73255 for more details.
w: file:///app/app/src/main/java/com/nuvio/tv/data/remote/dto/trakt/TraktMediaDtos.kt:75:5 This annotation is currently applied to the value parameter only, but in the future it will also be applied to property.
- To opt in to applying to both value parameter and property, add '-Xannotation-default-target=param-property' to your compiler arguments.
- To keep applying to the value parameter only, use the '@param:' annotation target.

See https://youtrack.jetbrains.com/issue/KT-73255 for more details.
w: file:///app/app/src/main/java/com/nuvio/tv/data/remote/dto/trakt/TraktMediaDtos.kt:76:5 This annotation is currently applied to the value parameter only, but in the future it will also be applied to property.
- To opt in to applying to both value parameter and property, add '-Xannotation-default-target=param-property' to your compiler arguments.
- To keep applying to the value parameter only, use the '@param:' annotation target.

See https://youtrack.jetbrains.com/issue/KT-73255 for more details.
w: file:///app/app/src/main/java/com/nuvio/tv/data/remote/dto/trakt/TraktScrobbleDtos.kt:8:5 This annotation is currently applied to the value parameter only, but in the future it will also be applied to property.
- To opt in to applying to both value parameter and property, add '-Xannotation-default-target=param-property' to your compiler arguments.
- To keep applying to the value parameter only, use the '@param:' annotation target.

See https://youtrack.jetbrains.com/issue/KT-73255 for more details.
w: file:///app/app/src/main/java/com/nuvio/tv/data/remote/dto/trakt/TraktScrobbleDtos.kt:9:5 This annotation is currently applied to the value parameter only, but in the future it will also be applied to property.
- To opt in to applying to both value parameter and property, add '-Xannotation-default-target=param-property' to your compiler arguments.
- To keep applying to the value parameter only, use the '@param:' annotation target.

See https://youtrack.jetbrains.com/issue/KT-73255 for more details.
w: file:///app/app/src/main/java/com/nuvio/tv/data/remote/dto/trakt/TraktScrobbleDtos.kt:10:5 This annotation is currently applied to the value parameter only, but in the future it will also be applied to property.
- To opt in to applying to both value parameter and property, add '-Xannotation-default-target=param-property' to your compiler arguments.
- To keep applying to the value parameter only, use the '@param:' annotation target.

See https://youtrack.jetbrains.com/issue/KT-73255 for more details.
w: file:///app/app/src/main/java/com/nuvio/tv/data/remote/dto/trakt/TraktScrobbleDtos.kt:11:5 This annotation is currently applied to the value parameter only, but in the future it will also be applied to property.
- To opt in to applying to both value parameter and property, add '-Xannotation-default-target=param-property' to your compiler arguments.
- To keep applying to the value parameter only, use the '@param:' annotation target.

See https://youtrack.jetbrains.com/issue/KT-73255 for more details.
w: file:///app/app/src/main/java/com/nuvio/tv/data/remote/dto/trakt/TraktScrobbleDtos.kt:12:5 This annotation is currently applied to the value parameter only, but in the future it will also be applied to property.
- To opt in to applying to both value parameter and property, add '-Xannotation-default-target=param-property' to your compiler arguments.
- To keep applying to the value parameter only, use the '@param:' annotation target.

See https://youtrack.jetbrains.com/issue/KT-73255 for more details.
w: file:///app/app/src/main/java/com/nuvio/tv/data/remote/dto/trakt/TraktScrobbleDtos.kt:17:5 This annotation is currently applied to the value parameter only, but in the future it will also be applied to property.
- To opt in to applying to both value parameter and property, add '-Xannotation-default-target=param-property' to your compiler arguments.
- To keep applying to the value parameter only, use the '@param:' annotation target.

See https://youtrack.jetbrains.com/issue/KT-73255 for more details.
w: file:///app/app/src/main/java/com/nuvio/tv/data/remote/dto/trakt/TraktSyncDtos.kt:8:5 This annotation is currently applied to the value parameter only, but in the future it will also be applied to property.
- To opt in to applying to both value parameter and property, add '-Xannotation-default-target=param-property' to your compiler arguments.
- To keep applying to the value parameter only, use the '@param:' annotation target.

See https://youtrack.jetbrains.com/issue/KT-73255 for more details.
w: file:///app/app/src/main/java/com/nuvio/tv/data/remote/dto/trakt/TraktSyncDtos.kt:9:5 This annotation is currently applied to the value parameter only, but in the future it will also be applied to property.
- To opt in to applying to both value parameter and property, add '-Xannotation-default-target=param-property' to your compiler arguments.
- To keep applying to the value parameter only, use the '@param:' annotation target.

See https://youtrack.jetbrains.com/issue/KT-73255 for more details.
w: file:///app/app/src/main/java/com/nuvio/tv/data/remote/dto/trakt/TraktSyncDtos.kt:10:5 This annotation is currently applied to the value parameter only, but in the future it will also be applied to property.
- To opt in to applying to both value parameter and property, add '-Xannotation-default-target=param-property' to your compiler arguments.
- To keep applying to the value parameter only, use the '@param:' annotation target.

See https://youtrack.jetbrains.com/issue/KT-73255 for more details.
w: file:///app/app/src/main/java/com/nuvio/tv/data/remote/dto/trakt/TraktSyncDtos.kt:15:5 This annotation is currently applied to the value parameter only, but in the future it will also be applied to property.
- To opt in to applying to both value parameter and property, add '-Xannotation-default-target=param-property' to your compiler arguments.
- To keep applying to the value parameter only, use the '@param:' annotation target.

See https://youtrack.jetbrains.com/issue/KT-73255 for more details.
w: file:///app/app/src/main/java/com/nuvio/tv/data/remote/dto/trakt/TraktSyncDtos.kt:16:5 This annotation is currently applied to the value parameter only, but in the future it will also be applied to property.
- To opt in to applying to both value parameter and property, add '-Xannotation-default-target=param-property' to your compiler arguments.
- To keep applying to the value parameter only, use the '@param:' annotation target.

See https://youtrack.jetbrains.com/issue/KT-73255 for more details.
w: file:///app/app/src/main/java/com/nuvio/tv/data/remote/dto/trakt/TraktSyncDtos.kt:21:5 This annotation is currently applied to the value parameter only, but in the future it will also be applied to property.
- To opt in to applying to both value parameter and property, add '-Xannotation-default-target=param-property' to your compiler arguments.
- To keep applying to the value parameter only, use the '@param:' annotation target.

See https://youtrack.jetbrains.com/issue/KT-73255 for more details.
w: file:///app/app/src/main/java/com/nuvio/tv/data/remote/dto/trakt/TraktSyncDtos.kt:22:5 This annotation is currently applied to the value parameter only, but in the future it will also be applied to property.
- To opt in to applying to both value parameter and property, add '-Xannotation-default-target=param-property' to your compiler arguments.
- To keep applying to the value parameter only, use the '@param:' annotation target.

See https://youtrack.jetbrains.com/issue/KT-73255 for more details.
w: file:///app/app/src/main/java/com/nuvio/tv/data/remote/dto/trakt/TraktSyncDtos.kt:23:5 This annotation is currently applied to the value parameter only, but in the future it will also be applied to property.
- To opt in to applying to both value parameter and property, add '-Xannotation-default-target=param-property' to your compiler arguments.
- To keep applying to the value parameter only, use the '@param:' annotation target.

See https://youtrack.jetbrains.com/issue/KT-73255 for more details.
w: file:///app/app/src/main/java/com/nuvio/tv/data/remote/dto/trakt/TraktSyncDtos.kt:24:5 This annotation is currently applied to the value parameter only, but in the future it will also be applied to property.
- To opt in to applying to both value parameter and property, add '-Xannotation-default-target=param-property' to your compiler arguments.
- To keep applying to the value parameter only, use the '@param:' annotation target.

See https://youtrack.jetbrains.com/issue/KT-73255 for more details.
w: file:///app/app/src/main/java/com/nuvio/tv/data/remote/dto/trakt/TraktSyncDtos.kt:25:5 This annotation is currently applied to the value parameter only, but in the future it will also be applied to property.
- To opt in to applying to both value parameter and property, add '-Xannotation-default-target=param-property' to your compiler arguments.
- To keep applying to the value parameter only, use the '@param:' annotation target.

See https://youtrack.jetbrains.com/issue/KT-73255 for more details.
w: file:///app/app/src/main/java/com/nuvio/tv/data/remote/dto/trakt/TraktSyncDtos.kt:26:5 This annotation is currently applied to the value parameter only, but in the future it will also be applied to property.
- To opt in to applying to both value parameter and property, add '-Xannotation-default-target=param-property' to your compiler arguments.
- To keep applying to the value parameter only, use the '@param:' annotation target.

See https://youtrack.jetbrains.com/issue/KT-73255 for more details.
w: file:///app/app/src/main/java/com/nuvio/tv/data/remote/dto/trakt/TraktSyncDtos.kt:27:5 This annotation is currently applied to the value parameter only, but in the future it will also be applied to property.
- To opt in to applying to both value parameter and property, add '-Xannotation-default-target=param-property' to your compiler arguments.
- To keep applying to the value parameter only, use the '@param:' annotation target.

See https://youtrack.jetbrains.com/issue/KT-73255 for more details.
w: file:///app/app/src/main/java/com/nuvio/tv/data/remote/dto/trakt/TraktSyncDtos.kt:32:5 This annotation is currently applied to the value parameter only, but in the future it will also be applied to property.
- To opt in to applying to both value parameter and property, add '-Xannotation-default-target=param-property' to your compiler arguments.
- To keep applying to the value parameter only, use the '@param:' annotation target.

See https://youtrack.jetbrains.com/issue/KT-73255 for more details.
w: file:///app/app/src/main/java/com/nuvio/tv/data/remote/dto/trakt/TraktSyncDtos.kt:33:5 This annotation is currently applied to the value parameter only, but in the future it will also be applied to property.
- To opt in to applying to both value parameter and property, add '-Xannotation-default-target=param-property' to your compiler arguments.
- To keep applying to the value parameter only, use the '@param:' annotation target.

See https://youtrack.jetbrains.com/issue/KT-73255 for more details.
w: file:///app/app/src/main/java/com/nuvio/tv/data/remote/dto/trakt/TraktSyncDtos.kt:34:5 This annotation is currently applied to the value parameter only, but in the future it will also be applied to property.
- To opt in to applying to both value parameter and property, add '-Xannotation-default-target=param-property' to your compiler arguments.
- To keep applying to the value parameter only, use the '@param:' annotation target.

See https://youtrack.jetbrains.com/issue/KT-73255 for more details.
w: file:///app/app/src/main/java/com/nuvio/tv/data/remote/dto/trakt/TraktSyncDtos.kt:35:5 This annotation is currently applied to the value parameter only, but in the future it will also be applied to property.
- To opt in to applying to both value parameter and property, add '-Xannotation-default-target=param-property' to your compiler arguments.
- To keep applying to the value parameter only, use the '@param:' annotation target.

See https://youtrack.jetbrains.com/issue/KT-73255 for more details.
w: file:///app/app/src/main/java/com/nuvio/tv/data/remote/dto/trakt/TraktSyncDtos.kt:40:5 This annotation is currently applied to the value parameter only, but in the future it will also be applied to property.
- To opt in to applying to both value parameter and property, add '-Xannotation-default-target=param-property' to your compiler arguments.
- To keep applying to the value parameter only, use the '@param:' annotation target.

See https://youtrack.jetbrains.com/issue/KT-73255 for more details.
w: file:///app/app/src/main/java/com/nuvio/tv/data/remote/dto/trakt/TraktSyncDtos.kt:41:5 This annotation is currently applied to the value parameter only, but in the future it will also be applied to property.
- To opt in to applying to both value parameter and property, add '-Xannotation-default-target=param-property' to your compiler arguments.
- To keep applying to the value parameter only, use the '@param:' annotation target.

See https://youtrack.jetbrains.com/issue/KT-73255 for more details.
w: file:///app/app/src/main/java/com/nuvio/tv/data/remote/dto/trakt/TraktSyncDtos.kt:42:5 This annotation is currently applied to the value parameter only, but in the future it will also be applied to property.
- To opt in to applying to both value parameter and property, add '-Xannotation-default-target=param-property' to your compiler arguments.
- To keep applying to the value parameter only, use the '@param:' annotation target.

See https://youtrack.jetbrains.com/issue/KT-73255 for more details.
w: file:///app/app/src/main/java/com/nuvio/tv/data/remote/dto/trakt/TraktSyncDtos.kt:43:5 This annotation is currently applied to the value parameter only, but in the future it will also be applied to property.
- To opt in to applying to both value parameter and property, add '-Xannotation-default-target=param-property' to your compiler arguments.
- To keep applying to the value parameter only, use the '@param:' annotation target.

See https://youtrack.jetbrains.com/issue/KT-73255 for more details.
w: file:///app/app/src/main/java/com/nuvio/tv/data/remote/dto/trakt/TraktSyncDtos.kt:44:5 This annotation is currently applied to the value parameter only, but in the future it will also be applied to property.
- To opt in to applying to both value parameter and property, add '-Xannotation-default-target=param-property' to your compiler arguments.
- To keep applying to the value parameter only, use the '@param:' annotation target.

See https://youtrack.jetbrains.com/issue/KT-73255 for more details.
w: file:///app/app/src/main/java/com/nuvio/tv/data/remote/dto/trakt/TraktSyncDtos.kt:49:5 This annotation is currently applied to the value parameter only, but in the future it will also be applied to property.
- To opt in to applying to both value parameter and property, add '-Xannotation-default-target=param-property' to your compiler arguments.
- To keep applying to the value parameter only, use the '@param:' annotation target.

See https://youtrack.jetbrains.com/issue/KT-73255 for more details.
w: file:///app/app/src/main/java/com/nuvio/tv/data/remote/dto/trakt/TraktSyncDtos.kt:50:5 This annotation is currently applied to the value parameter only, but in the future it will also be applied to property.
- To opt in to applying to both value parameter and property, add '-Xannotation-default-target=param-property' to your compiler arguments.
- To keep applying to the value parameter only, use the '@param:' annotation target.

See https://youtrack.jetbrains.com/issue/KT-73255 for more details.
w: file:///app/app/src/main/java/com/nuvio/tv/data/remote/dto/trakt/TraktSyncDtos.kt:55:5 This annotation is currently applied to the value parameter only, but in the future it will also be applied to property.
- To opt in to applying to both value parameter and property, add '-Xannotation-default-target=param-property' to your compiler arguments.
- To keep applying to the value parameter only, use the '@param:' annotation target.

See https://youtrack.jetbrains.com/issue/KT-73255 for more details.
w: file:///app/app/src/main/java/com/nuvio/tv/data/remote/dto/trakt/TraktSyncDtos.kt:56:5 This annotation is currently applied to the value parameter only, but in the future it will also be applied to property.
- To opt in to applying to both value parameter and property, add '-Xannotation-default-target=param-property' to your compiler arguments.
- To keep applying to the value parameter only, use the '@param:' annotation target.

See https://youtrack.jetbrains.com/issue/KT-73255 for more details.
w: file:///app/app/src/main/java/com/nuvio/tv/data/remote/dto/trakt/TraktSyncDtos.kt:57:5 This annotation is currently applied to the value parameter only, but in the future it will also be applied to property.
- To opt in to applying to both value parameter and property, add '-Xannotation-default-target=param-property' to your compiler arguments.
- To keep applying to the value parameter only, use the '@param:' annotation target.

See https://youtrack.jetbrains.com/issue/KT-73255 for more details.
w: file:///app/app/src/main/java/com/nuvio/tv/data/remote/dto/trakt/TraktSyncDtos.kt:62:5 This annotation is currently applied to the value parameter only, but in the future it will also be applied to property.
- To opt in to applying to both value parameter and property, add '-Xannotation-default-target=param-property' to your compiler arguments.
- To keep applying to the value parameter only, use the '@param:' annotation target.

See https://youtrack.jetbrains.com/issue/KT-73255 for more details.
w: file:///app/app/src/main/java/com/nuvio/tv/data/remote/dto/trakt/TraktSyncDtos.kt:63:5 This annotation is currently applied to the value parameter only, but in the future it will also be applied to property.
- To opt in to applying to both value parameter and property, add '-Xannotation-default-target=param-property' to your compiler arguments.
- To keep applying to the value parameter only, use the '@param:' annotation target.

See https://youtrack.jetbrains.com/issue/KT-73255 for more details.
w: file:///app/app/src/main/java/com/nuvio/tv/data/remote/dto/trakt/TraktSyncDtos.kt:64:5 This annotation is currently applied to the value parameter only, but in the future it will also be applied to property.
- To opt in to applying to both value parameter and property, add '-Xannotation-default-target=param-property' to your compiler arguments.
- To keep applying to the value parameter only, use the '@param:' annotation target.

See https://youtrack.jetbrains.com/issue/KT-73255 for more details.
w: file:///app/app/src/main/java/com/nuvio/tv/data/remote/dto/trakt/TraktSyncDtos.kt:65:5 This annotation is currently applied to the value parameter only, but in the future it will also be applied to property.
- To opt in to applying to both value parameter and property, add '-Xannotation-default-target=param-property' to your compiler arguments.
- To keep applying to the value parameter only, use the '@param:' annotation target.

See https://youtrack.jetbrains.com/issue/KT-73255 for more details.
w: file:///app/app/src/main/java/com/nuvio/tv/data/remote/dto/trakt/TraktSyncDtos.kt:66:5 This annotation is currently applied to the value parameter only, but in the future it will also be applied to property.
- To opt in to applying to both value parameter and property, add '-Xannotation-default-target=param-property' to your compiler arguments.
- To keep applying to the value parameter only, use the '@param:' annotation target.

See https://youtrack.jetbrains.com/issue/KT-73255 for more details.
w: file:///app/app/src/main/java/com/nuvio/tv/data/remote/dto/trakt/TraktSyncDtos.kt:71:5 This annotation is currently applied to the value parameter only, but in the future it will also be applied to property.
- To opt in to applying to both value parameter and property, add '-Xannotation-default-target=param-property' to your compiler arguments.
- To keep applying to the value parameter only, use the '@param:' annotation target.

See https://youtrack.jetbrains.com/issue/KT-73255 for more details.
w: file:///app/app/src/main/java/com/nuvio/tv/data/remote/dto/trakt/TraktSyncDtos.kt:72:5 This annotation is currently applied to the value parameter only, but in the future it will also be applied to property.
- To opt in to applying to both value parameter and property, add '-Xannotation-default-target=param-property' to your compiler arguments.
- To keep applying to the value parameter only, use the '@param:' annotation target.

See https://youtrack.jetbrains.com/issue/KT-73255 for more details.
w: file:///app/app/src/main/java/com/nuvio/tv/data/remote/dto/trakt/TraktSyncDtos.kt:73:5 This annotation is currently applied to the value parameter only, but in the future it will also be applied to property.
- To opt in to applying to both value parameter and property, add '-Xannotation-default-target=param-property' to your compiler arguments.
- To keep applying to the value parameter only, use the '@param:' annotation target.

See https://youtrack.jetbrains.com/issue/KT-73255 for more details.
w: file:///app/app/src/main/java/com/nuvio/tv/data/remote/dto/trakt/TraktSyncDtos.kt:78:5 This annotation is currently applied to the value parameter only, but in the future it will also be applied to property.
- To opt in to applying to both value parameter and property, add '-Xannotation-default-target=param-property' to your compiler arguments.
- To keep applying to the value parameter only, use the '@param:' annotation target.

See https://youtrack.jetbrains.com/issue/KT-73255 for more details.
w: file:///app/app/src/main/java/com/nuvio/tv/data/remote/dto/trakt/TraktSyncDtos.kt:79:5 This annotation is currently applied to the value parameter only, but in the future it will also be applied to property.
- To opt in to applying to both value parameter and property, add '-Xannotation-default-target=param-property' to your compiler arguments.
- To keep applying to the value parameter only, use the '@param:' annotation target.

See https://youtrack.jetbrains.com/issue/KT-73255 for more details.
w: file:///app/app/src/main/java/com/nuvio/tv/data/remote/dto/trakt/TraktSyncDtos.kt:84:5 This annotation is currently applied to the value parameter only, but in the future it will also be applied to property.
- To opt in to applying to both value parameter and property, add '-Xannotation-default-target=param-property' to your compiler arguments.
- To keep applying to the value parameter only, use the '@param:' annotation target.

See https://youtrack.jetbrains.com/issue/KT-73255 for more details.
w: file:///app/app/src/main/java/com/nuvio/tv/data/remote/dto/trakt/TraktSyncDtos.kt:85:5 This annotation is currently applied to the value parameter only, but in the future it will also be applied to property.
- To opt in to applying to both value parameter and property, add '-Xannotation-default-target=param-property' to your compiler arguments.
- To keep applying to the value parameter only, use the '@param:' annotation target.

See https://youtrack.jetbrains.com/issue/KT-73255 for more details.
w: file:///app/app/src/main/java/com/nuvio/tv/data/remote/dto/trakt/TraktSyncDtos.kt:86:5 This annotation is currently applied to the value parameter only, but in the future it will also be applied to property.
- To opt in to applying to both value parameter and property, add '-Xannotation-default-target=param-property' to your compiler arguments.
- To keep applying to the value parameter only, use the '@param:' annotation target.

See https://youtrack.jetbrains.com/issue/KT-73255 for more details.
w: file:///app/app/src/main/java/com/nuvio/tv/data/remote/dto/trakt/TraktSyncDtos.kt:91:5 This annotation is currently applied to the value parameter only, but in the future it will also be applied to property.
- To opt in to applying to both value parameter and property, add '-Xannotation-default-target=param-property' to your compiler arguments.
- To keep applying to the value parameter only, use the '@param:' annotation target.

See https://youtrack.jetbrains.com/issue/KT-73255 for more details.
w: file:///app/app/src/main/java/com/nuvio/tv/data/remote/dto/trakt/TraktSyncDtos.kt:92:5 This annotation is currently applied to the value parameter only, but in the future it will also be applied to property.
- To opt in to applying to both value parameter and property, add '-Xannotation-default-target=param-property' to your compiler arguments.
- To keep applying to the value parameter only, use the '@param:' annotation target.

See https://youtrack.jetbrains.com/issue/KT-73255 for more details.
w: file:///app/app/src/main/java/com/nuvio/tv/data/remote/dto/trakt/TraktSyncDtos.kt:93:5 This annotation is currently applied to the value parameter only, but in the future it will also be applied to property.
- To opt in to applying to both value parameter and property, add '-Xannotation-default-target=param-property' to your compiler arguments.
- To keep applying to the value parameter only, use the '@param:' annotation target.

See https://youtrack.jetbrains.com/issue/KT-73255 for more details.
w: file:///app/app/src/main/java/com/nuvio/tv/data/remote/dto/trakt/TraktSyncDtos.kt:98:5 This annotation is currently applied to the value parameter only, but in the future it will also be applied to property.
- To opt in to applying to both value parameter and property, add '-Xannotation-default-target=param-property' to your compiler arguments.
- To keep applying to the value parameter only, use the '@param:' annotation target.

See https://youtrack.jetbrains.com/issue/KT-73255 for more details.
w: file:///app/app/src/main/java/com/nuvio/tv/data/remote/dto/trakt/TraktSyncDtos.kt:99:5 This annotation is currently applied to the value parameter only, but in the future it will also be applied to property.
- To opt in to applying to both value parameter and property, add '-Xannotation-default-target=param-property' to your compiler arguments.
- To keep applying to the value parameter only, use the '@param:' annotation target.

See https://youtrack.jetbrains.com/issue/KT-73255 for more details.
w: file:///app/app/src/main/java/com/nuvio/tv/data/remote/dto/trakt/TraktSyncDtos.kt:104:5 This annotation is currently applied to the value parameter only, but in the future it will also be applied to property.
- To opt in to applying to both value parameter and property, add '-Xannotation-default-target=param-property' to your compiler arguments.
- To keep applying to the value parameter only, use the '@param:' annotation target.

See https://youtrack.jetbrains.com/issue/KT-73255 for more details.
w: file:///app/app/src/main/java/com/nuvio/tv/data/remote/dto/trakt/TraktSyncDtos.kt:105:5 This annotation is currently applied to the value parameter only, but in the future it will also be applied to property.
- To opt in to applying to both value parameter and property, add '-Xannotation-default-target=param-property' to your compiler arguments.
- To keep applying to the value parameter only, use the '@param:' annotation target.

See https://youtrack.jetbrains.com/issue/KT-73255 for more details.
w: file:///app/app/src/main/java/com/nuvio/tv/data/remote/dto/trakt/TraktSyncDtos.kt:110:5 This annotation is currently applied to the value parameter only, but in the future it will also be applied to property.
- To opt in to applying to both value parameter and property, add '-Xannotation-default-target=param-property' to your compiler arguments.
- To keep applying to the value parameter only, use the '@param:' annotation target.

See https://youtrack.jetbrains.com/issue/KT-73255 for more details.
w: file:///app/app/src/main/java/com/nuvio/tv/data/remote/dto/trakt/TraktSyncDtos.kt:115:5 This annotation is currently applied to the value parameter only, but in the future it will also be applied to property.
- To opt in to applying to both value parameter and property, add '-Xannotation-default-target=param-property' to your compiler arguments.
- To keep applying to the value parameter only, use the '@param:' annotation target.

See https://youtrack.jetbrains.com/issue/KT-73255 for more details.
w: file:///app/app/src/main/java/com/nuvio/tv/data/remote/dto/trakt/TraktSyncDtos.kt:116:5 This annotation is currently applied to the value parameter only, but in the future it will also be applied to property.
- To opt in to applying to both value parameter and property, add '-Xannotation-default-target=param-property' to your compiler arguments.
- To keep applying to the value parameter only, use the '@param:' annotation target.

See https://youtrack.jetbrains.com/issue/KT-73255 for more details.
w: file:///app/app/src/main/java/com/nuvio/tv/data/remote/dto/trakt/TraktSyncDtos.kt:121:5 This annotation is currently applied to the value parameter only, but in the future it will also be applied to property.
- To opt in to applying to both value parameter and property, add '-Xannotation-default-target=param-property' to your compiler arguments.
- To keep applying to the value parameter only, use the '@param:' annotation target.

See https://youtrack.jetbrains.com/issue/KT-73255 for more details.
w: file:///app/app/src/main/java/com/nuvio/tv/data/remote/dto/trakt/TraktSyncDtos.kt:122:5 This annotation is currently applied to the value parameter only, but in the future it will also be applied to property.
- To opt in to applying to both value parameter and property, add '-Xannotation-default-target=param-property' to your compiler arguments.
- To keep applying to the value parameter only, use the '@param:' annotation target.

See https://youtrack.jetbrains.com/issue/KT-73255 for more details.
w: file:///app/app/src/main/java/com/nuvio/tv/data/remote/dto/trakt/TraktSyncDtos.kt:123:5 This annotation is currently applied to the value parameter only, but in the future it will also be applied to property.
- To opt in to applying to both value parameter and property, add '-Xannotation-default-target=param-property' to your compiler arguments.
- To keep applying to the value parameter only, use the '@param:' annotation target.

See https://youtrack.jetbrains.com/issue/KT-73255 for more details.
w: file:///app/app/src/main/java/com/nuvio/tv/data/remote/dto/trakt/TraktSyncDtos.kt:124:5 This annotation is currently applied to the value parameter only, but in the future it will also be applied to property.
- To opt in to applying to both value parameter and property, add '-Xannotation-default-target=param-property' to your compiler arguments.
- To keep applying to the value parameter only, use the '@param:' annotation target.

See https://youtrack.jetbrains.com/issue/KT-73255 for more details.
w: file:///app/app/src/main/java/com/nuvio/tv/data/remote/dto/trakt/TraktSyncDtos.kt:129:5 This annotation is currently applied to the value parameter only, but in the future it will also be applied to property.
- To opt in to applying to both value parameter and property, add '-Xannotation-default-target=param-property' to your compiler arguments.
- To keep applying to the value parameter only, use the '@param:' annotation target.

See https://youtrack.jetbrains.com/issue/KT-73255 for more details.
w: file:///app/app/src/main/java/com/nuvio/tv/data/remote/dto/trakt/TraktSyncDtos.kt:130:5 This annotation is currently applied to the value parameter only, but in the future it will also be applied to property.
- To opt in to applying to both value parameter and property, add '-Xannotation-default-target=param-property' to your compiler arguments.
- To keep applying to the value parameter only, use the '@param:' annotation target.

See https://youtrack.jetbrains.com/issue/KT-73255 for more details.
w: file:///app/app/src/main/java/com/nuvio/tv/data/remote/dto/trakt/TraktSyncDtos.kt:131:5 This annotation is currently applied to the value parameter only, but in the future it will also be applied to property.
- To opt in to applying to both value parameter and property, add '-Xannotation-default-target=param-property' to your compiler arguments.
- To keep applying to the value parameter only, use the '@param:' annotation target.

See https://youtrack.jetbrains.com/issue/KT-73255 for more details.
w: file:///app/app/src/main/java/com/nuvio/tv/data/remote/dto/trakt/TraktSyncDtos.kt:132:5 This annotation is currently applied to the value parameter only, but in the future it will also be applied to property.
- To opt in to applying to both value parameter and property, add '-Xannotation-default-target=param-property' to your compiler arguments.
- To keep applying to the value parameter only, use the '@param:' annotation target.

See https://youtrack.jetbrains.com/issue/KT-73255 for more details.
w: file:///app/app/src/main/java/com/nuvio/tv/data/remote/dto/trakt/TraktSyncDtos.kt:133:5 This annotation is currently applied to the value parameter only, but in the future it will also be applied to property.
- To opt in to applying to both value parameter and property, add '-Xannotation-default-target=param-property' to your compiler arguments.
- To keep applying to the value parameter only, use the '@param:' annotation target.

See https://youtrack.jetbrains.com/issue/KT-73255 for more details.
w: file:///app/app/src/main/java/com/nuvio/tv/data/remote/dto/trakt/TraktSyncDtos.kt:138:5 This annotation is currently applied to the value parameter only, but in the future it will also be applied to property.
- To opt in to applying to both value parameter and property, add '-Xannotation-default-target=param-property' to your compiler arguments.
- To keep applying to the value parameter only, use the '@param:' annotation target.

See https://youtrack.jetbrains.com/issue/KT-73255 for more details.
w: file:///app/app/src/main/java/com/nuvio/tv/data/remote/dto/trakt/TraktSyncDtos.kt:139:5 This annotation is currently applied to the value parameter only, but in the future it will also be applied to property.
- To opt in to applying to both value parameter and property, add '-Xannotation-default-target=param-property' to your compiler arguments.
- To keep applying to the value parameter only, use the '@param:' annotation target.

See https://youtrack.jetbrains.com/issue/KT-73255 for more details.
w: file:///app/app/src/main/java/com/nuvio/tv/data/remote/dto/trakt/TraktSyncDtos.kt:140:5 This annotation is currently applied to the value parameter only, but in the future it will also be applied to property.
- To opt in to applying to both value parameter and property, add '-Xannotation-default-target=param-property' to your compiler arguments.
- To keep applying to the value parameter only, use the '@param:' annotation target.

See https://youtrack.jetbrains.com/issue/KT-73255 for more details.
w: file:///app/app/src/main/java/com/nuvio/tv/data/remote/dto/trakt/TraktSyncDtos.kt:141:5 This annotation is currently applied to the value parameter only, but in the future it will also be applied to property.
- To opt in to applying to both value parameter and property, add '-Xannotation-default-target=param-property' to your compiler arguments.
- To keep applying to the value parameter only, use the '@param:' annotation target.

See https://youtrack.jetbrains.com/issue/KT-73255 for more details.
w: file:///app/app/src/main/java/com/nuvio/tv/data/remote/dto/trakt/TraktSyncDtos.kt:146:5 This annotation is currently applied to the value parameter only, but in the future it will also be applied to property.
- To opt in to applying to both value parameter and property, add '-Xannotation-default-target=param-property' to your compiler arguments.
- To keep applying to the value parameter only, use the '@param:' annotation target.

See https://youtrack.jetbrains.com/issue/KT-73255 for more details.
w: file:///app/app/src/main/java/com/nuvio/tv/data/remote/dto/trakt/TraktSyncDtos.kt:147:5 This annotation is currently applied to the value parameter only, but in the future it will also be applied to property.
- To opt in to applying to both value parameter and property, add '-Xannotation-default-target=param-property' to your compiler arguments.
- To keep applying to the value parameter only, use the '@param:' annotation target.

See https://youtrack.jetbrains.com/issue/KT-73255 for more details.
w: file:///app/app/src/main/java/com/nuvio/tv/data/remote/dto/trakt/TraktSyncDtos.kt:148:5 This annotation is currently applied to the value parameter only, but in the future it will also be applied to property.
- To opt in to applying to both value parameter and property, add '-Xannotation-default-target=param-property' to your compiler arguments.
- To keep applying to the value parameter only, use the '@param:' annotation target.

See https://youtrack.jetbrains.com/issue/KT-73255 for more details.
w: file:///app/app/src/main/java/com/nuvio/tv/data/remote/dto/trakt/TraktSyncDtos.kt:149:5 This annotation is currently applied to the value parameter only, but in the future it will also be applied to property.
- To opt in to applying to both value parameter and property, add '-Xannotation-default-target=param-property' to your compiler arguments.
- To keep applying to the value parameter only, use the '@param:' annotation target.

See https://youtrack.jetbrains.com/issue/KT-73255 for more details.
w: file:///app/app/src/main/java/com/nuvio/tv/data/remote/dto/trakt/TraktSyncDtos.kt:154:5 This annotation is currently applied to the value parameter only, but in the future it will also be applied to property.
- To opt in to applying to both value parameter and property, add '-Xannotation-default-target=param-property' to your compiler arguments.
- To keep applying to the value parameter only, use the '@param:' annotation target.

See https://youtrack.jetbrains.com/issue/KT-73255 for more details.
w: file:///app/app/src/main/java/com/nuvio/tv/data/remote/dto/trakt/TraktSyncDtos.kt:155:5 This annotation is currently applied to the value parameter only, but in the future it will also be applied to property.
- To opt in to applying to both value parameter and property, add '-Xannotation-default-target=param-property' to your compiler arguments.
- To keep applying to the value parameter only, use the '@param:' annotation target.

See https://youtrack.jetbrains.com/issue/KT-73255 for more details.
w: file:///app/app/src/main/java/com/nuvio/tv/data/remote/dto/trakt/TraktSyncDtos.kt:156:5 This annotation is currently applied to the value parameter only, but in the future it will also be applied to property.
- To opt in to applying to both value parameter and property, add '-Xannotation-default-target=param-property' to your compiler arguments.
- To keep applying to the value parameter only, use the '@param:' annotation target.

See https://youtrack.jetbrains.com/issue/KT-73255 for more details.
w: file:///app/app/src/main/java/com/nuvio/tv/data/remote/dto/trakt/TraktSyncDtos.kt:157:5 This annotation is currently applied to the value parameter only, but in the future it will also be applied to property.
- To opt in to applying to both value parameter and property, add '-Xannotation-default-target=param-property' to your compiler arguments.
- To keep applying to the value parameter only, use the '@param:' annotation target.

See https://youtrack.jetbrains.com/issue/KT-73255 for more details.
w: file:///app/app/src/main/java/com/nuvio/tv/data/remote/dto/trakt/TraktSyncDtos.kt:158:5 This annotation is currently applied to the value parameter only, but in the future it will also be applied to property.
- To opt in to applying to both value parameter and property, add '-Xannotation-default-target=param-property' to your compiler arguments.
- To keep applying to the value parameter only, use the '@param:' annotation target.

See https://youtrack.jetbrains.com/issue/KT-73255 for more details.
w: file:///app/app/src/main/java/com/nuvio/tv/data/remote/dto/trakt/TraktSyncDtos.kt:163:5 This annotation is currently applied to the value parameter only, but in the future it will also be applied to property.
- To opt in to applying to both value parameter and property, add '-Xannotation-default-target=param-property' to your compiler arguments.
- To keep applying to the value parameter only, use the '@param:' annotation target.

See https://youtrack.jetbrains.com/issue/KT-73255 for more details.
w: file:///app/app/src/main/java/com/nuvio/tv/data/remote/dto/trakt/TraktSyncDtos.kt:164:5 This annotation is currently applied to the value parameter only, but in the future it will also be applied to property.
- To opt in to applying to both value parameter and property, add '-Xannotation-default-target=param-property' to your compiler arguments.
- To keep applying to the value parameter only, use the '@param:' annotation target.

See https://youtrack.jetbrains.com/issue/KT-73255 for more details.
w: file:///app/app/src/main/java/com/nuvio/tv/data/remote/dto/trakt/TraktSyncDtos.kt:165:5 This annotation is currently applied to the value parameter only, but in the future it will also be applied to property.
- To opt in to applying to both value parameter and property, add '-Xannotation-default-target=param-property' to your compiler arguments.
- To keep applying to the value parameter only, use the '@param:' annotation target.

See https://youtrack.jetbrains.com/issue/KT-73255 for more details.
w: file:///app/app/src/main/java/com/nuvio/tv/data/remote/dto/trakt/TraktSyncDtos.kt:166:5 This annotation is currently applied to the value parameter only, but in the future it will also be applied to property.
- To opt in to applying to both value parameter and property, add '-Xannotation-default-target=param-property' to your compiler arguments.
- To keep applying to the value parameter only, use the '@param:' annotation target.

See https://youtrack.jetbrains.com/issue/KT-73255 for more details.
w: file:///app/app/src/main/java/com/nuvio/tv/data/remote/dto/trakt/TraktSyncDtos.kt:171:5 This annotation is currently applied to the value parameter only, but in the future it will also be applied to property.
- To opt in to applying to both value parameter and property, add '-Xannotation-default-target=param-property' to your compiler arguments.
- To keep applying to the value parameter only, use the '@param:' annotation target.

See https://youtrack.jetbrains.com/issue/KT-73255 for more details.
w: file:///app/app/src/main/java/com/nuvio/tv/data/remote/dto/trakt/TraktSyncDtos.kt:172:5 This annotation is currently applied to the value parameter only, but in the future it will also be applied to property.
- To opt in to applying to both value parameter and property, add '-Xannotation-default-target=param-property' to your compiler arguments.
- To keep applying to the value parameter only, use the '@param:' annotation target.

See https://youtrack.jetbrains.com/issue/KT-73255 for more details.
w: file:///app/app/src/main/java/com/nuvio/tv/data/remote/dto/trakt/TraktSyncDtos.kt:173:5 This annotation is currently applied to the value parameter only, but in the future it will also be applied to property.
- To opt in to applying to both value parameter and property, add '-Xannotation-default-target=param-property' to your compiler arguments.
- To keep applying to the value parameter only, use the '@param:' annotation target.

See https://youtrack.jetbrains.com/issue/KT-73255 for more details.
w: file:///app/app/src/main/java/com/nuvio/tv/data/remote/dto/trakt/TraktSyncDtos.kt:178:5 This annotation is currently applied to the value parameter only, but in the future it will also be applied to property.
- To opt in to applying to both value parameter and property, add '-Xannotation-default-target=param-property' to your compiler arguments.
- To keep applying to the value parameter only, use the '@param:' annotation target.

See https://youtrack.jetbrains.com/issue/KT-73255 for more details.
w: file:///app/app/src/main/java/com/nuvio/tv/data/remote/dto/trakt/TraktSyncDtos.kt:179:5 This annotation is currently applied to the value parameter only, but in the future it will also be applied to property.
- To opt in to applying to both value parameter and property, add '-Xannotation-default-target=param-property' to your compiler arguments.
- To keep applying to the value parameter only, use the '@param:' annotation target.

See https://youtrack.jetbrains.com/issue/KT-73255 for more details.
w: file:///app/app/src/main/java/com/nuvio/tv/data/remote/dto/trakt/TraktSyncDtos.kt:184:5 This annotation is currently applied to the value parameter only, but in the future it will also be applied to property.
- To opt in to applying to both value parameter and property, add '-Xannotation-default-target=param-property' to your compiler arguments.
- To keep applying to the value parameter only, use the '@param:' annotation target.

See https://youtrack.jetbrains.com/issue/KT-73255 for more details.
w: file:///app/app/src/main/java/com/nuvio/tv/data/remote/dto/trakt/TraktSyncDtos.kt:185:5 This annotation is currently applied to the value parameter only, but in the future it will also be applied to property.
- To opt in to applying to both value parameter and property, add '-Xannotation-default-target=param-property' to your compiler arguments.
- To keep applying to the value parameter only, use the '@param:' annotation target.

See https://youtrack.jetbrains.com/issue/KT-73255 for more details.
w: file:///app/app/src/main/java/com/nuvio/tv/data/remote/dto/trakt/TraktSyncDtos.kt:186:5 This annotation is currently applied to the value parameter only, but in the future it will also be applied to property.
- To opt in to applying to both value parameter and property, add '-Xannotation-default-target=param-property' to your compiler arguments.
- To keep applying to the value parameter only, use the '@param:' annotation target.

See https://youtrack.jetbrains.com/issue/KT-73255 for more details.
w: file:///app/app/src/main/java/com/nuvio/tv/data/remote/dto/trakt/TraktSyncDtos.kt:187:5 This annotation is currently applied to the value parameter only, but in the future it will also be applied to property.
- To opt in to applying to both value parameter and property, add '-Xannotation-default-target=param-property' to your compiler arguments.
- To keep applying to the value parameter only, use the '@param:' annotation target.

See https://youtrack.jetbrains.com/issue/KT-73255 for more details.
w: file:///app/app/src/main/java/com/nuvio/tv/data/remote/dto/trakt/TraktSyncDtos.kt:192:5 This annotation is currently applied to the value parameter only, but in the future it will also be applied to property.
- To opt in to applying to both value parameter and property, add '-Xannotation-default-target=param-property' to your compiler arguments.
- To keep applying to the value parameter only, use the '@param:' annotation target.

See https://youtrack.jetbrains.com/issue/KT-73255 for more details.
w: file:///app/app/src/main/java/com/nuvio/tv/data/remote/dto/trakt/TraktSyncDtos.kt:193:5 This annotation is currently applied to the value parameter only, but in the future it will also be applied to property.
- To opt in to applying to both value parameter and property, add '-Xannotation-default-target=param-property' to your compiler arguments.
- To keep applying to the value parameter only, use the '@param:' annotation target.

See https://youtrack.jetbrains.com/issue/KT-73255 for more details.
w: file:///app/app/src/main/java/com/nuvio/tv/data/remote/dto/trakt/TraktSyncDtos.kt:194:5 This annotation is currently applied to the value parameter only, but in the future it will also be applied to property.
- To opt in to applying to both value parameter and property, add '-Xannotation-default-target=param-property' to your compiler arguments.
- To keep applying to the value parameter only, use the '@param:' annotation target.

See https://youtrack.jetbrains.com/issue/KT-73255 for more details.
w: file:///app/app/src/main/java/com/nuvio/tv/data/remote/dto/trakt/TraktSyncDtos.kt:195:5 This annotation is currently applied to the value parameter only, but in the future it will also be applied to property.
- To opt in to applying to both value parameter and property, add '-Xannotation-default-target=param-property' to your compiler arguments.
- To keep applying to the value parameter only, use the '@param:' annotation target.

See https://youtrack.jetbrains.com/issue/KT-73255 for more details.
w: file:///app/app/src/main/java/com/nuvio/tv/data/remote/dto/trakt/TraktSyncDtos.kt:196:5 This annotation is currently applied to the value parameter only, but in the future it will also be applied to property.
- To opt in to applying to both value parameter and property, add '-Xannotation-default-target=param-property' to your compiler arguments.
- To keep applying to the value parameter only, use the '@param:' annotation target.

See https://youtrack.jetbrains.com/issue/KT-73255 for more details.
w: file:///app/app/src/main/java/com/nuvio/tv/data/remote/dto/trakt/TraktSyncDtos.kt:197:5 This annotation is currently applied to the value parameter only, but in the future it will also be applied to property.
- To opt in to applying to both value parameter and property, add '-Xannotation-default-target=param-property' to your compiler arguments.
- To keep applying to the value parameter only, use the '@param:' annotation target.

See https://youtrack.jetbrains.com/issue/KT-73255 for more details.
w: file:///app/app/src/main/java/com/nuvio/tv/data/remote/dto/trakt/TraktSyncDtos.kt:202:5 This annotation is currently applied to the value parameter only, but in the future it will also be applied to property.
- To opt in to applying to both value parameter and property, add '-Xannotation-default-target=param-property' to your compiler arguments.
- To keep applying to the value parameter only, use the '@param:' annotation target.

See https://youtrack.jetbrains.com/issue/KT-73255 for more details.
w: file:///app/app/src/main/java/com/nuvio/tv/data/remote/dto/trakt/TraktSyncDtos.kt:203:5 This annotation is currently applied to the value parameter only, but in the future it will also be applied to property.
- To opt in to applying to both value parameter and property, add '-Xannotation-default-target=param-property' to your compiler arguments.
- To keep applying to the value parameter only, use the '@param:' annotation target.

See https://youtrack.jetbrains.com/issue/KT-73255 for more details.
w: file:///app/app/src/main/java/com/nuvio/tv/data/remote/dto/trakt/TraktSyncDtos.kt:204:5 This annotation is currently applied to the value parameter only, but in the future it will also be applied to property.
- To opt in to applying to both value parameter and property, add '-Xannotation-default-target=param-property' to your compiler arguments.
- To keep applying to the value parameter only, use the '@param:' annotation target.

See https://youtrack.jetbrains.com/issue/KT-73255 for more details.
w: file:///app/app/src/main/java/com/nuvio/tv/data/remote/dto/trakt/TraktSyncDtos.kt:205:5 This annotation is currently applied to the value parameter only, but in the future it will also be applied to property.
- To opt in to applying to both value parameter and property, add '-Xannotation-default-target=param-property' to your compiler arguments.
- To keep applying to the value parameter only, use the '@param:' annotation target.

See https://youtrack.jetbrains.com/issue/KT-73255 for more details.
w: file:///app/app/src/main/java/com/nuvio/tv/data/repository/AddonRepositoryImpl.kt:39:5 This annotation is currently applied to the value parameter only, but in the future it will also be applied to field.
- To opt in to applying to both value parameter and field, add '-Xannotation-default-target=param-property' to your compiler arguments.
- To keep applying to the value parameter only, use the '@param:' annotation target.

See https://youtrack.jetbrains.com/issue/KT-73255 for more details.
w: file:///app/app/src/main/java/com/nuvio/tv/data/repository/AddonRepositoryImpl.kt:152:10 This declaration needs opt-in. Its usage should be marked with '@kotlinx.coroutines.ExperimentalCoroutinesApi' or '@OptIn(kotlinx.coroutines.ExperimentalCoroutinesApi::class)'
w: file:///app/app/src/main/java/com/nuvio/tv/data/repository/MetaRepositoryImpl.kt:31:5 This annotation is currently applied to the value parameter only, but in the future it will also be applied to field.
- To opt in to applying to both value parameter and field, add '-Xannotation-default-target=param-property' to your compiler arguments.
- To keep applying to the value parameter only, use the '@param:' annotation target.

See https://youtrack.jetbrains.com/issue/KT-73255 for more details.
w: file:///app/app/src/main/java/com/nuvio/tv/data/repository/StreamRepositoryImpl.kt:34:5 This annotation is currently applied to the value parameter only, but in the future it will also be applied to field.
- To opt in to applying to both value parameter and field, add '-Xannotation-default-target=param-property' to your compiler arguments.
- To keep applying to the value parameter only, use the '@param:' annotation target.

See https://youtrack.jetbrains.com/issue/KT-73255 for more details.
w: file:///app/app/src/main/java/com/nuvio/tv/data/repository/TraktProgressService.kt:828:17 Condition is always 'true'.
w: file:///app/app/src/main/java/com/nuvio/tv/data/repository/TraktProgressService.kt:828:35 Condition is always 'true'.
w: file:///app/app/src/main/java/com/nuvio/tv/data/trailer/InAppYouTubeExtractor.kt:801:37 Unnecessary safe call on a non-null receiver of type 'ResponseBody'.
w: file:///app/app/src/main/java/com/nuvio/tv/domain/model/Meta.kt:63:67 Elvis operator (?:) always returns the left operand of non-nullable type 'Int'.
w: file:///app/app/src/main/java/com/nuvio/tv/ui/components/CatalogRowSection.kt:322:91 Unnecessary non-null assertion (!!) on a non-null receiver of type 'FocusRequester'.
w: file:///app/app/src/main/java/com/nuvio/tv/ui/components/CollectionRowSection.kt:191:94 Unnecessary non-null assertion (!!) on a non-null receiver of type 'FocusRequester'.
w: file:///app/app/src/main/java/com/nuvio/tv/ui/components/ContentCard.kt:240:65 Condition is always 'false'.
w: file:///app/app/src/main/java/com/nuvio/tv/ui/components/ContentCard.kt:244:29 No cast needed.
w: file:///app/app/src/main/java/com/nuvio/tv/ui/components/ContinueWatchingSection.kt:501:55 Condition is always 'true'.
w: file:///app/app/src/main/java/com/nuvio/tv/ui/components/GridContinueWatchingSection.kt:100:18 'fun Modifier.focusRestorer(onRestoreFailed: (() -> FocusRequester)?): Modifier' is deprecated. Use focusRestorer(FocusRequester) instead.
w: file:///app/app/src/main/java/com/nuvio/tv/ui/components/posteroptions/PosterOptionsDialog.kt:180:9 'fun Divider(modifier: Modifier = ..., thickness: Dp = ..., color: Color = ...): Unit' is deprecated. Renamed to HorizontalDivider.
w: file:///app/app/src/main/java/com/nuvio/tv/ui/screens/CatalogSeeAllScreen.kt:105:26 'val LocalLifecycleOwner: ProvidableCompositionLocal<LifecycleOwner>' is deprecated. Moved to lifecycle-runtime-compose library in androidx.lifecycle.compose package.
w: file:///app/app/src/main/java/com/nuvio/tv/ui/screens/CatalogSeeAllScreen.kt:120:44 Unnecessary safe call on a non-null receiver of type 'SearchViewModel'.
w: file:///app/app/src/main/java/com/nuvio/tv/ui/screens/account/AccountScreen.kt:351:45 'val Icons.Filled.Logout: ImageVector' is deprecated. Use the AutoMirrored version at Icons.AutoMirrored.Filled.Logout.
w: file:///app/app/src/main/java/com/nuvio/tv/ui/screens/account/AccountSettingsContent.kt:401:45 'val Icons.Filled.Logout: ImageVector' is deprecated. Use the AutoMirrored version at Icons.AutoMirrored.Filled.Logout.
w: file:///app/app/src/main/java/com/nuvio/tv/ui/screens/account/AccountViewModel.kt:67:5 This annotation is currently applied to the value parameter only, but in the future it will also be applied to field.
- To opt in to applying to both value parameter and field, add '-Xannotation-default-target=param-property' to your compiler arguments.
- To keep applying to the value parameter only, use the '@param:' annotation target.

See https://youtrack.jetbrains.com/issue/KT-73255 for more details.
w: file:///app/app/src/main/java/com/nuvio/tv/ui/screens/addon/AddonManagerScreen.kt:107:26 'val LocalLifecycleOwner: ProvidableCompositionLocal<LifecycleOwner>' is deprecated. Moved to lifecycle-runtime-compose library in androidx.lifecycle.compose package.
w: file:///app/app/src/main/java/com/nuvio/tv/ui/screens/addon/AddonManagerScreen.kt:593:45 'val Icons.Filled.ArrowForward: ImageVector' is deprecated. Use the AutoMirrored version at Icons.AutoMirrored.Filled.ArrowForward.
w: file:///app/app/src/main/java/com/nuvio/tv/ui/screens/addon/AddonManagerScreen.kt:654:45 'val Icons.Filled.ArrowForward: ImageVector' is deprecated. Use the AutoMirrored version at Icons.AutoMirrored.Filled.ArrowForward.
w: file:///app/app/src/main/java/com/nuvio/tv/ui/screens/addon/AddonManagerScreen.kt:1177:42 Elvis operator (?:) always returns the left operand of non-nullable type 'String'.
w: file:///app/app/src/main/java/com/nuvio/tv/ui/screens/addon/AddonManagerViewModel.kt:62:5 This annotation is currently applied to the value parameter only, but in the future it will also be applied to field.
- To opt in to applying to both value parameter and field, add '-Xannotation-default-target=param-property' to your compiler arguments.
- To keep applying to the value parameter only, use the '@param:' annotation target.

See https://youtrack.jetbrains.com/issue/KT-73255 for more details.
w: file:///app/app/src/main/java/com/nuvio/tv/ui/screens/collection/CollectionEditorFolderContent.kt:472:41 'fun Modifier.focusRestorer(onRestoreFailed: (() -> FocusRequester)?): Modifier' is deprecated. Use focusRestorer(FocusRequester) instead.
w: file:///app/app/src/main/java/com/nuvio/tv/ui/screens/collection/CollectionManagementViewModel.kt:41:5 This annotation is currently applied to the value parameter only, but in the future it will also be applied to field.
- To opt in to applying to both value parameter and field, add '-Xannotation-default-target=param-property' to your compiler arguments.
- To keep applying to the value parameter only, use the '@param:' annotation target.

See https://youtrack.jetbrains.com/issue/KT-73255 for more details.
w: file:///app/app/src/main/java/com/nuvio/tv/ui/screens/collection/CollectionManagementViewModel.kt:197:41 Unnecessary safe call on a non-null receiver of type 'ResponseBody'.
w: file:///app/app/src/main/java/com/nuvio/tv/ui/screens/collection/FolderDetailScreen.kt:279:22 'fun Modifier.focusRestorer(onRestoreFailed: (() -> FocusRequester)?): Modifier' is deprecated. Use focusRestorer(FocusRequester) instead.
w: file:///app/app/src/main/java/com/nuvio/tv/ui/screens/collection/FolderDetailScreen.kt:395:33 Condition is always 'true'.
w: file:///app/app/src/main/java/com/nuvio/tv/ui/screens/collection/FolderDetailScreen.kt:407:22 'fun Modifier.focusRestorer(onRestoreFailed: (() -> FocusRequester)?): Modifier' is deprecated. Use focusRestorer(FocusRequester) instead.
w: file:///app/app/src/main/java/com/nuvio/tv/ui/screens/collection/FolderDetailScreen.kt:445:21 Condition is always 'true'.
w: file:///app/app/src/main/java/com/nuvio/tv/ui/screens/collection/FolderDetailViewModel.kt:97:5 This annotation is currently applied to the value parameter only, but in the future it will also be applied to field.
- To opt in to applying to both value parameter and field, add '-Xannotation-default-target=param-property' to your compiler arguments.
- To keep applying to the value parameter only, use the '@param:' annotation target.

See https://youtrack.jetbrains.com/issue/KT-73255 for more details.
w: file:///app/app/src/main/java/com/nuvio/tv/ui/screens/collection/FolderDetailViewModel.kt:226:38 Unnecessary safe call on a non-null receiver of type 'Collection'.
w: file:///app/app/src/main/java/com/nuvio/tv/ui/screens/collection/FolderDetailViewModel.kt:252:49 Unnecessary safe call on a non-null receiver of type 'Collection'.
w: file:///app/app/src/main/java/com/nuvio/tv/ui/screens/collection/FolderDetailViewModel.kt:253:42 Unnecessary safe call on a non-null receiver of type 'Collection'.
w: file:///app/app/src/main/java/com/nuvio/tv/ui/screens/collection/FolderDetailViewModel.kt:455:78 Unnecessary safe call on a non-null receiver of type 'FolderTab'.
w: file:///app/app/src/main/java/com/nuvio/tv/ui/screens/collection/FolderDetailViewModel.kt:823:21 Condition is always 'true'.
w: file:///app/app/src/main/java/com/nuvio/tv/ui/screens/detail/CastSection.kt:137:18 'fun Modifier.focusRestorer(onRestoreFailed: (() -> FocusRequester)?): Modifier' is deprecated. Use focusRestorer(FocusRequester) instead.
w: file:///app/app/src/main/java/com/nuvio/tv/ui/screens/detail/CollectionSection.kt:88:18 'fun Modifier.focusRestorer(onRestoreFailed: (() -> FocusRequester)?): Modifier' is deprecated. Use focusRestorer(FocusRequester) instead.
w: file:///app/app/src/main/java/com/nuvio/tv/ui/screens/detail/EpisodesSection.kt:317:14 'fun Modifier.focusRestorer(onRestoreFailed: (() -> FocusRequester)?): Modifier' is deprecated. Use focusRestorer(FocusRequester) instead.
w: file:///app/app/src/main/java/com/nuvio/tv/ui/screens/detail/HeroSection.kt:828:17 'constructor(p0: String!, p1: String!): Locale' is deprecated. Deprecated in Java.
w: file:///app/app/src/main/java/com/nuvio/tv/ui/screens/detail/MetaDetailsScreen.kt:24:8 'interface BringIntoViewResponder : Any' is deprecated. Use BringIntoViewModifierNode instead.
w: file:///app/app/src/main/java/com/nuvio/tv/ui/screens/detail/MetaDetailsScreen.kt:863:18 'interface BringIntoViewResponder : Any' is deprecated. Use BringIntoViewModifierNode instead.
w: file:///app/app/src/main/java/com/nuvio/tv/ui/screens/detail/MetaDetailsScreen.kt:871:18 'interface BringIntoViewResponder : Any' is deprecated. Use BringIntoViewModifierNode instead.
w: file:///app/app/src/main/java/com/nuvio/tv/ui/screens/detail/MetaDetailsScreen.kt:1506:41 'fun Modifier.bringIntoViewResponder(responder: BringIntoViewResponder): Modifier' is deprecated. Use BringIntoViewModifierNode instead.
w: file:///app/app/src/main/java/com/nuvio/tv/ui/screens/detail/MetaDetailsScreen.kt:1558:45 'fun Modifier.bringIntoViewResponder(responder: BringIntoViewResponder): Modifier' is deprecated. Use BringIntoViewModifierNode instead.
w: file:///app/app/src/main/java/com/nuvio/tv/ui/screens/detail/MetaDetailsScreen.kt:1573:45 'fun Modifier.bringIntoViewResponder(responder: BringIntoViewResponder): Modifier' is deprecated. Use BringIntoViewModifierNode instead.
w: file:///app/app/src/main/java/com/nuvio/tv/ui/screens/detail/MetaDetailsViewModel.kt:70:5 This annotation is currently applied to the value parameter only, but in the future it will also be applied to field.
- To opt in to applying to both value parameter and field, add '-Xannotation-default-target=param-property' to your compiler arguments.
- To keep applying to the value parameter only, use the '@param:' annotation target.

See https://youtrack.jetbrains.com/issue/KT-73255 for more details.
w: file:///app/app/src/main/java/com/nuvio/tv/ui/screens/detail/MetaDetailsViewModel.kt:252:39 Condition is always 'true'.
w: file:///app/app/src/main/java/com/nuvio/tv/ui/screens/detail/MetaDetailsViewModel.kt:252:55 Condition is always 'true'.
w: file:///app/app/src/main/java/com/nuvio/tv/ui/screens/detail/MetaDetailsViewModel.kt:366:18 This declaration needs opt-in. Its usage should be marked with '@kotlinx.coroutines.ExperimentalCoroutinesApi' or '@OptIn(kotlinx.coroutines.ExperimentalCoroutinesApi::class)'
w: file:///app/app/src/main/java/com/nuvio/tv/ui/screens/detail/MetaDetailsViewModel.kt:377:18 This declaration needs opt-in. Its usage should be marked with '@kotlinx.coroutines.ExperimentalCoroutinesApi' or '@OptIn(kotlinx.coroutines.ExperimentalCoroutinesApi::class)'
w: file:///app/app/src/main/java/com/nuvio/tv/ui/screens/detail/MetaDetailsViewModel.kt:390:33 This declaration needs opt-in. Its usage should be marked with '@kotlinx.coroutines.ExperimentalCoroutinesApi' or '@OptIn(kotlinx.coroutines.ExperimentalCoroutinesApi::class)'
w: file:///app/app/src/main/java/com/nuvio/tv/ui/screens/detail/MetaDetailsViewModel.kt:434:33 This declaration needs opt-in. Its usage should be marked with '@kotlinx.coroutines.ExperimentalCoroutinesApi' or '@OptIn(kotlinx.coroutines.ExperimentalCoroutinesApi::class)'
w: file:///app/app/src/main/java/com/nuvio/tv/ui/screens/detail/MoreLikeThisSection.kt:80:18 'fun Modifier.focusRestorer(onRestoreFailed: (() -> FocusRequester)?): Modifier' is deprecated. Use focusRestorer(FocusRequester) instead.
w: file:///app/app/src/main/java/com/nuvio/tv/ui/screens/detail/TrailerSection.kt:119:18 'fun Modifier.focusRestorer(onRestoreFailed: (() -> FocusRequester)?): Modifier' is deprecated. Use focusRestorer(FocusRequester) instead.
w: file:///app/app/src/main/java/com/nuvio/tv/ui/screens/home/HomeScreen.kt:763:9 'fun Divider(modifier: Modifier = ..., thickness: Dp = ..., color: Color = ...): Unit' is deprecated. Renamed to HorizontalDivider.
w: file:///app/app/src/main/java/com/nuvio/tv/ui/screens/home/HomeViewModel.kt:57:5 This annotation is currently applied to the value parameter only, but in the future it will also be applied to field.
- To opt in to applying to both value parameter and field, add '-Xannotation-default-target=param-property' to your compiler arguments.
- To keep applying to the value parameter only, use the '@param:' annotation target.

See https://youtrack.jetbrains.com/issue/KT-73255 for more details.
w: file:///app/app/src/main/java/com/nuvio/tv/ui/screens/home/HomeViewModelContinueWatching.kt:2596:84 Unnecessary non-null assertion (!!) on a non-null receiver of type 'Long'.
w: file:///app/app/src/main/java/com/nuvio/tv/ui/screens/home/ModernHomeContent.kt:571:57 Unnecessary safe call on a non-null receiver of type 'ModernCarouselItem'.
w: file:///app/app/src/main/java/com/nuvio/tv/ui/screens/home/ModernHomeContent.kt:573:50 Unnecessary safe call on a non-null receiver of type 'ModernCarouselItem'.
w: file:///app/app/src/main/java/com/nuvio/tv/ui/screens/home/ModernHomeContent.kt:574:53 Unnecessary safe call on a non-null receiver of type 'ModernCarouselItem'.
w: file:///app/app/src/main/java/com/nuvio/tv/ui/screens/home/ModernHomeContent.kt:583:50 Unnecessary safe call on a non-null receiver of type 'ModernCarouselItem'.
w: file:///app/app/src/main/java/com/nuvio/tv/ui/screens/home/ModernHomeContent.kt:584:59 Unnecessary safe call on a non-null receiver of type 'ModernCarouselItem'.
w: file:///app/app/src/main/java/com/nuvio/tv/ui/screens/home/ModernHomeContent.kt:585:55 Unnecessary safe call on a non-null receiver of type 'ModernCarouselItem'.
w: file:///app/app/src/main/java/com/nuvio/tv/ui/screens/home/ModernHomeContent.kt:687:54 Unnecessary non-null assertion (!!) on a non-null receiver of type 'String'.
w: file:///app/app/src/main/java/com/nuvio/tv/ui/screens/home/ModernHomeContent.kt:878:22 'fun Modifier.focusRestorer(onRestoreFailed: (() -> FocusRequester)?): Modifier' is deprecated. Use focusRestorer(FocusRequester) instead.
w: file:///app/app/src/main/java/com/nuvio/tv/ui/screens/home/ModernHomeRows.kt:983:25 No cast needed.
w: file:///app/app/src/main/java/com/nuvio/tv/ui/screens/library/LibraryViewModel.kt:116:5 This annotation is currently applied to the value parameter only, but in the future it will also be applied to field.
- To opt in to applying to both value parameter and field, add '-Xannotation-default-target=param-property' to your compiler arguments.
- To keep applying to the value parameter only, use the '@param:' annotation target.

See https://youtrack.jetbrains.com/issue/KT-73255 for more details.
w: file:///app/app/src/main/java/com/nuvio/tv/ui/screens/player/PauseOverlay.kt:298:45 'val Icons.Filled.ArrowBack: ImageVector' is deprecated. Use the AutoMirrored version at Icons.AutoMirrored.Filled.ArrowBack.
w: file:///app/app/src/main/java/com/nuvio/tv/ui/screens/player/PauseOverlay.kt:343:93 Elvis operator (?:) always returns the left operand of non-nullable type 'String'.
w: file:///app/app/src/main/java/com/nuvio/tv/ui/screens/player/PlayerAspectScaleUtils.kt:12:23 This annotation is currently applied to the value parameter only, but in the future it will also be applied to field.
- To opt in to applying to both value parameter and field, add '-Xannotation-default-target=param-property' to your compiler arguments.
- To keep applying to the value parameter only, use the '@param:' annotation target.

See https://youtrack.jetbrains.com/issue/KT-73255 for more details.
w: file:///app/app/src/main/java/com/nuvio/tv/ui/screens/player/PlayerPlaybackNetworking.kt:51:12 Annotation 'androidx.media3.common.util.UnstableApi' is not annotated with '@RequiresOptIn'. '@OptIn' has no effect.
w: file:///app/app/src/main/java/com/nuvio/tv/ui/screens/player/PlayerPlaybackNetworking.kt:59:12 Annotation 'androidx.media3.common.util.UnstableApi' is not annotated with '@RequiresOptIn'. '@OptIn' has no effect.
w: file:///app/app/src/main/java/com/nuvio/tv/ui/screens/player/PlayerRuntimeControllerInitialization.kt:604:52 'field locale: Locale!' is deprecated. Deprecated in Java.
w: file:///app/app/src/main/java/com/nuvio/tv/ui/screens/player/PlayerRuntimeControllerInitialization.kt:897:18 'fun onCues(p0: (Mutable)List<Cue>): Unit' is deprecated. Deprecated in Java.
w: file:///app/app/src/main/java/com/nuvio/tv/ui/screens/player/PlayerRuntimeControllerObservers.kt:419:8 Annotation 'androidx.media3.common.util.UnstableApi' is not annotated with '@RequiresOptIn'. '@OptIn' has no effect.
w: file:///app/app/src/main/java/com/nuvio/tv/ui/screens/player/PlayerRuntimeControllerPlaybackEvents.kt:274:38 Elvis operator (?:) always returns the left operand of non-nullable type 'Int'.
w: file:///app/app/src/main/java/com/nuvio/tv/ui/screens/player/PlayerRuntimeControllerPlaybackEvents.kt:275:39 Elvis operator (?:) always returns the left operand of non-nullable type 'Int'.
w: file:///app/app/src/main/java/com/nuvio/tv/ui/screens/player/PlayerRuntimeControllerStreams.kt:317:83 Unnecessary safe call on a non-null receiver of type 'String'.
w: file:///app/app/src/main/java/com/nuvio/tv/ui/screens/player/PlayerRuntimeControllerStreams.kt:339:83 Unnecessary safe call on a non-null receiver of type 'String'.
w: file:///app/app/src/main/java/com/nuvio/tv/ui/screens/player/PlayerRuntimeControllerStreams.kt:1076:69 Unnecessary non-null assertion (!!) on a non-null receiver of type 'List<AddonStreams>'.
w: file:///app/app/src/main/java/com/nuvio/tv/ui/screens/player/PlayerRuntimeControllerSubtitleTiming.kt:202:37 Unnecessary safe call on a non-null receiver of type 'ResponseBody'.
w: file:///app/app/src/main/java/com/nuvio/tv/ui/screens/player/PlayerRuntimeControllerTracks.kt:1272:40 Unnecessary non-null assertion (!!) on a non-null receiver of type 'Subtitle'.
w: file:///app/app/src/main/java/com/nuvio/tv/ui/screens/player/PlayerScreen.kt:137:26 'val LocalLifecycleOwner: ProvidableCompositionLocal<LifecycleOwner>' is deprecated. Moved to lifecycle-runtime-compose library in androidx.lifecycle.compose package.
w: file:///app/app/src/main/java/com/nuvio/tv/ui/screens/player/PlayerViewModel.kt:32:5 This annotation is currently applied to the value parameter only, but in the future it will also be applied to field.
- To opt in to applying to both value parameter and field, add '-Xannotation-default-target=param-property' to your compiler arguments.
- To keep applying to the value parameter only, use the '@param:' annotation target.

See https://youtrack.jetbrains.com/issue/KT-73255 for more details.
w: file:///app/app/src/main/java/com/nuvio/tv/ui/screens/player/StreamComponents.kt:255:14 'fun Modifier.focusRestorer(onRestoreFailed: (() -> FocusRequester)?): Modifier' is deprecated. Use focusRestorer(FocusRequester) instead.
w: file:///app/app/src/main/java/com/nuvio/tv/ui/screens/player/StreamSourcesSidePanel.kt:177:59 Elvis operator (?:) always returns the left operand of non-nullable type 'String'.
w: file:///app/app/src/main/java/com/nuvio/tv/ui/screens/plugin/PluginScreen.kt:285:38 Unnecessary safe call on a non-null receiver of type 'PendingRepoChangeInfo'.
w: file:///app/app/src/main/java/com/nuvio/tv/ui/screens/plugin/PluginScreen.kt:297:41 Unnecessary safe call on a non-null receiver of type 'PendingScraperEnableInfo'.
w: file:///app/app/src/main/java/com/nuvio/tv/ui/screens/plugin/PluginViewModel.kt:28:5 This annotation is currently applied to the value parameter only, but in the future it will also be applied to field.
- To opt in to applying to both value parameter and field, add '-Xannotation-default-target=param-property' to your compiler arguments.
- To keep applying to the value parameter only, use the '@param:' annotation target.

See https://youtrack.jetbrains.com/issue/KT-73255 for more details.
w: file:///app/app/src/main/java/com/nuvio/tv/ui/screens/search/SearchDiscoverSection.kt:548:14 'fun Modifier.focusRestorer(onRestoreFailed: (() -> FocusRequester)?): Modifier' is deprecated. Use focusRestorer(FocusRequester) instead.
w: file:///app/app/src/main/java/com/nuvio/tv/ui/screens/search/SearchViewModel.kt:46:5 This annotation is currently applied to the value parameter only, but in the future it will also be applied to field.
- To opt in to applying to both value parameter and field, add '-Xannotation-default-target=param-property' to your compiler arguments.
- To keep applying to the value parameter only, use the '@param:' annotation target.

See https://youtrack.jetbrains.com/issue/KT-73255 for more details.
w: file:///app/app/src/main/java/com/nuvio/tv/ui/screens/search/SearchViewModel.kt:440:74 Elvis operator (?:) always returns the left operand of non-nullable type 'String'.
w: file:///app/app/src/main/java/com/nuvio/tv/ui/screens/settings/AboutScreen.kt:125:54 'val Icons.Filled.OpenInNew: ImageVector' is deprecated. Use the AutoMirrored version at Icons.AutoMirrored.Filled.OpenInNew.
w: file:///app/app/src/main/java/com/nuvio/tv/ui/screens/settings/AboutScreen.kt:140:50 'val Icons.Filled.OpenInNew: ImageVector' is deprecated. Use the AutoMirrored version at Icons.AutoMirrored.Filled.OpenInNew.
w: file:///app/app/src/main/java/com/nuvio/tv/ui/screens/settings/DebugSettingsViewModel.kt:28:5 This annotation is currently applied to the value parameter only, but in the future it will also be applied to field.
- To opt in to applying to both value parameter and field, add '-Xannotation-default-target=param-property' to your compiler arguments.
- To keep applying to the value parameter only, use the '@param:' annotation target.

See https://youtrack.jetbrains.com/issue/KT-73255 for more details.
w: file:///app/app/src/main/java/com/nuvio/tv/ui/screens/settings/PlaybackAudioSettings.kt:222:34 'val Icons.Filled.VolumeUp: ImageVector' is deprecated. Use the AutoMirrored version at Icons.AutoMirrored.Filled.VolumeUp.
w: file:///app/app/src/main/java/com/nuvio/tv/ui/screens/settings/PlaybackSettingsSections.kt:179:13 No cast needed.
w: file:///app/app/src/main/java/com/nuvio/tv/ui/screens/settings/TraktViewModel.kt:70:5 This annotation is currently applied to the value parameter only, but in the future it will also be applied to field.
- To opt in to applying to both value parameter and field, add '-Xannotation-default-target=param-property' to your compiler arguments.
- To keep applying to the value parameter only, use the '@param:' annotation target.

See https://youtrack.jetbrains.com/issue/KT-73255 for more details.
w: file:///app/app/src/main/java/com/nuvio/tv/ui/screens/stream/StreamScreen.kt:118:26 'val LocalLifecycleOwner: ProvidableCompositionLocal<LifecycleOwner>' is deprecated. Moved to lifecycle-runtime-compose library in androidx.lifecycle.compose package.
w: file:///app/app/src/main/java/com/nuvio/tv/ui/screens/stream/StreamScreenViewModel.kt:48:5 This annotation is currently applied to the value parameter only, but in the future it will also be applied to field.
- To opt in to applying to both value parameter and field, add '-Xannotation-default-target=param-property' to your compiler arguments.
- To keep applying to the value parameter only, use the '@param:' annotation target.

See https://youtrack.jetbrains.com/issue/KT-73255 for more details.
w: file:///app/app/src/main/java/com/nuvio/tv/ui/screens/stream/StreamScreenViewModel.kt:438:45 Unnecessary non-null assertion (!!) on a non-null receiver of type 'List<AddonStreams>'.

BUILD SUCCESSFUL in 3m 19s
18 actionable tasks: 1 executed, 17 up-to-date
